#-----------------------------------------------------------
# Vivado v2023.2 (64-bit)
# SW Build 4029153 on Fri Oct 13 20:14:34 MDT 2023
# IP Build 4028589 on Sat Oct 14 00:45:43 MDT 2023
# SharedData Build 4025554 on Tue Oct 10 17:18:54 MDT 2023
# Start of session at: Thu Jun  4 00:29:05 2026
# Process ID: 36292
# Current directory: C:/Users/srira/OneDrive/Documents/Resume/nvida asic/Team_17_FPGA_Imple/FINAL_TEST2
# Command line: vivado.exe -gui_launcher_event rodinguilauncherevent7556 C:\Users\srira\OneDrive\Documents\Resume\nvida asic\Team_17_FPGA_Imple\FINAL_TEST2\FINAL_TEST2.xpr
# Log file: C:/Users/srira/OneDrive/Documents/Resume/nvida asic/Team_17_FPGA_Imple/FINAL_TEST2/vivado.log
# Journal file: C:/Users/srira/OneDrive/Documents/Resume/nvida asic/Team_17_FPGA_Imple/FINAL_TEST2\vivado.jou
# Running On: asus, OS: Windows, CPU Frequency: 3294 MHz, CPU Physical cores: 16, Host memory: 16542 MB
#-----------------------------------------------------------
start_gui
WARNING: [Board 49-26] cannot add Board Part xilinx.com:kc705:part0:1.6 available at C:/Xilinx/Vivado/2023.2/data/xhub/boards/XilinxBoardStore/boards/Xilinx/kc705/1.6/board.xml as part xc7k325tffg900-2 specified in board_part file is either invalid or not available
WARNING: [Board 49-26] cannot add Board Part xilinx.com:kcu105:part0:1.6 available at C:/Xilinx/Vivado/2023.2/data/xhub/boards/XilinxBoardStore/boards/Xilinx/kcu105/1.6/board.xml as part xcku040-ffva1156-2-e specified in board_part file is either invalid or not available
WARNING: [Board 49-26] cannot add Board Part xilinx.com:kcu105:part0:1.7 available at C:/Xilinx/Vivado/2023.2/data/xhub/boards/XilinxBoardStore/boards/Xilinx/kcu105/1.7/board.xml as part xcku040-ffva1156-2-e specified in board_part file is either invalid or not available
WARNING: [Board 49-26] cannot add Board Part xilinx.com:kcu1500:part0:1.2 available at C:/Xilinx/Vivado/2023.2/data/xhub/boards/XilinxBoardStore/boards/Xilinx/kcu1500/1.2/board.xml as part xcku115-flvb2104-2-e specified in board_part file is either invalid or not available
WARNING: [Board 49-26] cannot add Board Part xilinx.com:vc707:part0:1.4 available at C:/Xilinx/Vivado/2023.2/data/xhub/boards/XilinxBoardStore/boards/Xilinx/vc707/1.4/board.xml as part xc7vx485tffg1761-2 specified in board_part file is either invalid or not available
WARNING: [Board 49-26] cannot add Board Part xilinx.com:vc709:part0:1.8 available at C:/Xilinx/Vivado/2023.2/data/xhub/boards/XilinxBoardStore/boards/Xilinx/vc709/1.8/board.xml as part xc7vx690tffg1761-2 specified in board_part file is either invalid or not available
WARNING: [Board 49-26] cannot add Board Part xilinx.com:vck190:part0:2.2 available at C:/Xilinx/Vivado/2023.2/data/xhub/boards/XilinxBoardStore/boards/Xilinx/vck190/production/2.2/board.xml as part xcvc1902-vsva2197-2mp-e-s specified in board_part file is either invalid or not available
WARNING: [Board 49-26] cannot add Board Part xilinx.com:vck190:part0:3.0 available at C:/Xilinx/Vivado/2023.2/data/xhub/boards/XilinxBoardStore/boards/Xilinx/vck190/production/3.0/board.xml as part xcvc1902-vsva2197-2mp-e-s specified in board_part file is either invalid or not available
WARNING: [Board 49-26] cannot add Board Part xilinx.com:vck190:part0:3.1 available at C:/Xilinx/Vivado/2023.2/data/xhub/boards/XilinxBoardStore/boards/Xilinx/vck190/production/3.1/board.xml as part xcvc1902-vsva2197-2mp-e-s specified in board_part file is either invalid or not available
WARNING: [Board 49-26] cannot add Board Part xilinx.com:vck190:part0:3.2 available at C:/Xilinx/Vivado/2023.2/data/xhub/boards/XilinxBoardStore/boards/Xilinx/vck190/production/3.2/board.xml as part xcvc1902-vsva2197-2mp-e-s specified in board_part file is either invalid or not available
WARNING: [Board 49-26] cannot add Board Part xilinx.com:vck190_newl:part0:1.0 available at C:/Xilinx/Vivado/2023.2/data/xhub/boards/XilinxBoardStore/boards/Xilinx/vck190_newl/production/1.0/board.xml as part xcvc1902-vsva2197-2mp-e-s specified in board_part file is either invalid or not available
WARNING: [Board 49-26] cannot add Board Part xilinx.com:vck190_newl:part0:1.1 available at C:/Xilinx/Vivado/2023.2/data/xhub/boards/XilinxBoardStore/boards/Xilinx/vck190_newl/production/1.1/board.xml as part xcvc1902-vsva2197-2mp-e-s specified in board_part file is either invalid or not available
WARNING: [Board 49-26] cannot add Board Part xilinx.com:vcu108:part0:1.6 available at C:/Xilinx/Vivado/2023.2/data/xhub/boards/XilinxBoardStore/boards/Xilinx/vcu108/1.6/board.xml as part xcvu095-ffva2104-2-e specified in board_part file is either invalid or not available
WARNING: [Board 49-26] cannot add Board Part xilinx.com:vcu108:part0:1.7 available at C:/Xilinx/Vivado/2023.2/data/xhub/boards/XilinxBoardStore/boards/Xilinx/vcu108/1.7/board.xml as part xcvu095-ffva2104-2-e specified in board_part file is either invalid or not available
WARNING: [Board 49-26] cannot add Board Part xilinx.com:vcu110:part0:1.4 available at C:/Xilinx/Vivado/2023.2/data/xhub/boards/XilinxBoardStore/boards/Xilinx/vcu110/1.4/board.xml as part xcvu190-flgc2104-2-e specified in board_part file is either invalid or not available
WARNING: [Board 49-26] cannot add Board Part xilinx.com:vcu118:part0:2.0 available at C:/Xilinx/Vivado/2023.2/data/xhub/boards/XilinxBoardStore/boards/Xilinx/vcu118/2.0/board.xml as part xcvu9p-flga2104-2l-e specified in board_part file is either invalid or not available
WARNING: [Board 49-26] cannot add Board Part xilinx.com:vcu118:part0:2.3 available at C:/Xilinx/Vivado/2023.2/data/xhub/boards/XilinxBoardStore/boards/Xilinx/vcu118/2.3/board.xml as part xcvu9p-flga2104-2l-e specified in board_part file is either invalid or not available
WARNING: [Board 49-26] cannot add Board Part xilinx.com:vcu118:part0:2.4 available at C:/Xilinx/Vivado/2023.2/data/xhub/boards/XilinxBoardStore/boards/Xilinx/vcu118/2.4/board.xml as part xcvu9p-flga2104-2l-e specified in board_part file is either invalid or not available
WARNING: [Board 49-26] cannot add Board Part xilinx.com:vcu129:part0:1.0 available at C:/Xilinx/Vivado/2023.2/data/xhub/boards/XilinxBoardStore/boards/Xilinx/vcu129/production/1.0/board.xml as part xcvu29p-fsga2577-2l-e specified in board_part file is either invalid or not available
WARNING: [Board 49-26] cannot add Board Part xilinx.com:vcu1525:part0:1.3 available at C:/Xilinx/Vivado/2023.2/data/xhub/boards/XilinxBoardStore/boards/Xilinx/vcu1525/1.3/board.xml as part xcvu9p-fsgd2104-2l-e specified in board_part file is either invalid or not available
WARNING: [Board 49-26] cannot add Board Part xilinx.com:vek280:part0:1.0 available at C:/Xilinx/Vivado/2023.2/data/xhub/boards/XilinxBoardStore/boards/Xilinx/vek280/production/1.0/board.xml as part xcve2802-vsvh1760-2mp-e-s specified in board_part file is either invalid or not available
WARNING: [Board 49-26] cannot add Board Part xilinx.com:vek280_es:part0:1.0 available at C:/Xilinx/Vivado/2023.2/data/xhub/boards/XilinxBoardStore/boards/Xilinx/vek280/es/rev_a/1.0/board.xml as part xcve2802-vsvh1760-2lp-e-s-es1 specified in board_part file is either invalid or not available
WARNING: [Board 49-26] cannot add Board Part xilinx.com:vek280_es:part0:1.1 available at C:/Xilinx/Vivado/2023.2/data/xhub/boards/XilinxBoardStore/boards/Xilinx/vek280/es/rev_a/1.1/board.xml as part xcve2802-vsvh1760-2lp-e-s-es1 specified in board_part file is either invalid or not available
WARNING: [Board 49-26] cannot add Board Part xilinx.com:vek280_es_revb:part0:1.0 available at C:/Xilinx/Vivado/2023.2/data/xhub/boards/XilinxBoardStore/boards/Xilinx/vek280/es/rev_b/1.0/board.xml as part xcve2802-vsvh1760-2mp-e-s-es1 specified in board_part file is either invalid or not available
WARNING: [Board 49-26] cannot add Board Part xilinx.com:vek280_es_revb:part0:1.1 available at C:/Xilinx/Vivado/2023.2/data/xhub/boards/XilinxBoardStore/boards/Xilinx/vek280/es/rev_b/1.1/board.xml as part xcve2802-vsvh1760-2mp-e-s-es1 specified in board_part file is either invalid or not available
WARNING: [Board 49-26] cannot add Board Part xilinx.com:vermeo_t1_mpsoc:part0:1.0 available at C:/Xilinx/Vivado/2023.2/data/xhub/boards/XilinxBoardStore/boards/Xilinx/vermeo_t1_mpsoc/1.0/board.xml as part xczu19eg-ffvd1760-2l-e specified in board_part file is either invalid or not available
WARNING: [Board 49-26] cannot add Board Part xilinx.com:vermeo_t1_rfsoc:part0:1.0 available at C:/Xilinx/Vivado/2023.2/data/xhub/boards/XilinxBoardStore/boards/Xilinx/vermeo_t1_rfsoc/1.0/board.xml as part xczu21dr-ffvd1156-2l-e specified in board_part file is either invalid or not available
WARNING: [Board 49-26] cannot add Board Part xilinx.com:vhk158:part0:1.0 available at C:/Xilinx/Vivado/2023.2/data/xhub/boards/XilinxBoardStore/boards/Xilinx/vhk158/production/1.0/board.xml as part xcvh1582-vsva3697-2mp-e-s specified in board_part file is either invalid or not available
WARNING: [Board 49-26] cannot add Board Part xilinx.com:vhk158:part0:1.1 available at C:/Xilinx/Vivado/2023.2/data/xhub/boards/XilinxBoardStore/boards/Xilinx/vhk158/production/1.1/board.xml as part xcvh1582-vsva3697-2mp-e-s specified in board_part file is either invalid or not available
WARNING: [Board 49-26] cannot add Board Part xilinx.com:vhk158_es:part0:1.0 available at C:/Xilinx/Vivado/2023.2/data/xhub/boards/XilinxBoardStore/boards/Xilinx/vhk158/es/1.0/board.xml as part xcvh1582-vsva3697-2mp-e-s-es1 specified in board_part file is either invalid or not available
WARNING: [Board 49-26] cannot add Board Part xilinx.com:vhk158_es:part0:1.1 available at C:/Xilinx/Vivado/2023.2/data/xhub/boards/XilinxBoardStore/boards/Xilinx/vhk158/es/1.1/board.xml as part xcvh1582-vsva3697-2mp-e-s-es1 specified in board_part file is either invalid or not available
WARNING: [Board 49-26] cannot add Board Part xilinx.com:vmk180:part0:2.2 available at C:/Xilinx/Vivado/2023.2/data/xhub/boards/XilinxBoardStore/boards/Xilinx/vmk180/production/2.2/board.xml as part xcvm1802-vsva2197-2mp-e-s specified in board_part file is either invalid or not available
WARNING: [Board 49-26] cannot add Board Part xilinx.com:vmk180:part0:3.0 available at C:/Xilinx/Vivado/2023.2/data/xhub/boards/XilinxBoardStore/boards/Xilinx/vmk180/production/3.0/board.xml as part xcvm1802-vsva2197-2mp-e-s specified in board_part file is either invalid or not available
WARNING: [Board 49-26] cannot add Board Part xilinx.com:vmk180:part0:3.1 available at C:/Xilinx/Vivado/2023.2/data/xhub/boards/XilinxBoardStore/boards/Xilinx/vmk180/production/3.1/board.xml as part xcvm1802-vsva2197-2mp-e-s specified in board_part file is either invalid or not available
WARNING: [Board 49-26] cannot add Board Part xilinx.com:vmk180:part0:3.2 available at C:/Xilinx/Vivado/2023.2/data/xhub/boards/XilinxBoardStore/boards/Xilinx/vmk180/production/3.2/board.xml as part xcvm1802-vsva2197-2mp-e-s specified in board_part file is either invalid or not available
WARNING: [Board 49-26] cannot add Board Part xilinx.com:vmk180_newl:part0:1.0 available at C:/Xilinx/Vivado/2023.2/data/xhub/boards/XilinxBoardStore/boards/Xilinx/vmk180_newl/production/1.0/board.xml as part xcvm1802-vsva2197-2mp-e-s specified in board_part file is either invalid or not available
WARNING: [Board 49-26] cannot add Board Part xilinx.com:vmk180_newl:part0:1.1 available at C:/Xilinx/Vivado/2023.2/data/xhub/boards/XilinxBoardStore/boards/Xilinx/vmk180_newl/production/1.1/board.xml as part xcvm1802-vsva2197-2mp-e-s specified in board_part file is either invalid or not available
WARNING: [Board 49-26] cannot add Board Part xilinx.com:vpk120:part0:1.0 available at C:/Xilinx/Vivado/2023.2/data/xhub/boards/XilinxBoardStore/boards/Xilinx/vpk120/production/1.0/board.xml as part xcvp1202-vsva2785-2mp-e-s specified in board_part file is either invalid or not available
WARNING: [Board 49-26] cannot add Board Part xilinx.com:vpk120:part0:1.1 available at C:/Xilinx/Vivado/2023.2/data/xhub/boards/XilinxBoardStore/boards/Xilinx/vpk120/production/1.1/board.xml as part xcvp1202-vsva2785-2mp-e-s specified in board_part file is either invalid or not available
WARNING: [Board 49-26] cannot add Board Part xilinx.com:vpk120:part0:1.2 available at C:/Xilinx/Vivado/2023.2/data/xhub/boards/XilinxBoardStore/boards/Xilinx/vpk120/production/1.2/board.xml as part xcvp1202-vsva2785-2mp-e-s specified in board_part file is either invalid or not available
WARNING: [Board 49-26] cannot add Board Part xilinx.com:vpk180:part0:1.0 available at C:/Xilinx/Vivado/2023.2/data/xhub/boards/XilinxBoardStore/boards/Xilinx/vpk180/production/1.0/board.xml as part xcvp1802-lsvc4072-2mp-e-s specified in board_part file is either invalid or not available
WARNING: [Board 49-26] cannot add Board Part xilinx.com:vpk180:part0:1.1 available at C:/Xilinx/Vivado/2023.2/data/xhub/boards/XilinxBoardStore/boards/Xilinx/vpk180/production/1.1/board.xml as part xcvp1802-lsvc4072-2mp-e-s specified in board_part file is either invalid or not available
WARNING: [Board 49-26] cannot add Board Part xilinx.com:zc706:part0:1.4 available at C:/Xilinx/Vivado/2023.2/data/xhub/boards/XilinxBoardStore/boards/Xilinx/zc706/1.4/board.xml as part xc7z045ffg900-2 specified in board_part file is either invalid or not available
WARNING: [Board 49-26] cannot add Board Part xilinx.com:zcu102:part0:3.3 available at C:/Xilinx/Vivado/2023.2/data/xhub/boards/XilinxBoardStore/boards/Xilinx/zcu102/3.3/board.xml as part xczu9eg-ffvb1156-2-e specified in board_part file is either invalid or not available
WARNING: [Board 49-26] cannot add Board Part xilinx.com:zcu102:part0:3.4 available at C:/Xilinx/Vivado/2023.2/data/xhub/boards/XilinxBoardStore/boards/Xilinx/zcu102/3.4/board.xml as part xczu9eg-ffvb1156-2-e specified in board_part file is either invalid or not available
WARNING: [Board 49-26] cannot add Board Part xilinx.com:zcu111:part0:1.2 available at C:/Xilinx/Vivado/2023.2/data/xhub/boards/XilinxBoardStore/boards/Xilinx/zcu111/1.2/board.xml as part xczu28dr-ffvg1517-2-e specified in board_part file is either invalid or not available
WARNING: [Board 49-26] cannot add Board Part xilinx.com:zcu111:part0:1.3 available at C:/Xilinx/Vivado/2023.2/data/xhub/boards/XilinxBoardStore/boards/Xilinx/zcu111/1.3/board.xml as part xczu28dr-ffvg1517-2-e specified in board_part file is either invalid or not available
WARNING: [Board 49-26] cannot add Board Part xilinx.com:zcu111:part0:1.4 available at C:/Xilinx/Vivado/2023.2/data/xhub/boards/XilinxBoardStore/boards/Xilinx/zcu111/1.4/board.xml as part xczu28dr-ffvg1517-2-e specified in board_part file is either invalid or not available
WARNING: [Board 49-26] cannot add Board Part xilinx.com:zcu1275:part0:1.0 available at C:/Xilinx/Vivado/2023.2/data/xhub/boards/XilinxBoardStore/boards/Xilinx/zcu1275/1.0/board.xml as part xczu29dr-ffvf1760-2-e specified in board_part file is either invalid or not available
WARNING: [Board 49-26] cannot add Board Part xilinx.com:zcu1285:part0:1.0 available at C:/Xilinx/Vivado/2023.2/data/xhub/boards/XilinxBoardStore/boards/Xilinx/zcu1285/1.0/board.xml as part xczu39dr-ffvf1760-2-i specified in board_part file is either invalid or not available
WARNING: [Board 49-26] cannot add Board Part xilinx.com:zcu208:part0:2.0 available at C:/Xilinx/Vivado/2023.2/data/xhub/boards/XilinxBoardStore/boards/Xilinx/zcu208/production/2.0/board.xml as part xczu48dr-fsvg1517-2-e specified in board_part file is either invalid or not available
WARNING: [Board 49-26] cannot add Board Part xilinx.com:zcu208ld:part0:2.0 available at C:/Xilinx/Vivado/2023.2/data/xhub/boards/XilinxBoardStore/boards/Xilinx/zcu208ld/production/2.0/board.xml as part xczu58dr-fsvg1517-2-i specified in board_part file is either invalid or not available
WARNING: [Board 49-26] cannot add Board Part xilinx.com:zcu216:part0:2.0 available at C:/Xilinx/Vivado/2023.2/data/xhub/boards/XilinxBoardStore/boards/Xilinx/zcu216/production/2.0/board.xml as part xczu49dr-ffvf1760-2-e specified in board_part file is either invalid or not available
WARNING: [Board 49-26] cannot add Board Part xilinx.com:zcu216ld:part0:2.0 available at C:/Xilinx/Vivado/2023.2/data/xhub/boards/XilinxBoardStore/boards/Xilinx/zcu216ld/production/2.0/board.xml as part xczu59dr-ffvf1760-2-i specified in board_part file is either invalid or not available
WARNING: [Board 49-26] cannot add Board Part xilinx.com:zcu670:part0:2.0 available at C:/Xilinx/Vivado/2023.2/data/xhub/boards/XilinxBoardStore/boards/Xilinx/zcu670/2.0/board.xml as part xczu67dr-fsve1156-2-i specified in board_part file is either invalid or not available
WARNING: [Board 49-26] cannot add Board Part xilinx.com:zcu670ld:part0:1.0 available at C:/Xilinx/Vivado/2023.2/data/xhub/boards/XilinxBoardStore/boards/Xilinx/zcu670ld/1.0/board.xml as part xczu57dr-fsve1156-2-i specified in board_part file is either invalid or not available
oexit
INFO: [Common 17-206] Exiting Vivado at Thu Jun  4 00:31:44 2026...
ic/Team_17_FPGA_Imple/FINAL_TEST2/FINAL_TEST2.xpr}
INFO: [ProjectBase 1-489] The host OS only allows 260 characters in a normal path. The project is stored in a path with more than 80 characters. If you experience issues with IP, Block Designs, or files not being found, please consider moving the project to a location with a shorter path. Alternately consider using the OS subst command to map part of the path to a drive letter.
Current project path is 'C:/Users/srira/OneDrive/Documents/Resume/nvida asic/Team_17_FPGA_Imple/FINAL_TEST2'
INFO: [Project 1-313] Project file moved from 'D:/IIT BOMBAY/SEM 2/DESIGN LAB/COURSE PRPJECT/FINAL_TEST2/syn_ready_with_ila/FINAL_TEST2' since last save.
Scanning sources...
Finished scanning sources
INFO: [Project 1-1877] Auto incremental dir location 'C:/Users/jaswa/PD/VLSI_RISC_V_IM/VLSI_RISC_V_IM.srcs/utils_1/imports/synth_1' of run 'synth_1' is not writable, setting it to default location 'C:/Users/srira/OneDrive/Documents/Resume/nvida asic/Team_17_FPGA_Imple/FINAL_TEST2/FINAL_TEST2.srcs/utils_1/imports/synth_1'.
INFO: [Project 1-1877] Auto incremental dir location 'C:/Users/jaswa/PD/VLSI_RISC_V_IM/VLSI_RISC_V_IM.srcs/utils_1/imports/impl_1' of run 'impl_1' is not writable, setting it to default location 'C:/Users/srira/OneDrive/Documents/Resume/nvida asic/Team_17_FPGA_Imple/FINAL_TEST2/FINAL_TEST2.srcs/utils_1/imports/impl_1'.
INFO: [IP_Flow 19-234] Refreshing IP repositories
INFO: [IP_Flow 19-1704] No user IP repositories specified
INFO: [IP_Flow 19-2313] Loaded Vivado IP repository 'C:/Xilinx/Vivado/2023.2/data/ip'.
WARNING: [BD 41-1663] The design 'RiscV_BD.bd' cannot be modified due to following reason(s):
* Project is read-only. Please run 'save_project_as' before making any change to the bd-design. 

WARNING: [BD 41-1661] One or more IPs have been locked in the design 'RiscV_BD.bd'. Please run report_ip_status for more details and recommendations on how to fix this issue.
List of locked IPs:
RiscV_BD_ila_0_0

WARNING: [Project 1-229] Project 'FINAL_TEST2.xpr' is read-only and therefore could not be upgraded for this version of Vivado.  Use 'File | Save Project As...' if you wish to save an upgraded copy.
open_project: Time (s): cpu = 00:00:17 ; elapsed = 00:00:09 . Memory (MB): peak = 1358.598 ; gain = 105.762
update_compile_order -fileset sources_1
WARNING: [IP_Flow 19-4318] IP-XACT file does not exist: c:/Users/srira/OneDrive/Documents/Resume/nvida asic/Team_17_FPGA_Imple/FINAL_TEST2/FINAL_TEST2.gen/sources_1/bd/mref/Write_back_Mux/component.xml. It will be created.
WARNING: [IP_Flow 19-4318] IP-XACT file does not exist: c:/Users/srira/OneDrive/Documents/Resume/nvida asic/Team_17_FPGA_Imple/FINAL_TEST2/FINAL_TEST2.gen/sources_1/bd/mref/data_mem/component.xml. It will be created.
WARNING: [IP_Flow 19-4318] IP-XACT file does not exist: c:/Users/srira/OneDrive/Documents/Resume/nvida asic/Team_17_FPGA_Imple/FINAL_TEST2/FINAL_TEST2.gen/sources_1/bd/mref/instr_mem/component.xml. It will be created.
WARNING: [IP_Flow 19-4318] IP-XACT file does not exist: c:/Users/srira/OneDrive/Documents/Resume/nvida asic/Team_17_FPGA_Imple/FINAL_TEST2/FINAL_TEST2.gen/sources_1/bd/mref/Q16_16_Mult/component.xml. It will be created.
WARNING: [IP_Flow 19-4318] IP-XACT file does not exist: c:/Users/srira/OneDrive/Documents/Resume/nvida asic/Team_17_FPGA_Imple/FINAL_TEST2/FINAL_TEST2.gen/sources_1/bd/mref/or_gate/component.xml. It will be created.
WARNING: [IP_Flow 19-4318] IP-XACT file does not exist: c:/Users/srira/OneDrive/Documents/Resume/nvida asic/Team_17_FPGA_Imple/FINAL_TEST2/FINAL_TEST2.gen/sources_1/bd/mref/apb_soc_top/component.xml. It will be created.
WARNING: [IP_Flow 19-4318] IP-XACT file does not exist: c:/Users/srira/OneDrive/Documents/Resume/nvida asic/Team_17_FPGA_Imple/FINAL_TEST2/FINAL_TEST2.gen/sources_1/bd/mref/alu_muxes/component.xml. It will be created.
WARNING: [IP_Flow 19-4318] IP-XACT file does not exist: c:/Users/srira/OneDrive/Documents/Resume/nvida asic/Team_17_FPGA_Imple/FINAL_TEST2/FINAL_TEST2.gen/sources_1/bd/mref/concat_2to1/component.xml. It will be created.
WARNING: [IP_Flow 19-4318] IP-XACT file does not exist: c:/Users/srira/OneDrive/Documents/Resume/nvida asic/Team_17_FPGA_Imple/FINAL_TEST2/FINAL_TEST2.gen/sources_1/bd/mref/hazard_unit/component.xml. It will be created.
WARNING: [IP_Flow 19-4318] IP-XACT file does not exist: c:/Users/srira/OneDrive/Documents/Resume/nvida asic/Team_17_FPGA_Imple/FINAL_TEST2/FINAL_TEST2.gen/sources_1/bd/mref/mul_fsm/component.xml. It will be created.
WARNING: [IP_Flow 19-4318] IP-XACT file does not exist: c:/Users/srira/OneDrive/Documents/Resume/nvida asic/Team_17_FPGA_Imple/FINAL_TEST2/FINAL_TEST2.gen/sources_1/bd/mref/register_file/component.xml. It will be created.
WARNING: [IP_Flow 19-4318] IP-XACT file does not exist: c:/Users/srira/OneDrive/Documents/Resume/nvida asic/Team_17_FPGA_Imple/FINAL_TEST2/FINAL_TEST2.gen/sources_1/bd/mref/csr/component.xml. It will be created.
WARNING: [IP_Flow 19-4318] IP-XACT file does not exist: c:/Users/srira/OneDrive/Documents/Resume/nvida asic/Team_17_FPGA_Imple/FINAL_TEST2/FINAL_TEST2.gen/sources_1/bd/mref/alu_fixed_point_mux/component.xml. It will be created.
WARNING: [IP_Flow 19-4318] IP-XACT file does not exist: c:/Users/srira/OneDrive/Documents/Resume/nvida asic/Team_17_FPGA_Imple/FINAL_TEST2/FINAL_TEST2.gen/sources_1/bd/mref/csr_mux/component.xml. It will be created.
WARNING: [IP_Flow 19-4318] IP-XACT file does not exist: c:/Users/srira/OneDrive/Documents/Resume/nvida asic/Team_17_FPGA_Imple/FINAL_TEST2/FINAL_TEST2.gen/sources_1/bd/mref/load_extend/component.xml. It will be created.
WARNING: [IP_Flow 19-4318] IP-XACT file does not exist: c:/Users/srira/OneDrive/Documents/Resume/nvida asic/Team_17_FPGA_Imple/FINAL_TEST2/FINAL_TEST2.gen/sources_1/bd/mref/combinational/component.xml. It will be created.
WARNING: [IP_Flow 19-4318] IP-XACT file does not exist: c:/Users/srira/OneDrive/Documents/Resume/nvida asic/Team_17_FPGA_Imple/FINAL_TEST2/FINAL_TEST2.gen/sources_1/bd/mref/forwarding_mux/component.xml. It will be created.
WARNING: [IP_Flow 19-4318] IP-XACT file does not exist: c:/Users/srira/OneDrive/Documents/Resume/nvida asic/Team_17_FPGA_Imple/FINAL_TEST2/FINAL_TEST2.gen/sources_1/bd/mref/instr_retire_mux/component.xml. It will be created.
WARNING: [IP_Flow 19-4318] IP-XACT file does not exist: c:/Users/srira/OneDrive/Documents/Resume/nvida asic/Team_17_FPGA_Imple/FINAL_TEST2/FINAL_TEST2.gen/sources_1/bd/mref/MA_WB_PR/component.xml. It will be created.
WARNING: [IP_Flow 19-4318] IP-XACT file does not exist: c:/Users/srira/OneDrive/Documents/Resume/nvida asic/Team_17_FPGA_Imple/FINAL_TEST2/FINAL_TEST2.gen/sources_1/bd/mref/pc/component.xml. It will be created.
WARNING: [IP_Flow 19-4318] IP-XACT file does not exist: c:/Users/srira/OneDrive/Documents/Resume/nvida asic/Team_17_FPGA_Imple/FINAL_TEST2/FINAL_TEST2.gen/sources_1/bd/mref/IF_ID_PR/component.xml. It will be created.
WARNING: [IP_Flow 19-4318] IP-XACT file does not exist: c:/Users/srira/OneDrive/Documents/Resume/nvida asic/Team_17_FPGA_Imple/FINAL_TEST2/FINAL_TEST2.gen/sources_1/bd/mref/imm_extend/component.xml. It will be created.
WARNING: [IP_Flow 19-4318] IP-XACT file does not exist: c:/Users/srira/OneDrive/Documents/Resume/nvida asic/Team_17_FPGA_Imple/FINAL_TEST2/FINAL_TEST2.gen/sources_1/bd/mref/two_in32bitmix/component.xml. It will be created.
WARNING: [IP_Flow 19-4318] IP-XACT file does not exist: c:/Users/srira/OneDrive/Documents/Resume/nvida asic/Team_17_FPGA_Imple/FINAL_TEST2/FINAL_TEST2.gen/sources_1/bd/mref/ID_EX_PR/component.xml. It will be created.
WARNING: [IP_Flow 19-4318] IP-XACT file does not exist: c:/Users/srira/OneDrive/Documents/Resume/nvida asic/Team_17_FPGA_Imple/FINAL_TEST2/FINAL_TEST2.gen/sources_1/bd/mref/EX_MA_PR/component.xml. It will be created.
WARNING: [IP_Flow 19-4318] IP-XACT file does not exist: c:/Users/srira/OneDrive/Documents/Resume/nvida asic/Team_17_FPGA_Imple/FINAL_TEST2/FINAL_TEST2.gen/sources_1/bd/mref/branch_fsm/component.xml. It will be created.
WARNING: [IP_Flow 19-4318] IP-XACT file does not exist: c:/Users/srira/OneDrive/Documents/Resume/nvida asic/Team_17_FPGA_Imple/FINAL_TEST2/FINAL_TEST2.gen/sources_1/bd/mref/ALU_OPER/component.xml. It will be created.
WARNING: [IP_Flow 19-4318] IP-XACT file does not exist: c:/Users/srira/OneDrive/Documents/Resume/nvida asic/Team_17_FPGA_Imple/FINAL_TEST2/FINAL_TEST2.gen/sources_1/bd/mref/controller/component.xml. It will be created.
WARNING: [filemgmt 56-199] Attempt to get parsing info during refresh. "On-the-fly" syntax checking information may be incorrect. [C:\Users\srira\OneDrive\Documents\Resume\nvida asic\Team_17_FPGA_Imple\FINAL_TEST2\FINAL_TEST2.srcs\sources_1\imports\COURSE PRPJECT\Decode\reg_file.v:]
WARNING: [filemgmt 56-199] Attempt to get parsing info during refresh. "On-the-fly" syntax checking information may be incorrect. [C:\Users\srira\OneDrive\Documents\Resume\nvida asic\Team_17_FPGA_Imple\FINAL_TEST2\FINAL_TEST2.srcs\sources_1\new\two_in32bitmix.v:]
WARNING: [filemgmt 56-199] Attempt to get parsing info during refresh. "On-the-fly" syntax checking information may be incorrect. [C:\Users\srira\OneDrive\Documents\Resume\nvida asic\Team_17_FPGA_Imple\FINAL_TEST2\FINAL_TEST2.srcs\sources_1\imports\new\apb_master.v:]
WARNING: [filemgmt 56-199] Attempt to get parsing info during refresh. "On-the-fly" syntax checking information may be incorrect. [C:\Users\srira\OneDrive\Documents\Resume\nvida asic\Team_17_FPGA_Imple\FINAL_TEST2\FINAL_TEST2.srcs\sources_1\imports\codes\branch_fsm.v:]
WARNING: [filemgmt 56-199] Attempt to get parsing info during refresh. "On-the-fly" syntax checking information may be incorrect. [C:\Users\srira\OneDrive\Documents\Resume\nvida asic\Team_17_FPGA_Imple\FINAL_TEST2\FINAL_TEST2.srcs\sources_1\imports\sources_1\imports\new\Dadda_Stage_1.v:]
WARNING: [filemgmt 56-199] Attempt to get parsing info during refresh. "On-the-fly" syntax checking information may be incorrect. [C:\Users\srira\OneDrive\Documents\Resume\nvida asic\Team_17_FPGA_Imple\FINAL_TEST2\FINAL_TEST2.srcs\sources_1\imports\codes\inst_retire_mux.v:]
WARNING: [filemgmt 56-199] Attempt to get parsing info during refresh. "On-the-fly" syntax checking information may be incorrect. [C:\Users\srira\OneDrive\Documents\Resume\nvida asic\Team_17_FPGA_Imple\FINAL_TEST2\FINAL_TEST2.srcs\sources_1\imports\codes\mul_fsm.v:]
WARNING: [filemgmt 56-199] Attempt to get parsing info during refresh. "On-the-fly" syntax checking information may be incorrect. [C:\Users\srira\OneDrive\Documents\Resume\nvida asic\Team_17_FPGA_Imple\FINAL_TEST2\FINAL_TEST2.srcs\sources_1\new\hazard_unit.v:]
WARNING: [filemgmt 56-199] Attempt to get parsing info during refresh. "On-the-fly" syntax checking information may be incorrect. [C:\Users\srira\OneDrive\Documents\Resume\nvida asic\Team_17_FPGA_Imple\FINAL_TEST2\FINAL_TEST2.srcs\sources_1\new\combinational.v:]
WARNING: [filemgmt 56-199] Attempt to get parsing info during refresh. "On-the-fly" syntax checking information may be incorrect. [C:\Users\srira\OneDrive\Documents\Resume\nvida asic\Team_17_FPGA_Imple\FINAL_TEST2\FINAL_TEST2.srcs\sources_1\imports\new\apb_slave_decoder.v:]
WARNING: [filemgmt 56-199] Attempt to get parsing info during refresh. "On-the-fly" syntax checking information may be incorrect. [C:\Users\srira\OneDrive\Documents\Resume\nvida asic\Team_17_FPGA_Imple\FINAL_TEST2\FINAL_TEST2.srcs\sources_1\imports\codes\controller.v:]
WARNING: [filemgmt 56-199] Attempt to get parsing info during refresh. "On-the-fly" syntax checking information may be incorrect. [C:\Users\srira\OneDrive\Documents\Resume\nvida asic\Team_17_FPGA_Imple\FINAL_TEST2\FINAL_TEST2.srcs\sources_1\imports\codes\min_csr.v:]
WARNING: [filemgmt 56-199] Attempt to get parsing info during refresh. "On-the-fly" syntax checking information may be incorrect. [C:\Users\srira\OneDrive\Documents\Resume\nvida asic\Team_17_FPGA_Imple\FINAL_TEST2\FINAL_TEST2.srcs\sources_1\new\OR_gate.v:]
WARNING: [filemgmt 56-199] Attempt to get parsing info during refresh. "On-the-fly" syntax checking information may be incorrect. [C:\Users\srira\OneDrive\Documents\Resume\nvida asic\Team_17_FPGA_Imple\FINAL_TEST2\FINAL_TEST2.srcs\sources_1\imports\sources_1\imports\new\mul_top.v:]
WARNING: [filemgmt 56-199] Attempt to get parsing info during refresh. "On-the-fly" syntax checking information may be incorrect. [C:\Users\srira\OneDrive\Documents\Resume\nvida asic\Team_17_FPGA_Imple\FINAL_TEST2\FINAL_TEST2.srcs\sources_1\imports\codes\load_extend.v:]
WARNING: [filemgmt 56-199] Attempt to get parsing info during refresh. "On-the-fly" syntax checking information may be incorrect. [C:\Users\srira\OneDrive\Documents\Resume\nvida asic\Team_17_FPGA_Imple\FINAL_TEST2\FINAL_TEST2.srcs\sources_1\imports\codes\alu_fixed_point_mux.v:]
WARNING: [filemgmt 56-199] Attempt to get parsing info during refresh. "On-the-fly" syntax checking information may be incorrect. [C:\Users\srira\OneDrive\Documents\Resume\nvida asic\Team_17_FPGA_Imple\FINAL_TEST2\FINAL_TEST2.srcs\sources_1\imports\codes\alu_muxes.v:]
WARNING: [filemgmt 56-199] Attempt to get parsing info during refresh. "On-the-fly" syntax checking information may be incorrect. [C:\Users\srira\OneDrive\Documents\Resume\nvida asic\Team_17_FPGA_Imple\FINAL_TEST2\FINAL_TEST2.srcs\sources_1\imports\new\top.v:]
WARNING: [filemgmt 56-199] Attempt to get parsing info during refresh. "On-the-fly" syntax checking information may be incorrect. [C:\Users\srira\OneDrive\Documents\Resume\nvida asic\Team_17_FPGA_Imple\FINAL_TEST2\FINAL_TEST2.srcs\sources_1\imports\COURSE PRPJECT\Decode\reg_file.v:]
WARNING: [filemgmt 56-199] Attempt to get parsing info during refresh. "On-the-fly" syntax checking information may be incorrect. [C:\Users\srira\OneDrive\Documents\Resume\nvida asic\Team_17_FPGA_Imple\FINAL_TEST2\FINAL_TEST2.srcs\sources_1\new\two_in32bitmix.v:]
WARNING: [filemgmt 56-199] Attempt to get parsing info during refresh. "On-the-fly" syntax checking information may be incorrect. [C:\Users\srira\OneDrive\Documents\Resume\nvida asic\Team_17_FPGA_Imple\FINAL_TEST2\FINAL_TEST2.srcs\sources_1\imports\new\apb_master.v:]
WARNING: [filemgmt 56-199] Attempt to get parsing info during refresh. "On-the-fly" syntax checking information may be incorrect. [C:\Users\srira\OneDrive\Documents\Resume\nvida asic\Team_17_FPGA_Imple\FINAL_TEST2\FINAL_TEST2.srcs\sources_1\imports\codes\branch_fsm.v:]
WARNING: [filemgmt 56-199] Attempt to get parsing info during refresh. "On-the-fly" syntax checking information may be incorrect. [C:\Users\srira\OneDrive\Documents\Resume\nvida asic\Team_17_FPGA_Imple\FINAL_TEST2\FINAL_TEST2.srcs\sources_1\imports\sources_1\imports\new\Dadda_Stage_1.v:]
WARNING: [filemgmt 56-199] Attempt to get parsing info during refresh. "On-the-fly" syntax checking information may be incorrect. [C:\Users\srira\OneDrive\Documents\Resume\nvida asic\Team_17_FPGA_Imple\FINAL_TEST2\FINAL_TEST2.srcs\sources_1\imports\codes\inst_retire_mux.v:]
WARNING: [filemgmt 56-199] Attempt to get parsing info during refresh. "On-the-fly" syntax checking information may be incorrect. [C:\Users\srira\OneDrive\Documents\Resume\nvida asic\Team_17_FPGA_Imple\FINAL_TEST2\FINAL_TEST2.srcs\sources_1\imports\codes\mul_fsm.v:]
WARNING: [filemgmt 56-199] Attempt to get parsing info during refresh. "On-the-fly" syntax checking information may be incorrect. [C:\Users\srira\OneDrive\Documents\Resume\nvida asic\Team_17_FPGA_Imple\FINAL_TEST2\FINAL_TEST2.srcs\sources_1\new\hazard_unit.v:]
WARNING: [filemgmt 56-199] Attempt to get parsing info during refresh. "On-the-fly" syntax checking information may be incorrect. [C:\Users\srira\OneDrive\Documents\Resume\nvida asic\Team_17_FPGA_Imple\FINAL_TEST2\FINAL_TEST2.srcs\sources_1\new\combinational.v:]
WARNING: [filemgmt 56-199] Attempt to get parsing info during refresh. "On-the-fly" syntax checking information may be incorrect. [C:\Users\srira\OneDrive\Documents\Resume\nvida asic\Team_17_FPGA_Imple\FINAL_TEST2\FINAL_TEST2.srcs\sources_1\imports\new\apb_slave_decoder.v:]
WARNING: [filemgmt 56-199] Attempt to get parsing info during refresh. "On-the-fly" syntax checking information may be incorrect. [C:\Users\srira\OneDrive\Documents\Resume\nvida asic\Team_17_FPGA_Imple\FINAL_TEST2\FINAL_TEST2.srcs\sources_1\imports\codes\controller.v:]
WARNING: [filemgmt 56-199] Attempt to get parsing info during refresh. "On-the-fly" syntax checking information may be incorrect. [C:\Users\srira\OneDrive\Documents\Resume\nvida asic\Team_17_FPGA_Imple\FINAL_TEST2\FINAL_TEST2.srcs\sources_1\imports\codes\min_csr.v:]
WARNING: [filemgmt 56-199] Attempt to get parsing info during refresh. "On-the-fly" syntax checking information may be incorrect. [C:\Users\srira\OneDrive\Documents\Resume\nvida asic\Team_17_FPGA_Imple\FINAL_TEST2\FINAL_TEST2.srcs\sources_1\new\OR_gate.v:]
WARNING: [filemgmt 56-199] Attempt to get parsing info during refresh. "On-the-fly" syntax checking information may be incorrect. [C:\Users\srira\OneDrive\Documents\Resume\nvida asic\Team_17_FPGA_Imple\FINAL_TEST2\FINAL_TEST2.srcs\sources_1\imports\sources_1\imports\new\mul_top.v:]
WARNING: [filemgmt 56-199] Attempt to get parsing info during refresh. "On-the-fly" syntax checking information may be incorrect. [C:\Users\srira\OneDrive\Documents\Resume\nvida asic\Team_17_FPGA_Imple\FINAL_TEST2\FINAL_TEST2.srcs\sources_1\imports\codes\load_extend.v:]
WARNING: [filemgmt 56-199] Attempt to get parsing info during refresh. "On-the-fly" syntax checking information may be incorrect. [C:\Users\srira\OneDrive\Documents\Resume\nvida asic\Team_17_FPGA_Imple\FINAL_TEST2\FINAL_TEST2.srcs\sources_1\imports\codes\alu_fixed_point_mux.v:]
WARNING: [filemgmt 56-199] Attempt to get parsing info during refresh. "On-the-fly" syntax checking information may be incorrect. [C:\Users\srira\OneDrive\Documents\Resume\nvida asic\Team_17_FPGA_Imple\FINAL_TEST2\FINAL_TEST2.srcs\sources_1\imports\codes\alu_muxes.v:]
WARNING: [filemgmt 56-199] Attempt to get parsing info during refresh. "On-the-fly" syntax checking information may be incorrect. [C:\Users\srira\OneDrive\Documents\Resume\nvida asic\Team_17_FPGA_Imple\FINAL_TEST2\FINAL_TEST2.srcs\sources_1\imports\new\top.v:]
WARNING: [filemgmt 56-199] Attempt to get parsing info during refresh. "On-the-fly" syntax checking information may be incorrect. [C:\Users\srira\OneDrive\Documents\Resume\nvida asic\Team_17_FPGA_Imple\FINAL_TEST2\FINAL_TEST2.srcs\sources_1\imports\COURSE PRPJECT\Decode\reg_file.v:]
WARNING: [filemgmt 56-199] Attempt to get parsing info during refresh. "On-the-fly" syntax checking information may be incorrect. [C:\Users\srira\OneDrive\Documents\Resume\nvida asic\Team_17_FPGA_Imple\FINAL_TEST2\FINAL_TEST2.srcs\sources_1\new\two_in32bitmix.v:]
WARNING: [filemgmt 56-199] Attempt to get parsing info during refresh. "On-the-fly" syntax checking information may be incorrect. [C:\Users\srira\OneDrive\Documents\Resume\nvida asic\Team_17_FPGA_Imple\FINAL_TEST2\FINAL_TEST2.srcs\sources_1\imports\new\apb_master.v:]
WARNING: [filemgmt 56-199] Attempt to get parsing info during refresh. "On-the-fly" syntax checking information may be incorrect. [C:\Users\srira\OneDrive\Documents\Resume\nvida asic\Team_17_FPGA_Imple\FINAL_TEST2\FINAL_TEST2.srcs\sources_1\imports\codes\branch_fsm.v:]
WARNING: [filemgmt 56-199] Attempt to get parsing info during refresh. "On-the-fly" syntax checking information may be incorrect. [C:\Users\srira\OneDrive\Documents\Resume\nvida asic\Team_17_FPGA_Imple\FINAL_TEST2\FINAL_TEST2.srcs\sources_1\imports\sources_1\imports\new\Dadda_Stage_1.v:]
WARNING: [filemgmt 56-199] Attempt to get parsing info during refresh. "On-the-fly" syntax checking information may be incorrect. [C:\Users\srira\OneDrive\Documents\Resume\nvida asic\Team_17_FPGA_Imple\FINAL_TEST2\FINAL_TEST2.srcs\sources_1\imports\codes\inst_retire_mux.v:]
WARNING: [filemgmt 56-199] Attempt to get parsing info during refresh. "On-the-fly" syntax checking information may be incorrect. [C:\Users\srira\OneDrive\Documents\Resume\nvida asic\Team_17_FPGA_Imple\FINAL_TEST2\FINAL_TEST2.srcs\sources_1\imports\codes\mul_fsm.v:]
WARNING: [filemgmt 56-199] Attempt to get parsing info during refresh. "On-the-fly" syntax checking information may be incorrect. [C:\Users\srira\OneDrive\Documents\Resume\nvida asic\Team_17_FPGA_Imple\FINAL_TEST2\FINAL_TEST2.srcs\sources_1\new\hazard_unit.v:]
WARNING: [filemgmt 56-199] Attempt to get parsing info during refresh. "On-the-fly" syntax checking information may be incorrect. [C:\Users\srira\OneDrive\Documents\Resume\nvida asic\Team_17_FPGA_Imple\FINAL_TEST2\FINAL_TEST2.srcs\sources_1\new\combinational.v:]
WARNING: [filemgmt 56-199] Attempt to get parsing info during refresh. "On-the-fly" syntax checking information may be incorrect. [C:\Users\srira\OneDrive\Documents\Resume\nvida asic\Team_17_FPGA_Imple\FINAL_TEST2\FINAL_TEST2.srcs\sources_1\imports\new\apb_slave_decoder.v:]
WARNING: [filemgmt 56-199] Attempt to get parsing info during refresh. "On-the-fly" syntax checking information may be incorrect. [C:\Users\srira\OneDrive\Documents\Resume\nvida asic\Team_17_FPGA_Imple\FINAL_TEST2\FINAL_TEST2.srcs\sources_1\imports\codes\controller.v:]
WARNING: [filemgmt 56-199] Attempt to get parsing info during refresh. "On-the-fly" syntax checking information may be incorrect. [C:\Users\srira\OneDrive\Documents\Resume\nvida asic\Team_17_FPGA_Imple\FINAL_TEST2\FINAL_TEST2.srcs\sources_1\imports\codes\min_csr.v:]
WARNING: [filemgmt 56-199] Attempt to get parsing info during refresh. "On-the-fly" syntax checking information may be incorrect. [C:\Users\srira\OneDrive\Documents\Resume\nvida asic\Team_17_FPGA_Imple\FINAL_TEST2\FINAL_TEST2.srcs\sources_1\new\OR_gate.v:]
WARNING: [filemgmt 56-199] Attempt to get parsing info during refresh. "On-the-fly" syntax checking information may be incorrect. [C:\Users\srira\OneDrive\Documents\Resume\nvida asic\Team_17_FPGA_Imple\FINAL_TEST2\FINAL_TEST2.srcs\sources_1\imports\sources_1\imports\new\mul_top.v:]
WARNING: [filemgmt 56-199] Attempt to get parsing info during refresh. "On-the-fly" syntax checking information may be incorrect. [C:\Users\srira\OneDrive\Documents\Resume\nvida asic\Team_17_FPGA_Imple\FINAL_TEST2\FINAL_TEST2.srcs\sources_1\imports\codes\load_extend.v:]
WARNING: [filemgmt 56-199] Attempt to get parsing info during refresh. "On-the-fly" syntax checking information may be incorrect. [C:\Users\srira\OneDrive\Documents\Resume\nvida asic\Team_17_FPGA_Imple\FINAL_TEST2\FINAL_TEST2.srcs\sources_1\imports\codes\alu_fixed_point_mux.v:]
WARNING: [filemgmt 56-199] Attempt to get parsing info during refresh. "On-the-fly" syntax checking information may be incorrect. [C:\Users\srira\OneDrive\Documents\Resume\nvida asic\Team_17_FPGA_Imple\FINAL_TEST2\FINAL_TEST2.srcs\sources_1\imports\codes\alu_muxes.v:]
WARNING: [filemgmt 56-199] Attempt to get parsing info during refresh. "On-the-fly" syntax checking information may be incorrect. [C:\Users\srira\OneDrive\Documents\Resume\nvida asic\Team_17_FPGA_Imple\FINAL_TEST2\FINAL_TEST2.srcs\sources_1\imports\new\top.v:]
WARNING: [filemgmt 56-199] Attempt to get parsing info during refresh. "On-the-fly" syntax checking information may be incorrect. [C:\Users\srira\OneDrive\Documents\Resume\nvida asic\Team_17_FPGA_Imple\FINAL_TEST2\FINAL_TEST2.srcs\sources_1\imports\COURSE PRPJECT\Decode\reg_file.v:]
WARNING: [filemgmt 56-199] Attempt to get parsing info during refresh. "On-the-fly" syntax checking information may be incorrect. [C:\Users\srira\OneDrive\Documents\Resume\nvida asic\Team_17_FPGA_Imple\FINAL_TEST2\FINAL_TEST2.srcs\sources_1\new\two_in32bitmix.v:]
WARNING: [filemgmt 56-199] Attempt to get parsing info during refresh. "On-the-fly" syntax checking information may be incorrect. [C:\Users\srira\OneDrive\Documents\Resume\nvida asic\Team_17_FPGA_Imple\FINAL_TEST2\FINAL_TEST2.srcs\sources_1\imports\new\apb_master.v:]
WARNING: [filemgmt 56-199] Attempt to get parsing info during refresh. "On-the-fly" syntax checking information may be incorrect. [C:\Users\srira\OneDrive\Documents\Resume\nvida asic\Team_17_FPGA_Imple\FINAL_TEST2\FINAL_TEST2.srcs\sources_1\imports\codes\branch_fsm.v:]
WARNING: [filemgmt 56-199] Attempt to get parsing info during refresh. "On-the-fly" syntax checking information may be incorrect. [C:\Users\srira\OneDrive\Documents\Resume\nvida asic\Team_17_FPGA_Imple\FINAL_TEST2\FINAL_TEST2.srcs\sources_1\imports\sources_1\imports\new\Dadda_Stage_1.v:]
WARNING: [filemgmt 56-199] Attempt to get parsing info during refresh. "On-the-fly" syntax checking information may be incorrect. [C:\Users\srira\OneDrive\Documents\Resume\nvida asic\Team_17_FPGA_Imple\FINAL_TEST2\FINAL_TEST2.srcs\sources_1\imports\codes\inst_retire_mux.v:]
WARNING: [filemgmt 56-199] Attempt to get parsing info during refresh. "On-the-fly" syntax checking information may be incorrect. [C:\Users\srira\OneDrive\Documents\Resume\nvida asic\Team_17_FPGA_Imple\FINAL_TEST2\FINAL_TEST2.srcs\sources_1\imports\codes\mul_fsm.v:]
WARNING: [filemgmt 56-199] Attempt to get parsing info during refresh. "On-the-fly" syntax checking information may be incorrect. [C:\Users\srira\OneDrive\Documents\Resume\nvida asic\Team_17_FPGA_Imple\FINAL_TEST2\FINAL_TEST2.srcs\sources_1\new\hazard_unit.v:]
WARNING: [filemgmt 56-199] Attempt to get parsing info during refresh. "On-the-fly" syntax checking information may be incorrect. [C:\Users\srira\OneDrive\Documents\Resume\nvida asic\Team_17_FPGA_Imple\FINAL_TEST2\FINAL_TEST2.srcs\sources_1\new\combinational.v:]
WARNING: [filemgmt 56-199] Attempt to get parsing info during refresh. "On-the-fly" syntax checking information may be incorrect. [C:\Users\srira\OneDrive\Documents\Resume\nvida asic\Team_17_FPGA_Imple\FINAL_TEST2\FINAL_TEST2.srcs\sources_1\imports\new\apb_slave_decoder.v:]
WARNING: [filemgmt 56-199] Attempt to get parsing info during refresh. "On-the-fly" syntax checking information may be incorrect. [C:\Users\srira\OneDrive\Documents\Resume\nvida asic\Team_17_FPGA_Imple\FINAL_TEST2\FINAL_TEST2.srcs\sources_1\imports\codes\controller.v:]
WARNING: [filemgmt 56-199] Attempt to get parsing info during refresh. "On-the-fly" syntax checking information may be incorrect. [C:\Users\srira\OneDrive\Documents\Resume\nvida asic\Team_17_FPGA_Imple\FINAL_TEST2\FINAL_TEST2.srcs\sources_1\imports\codes\min_csr.v:]
WARNING: [filemgmt 56-199] Attempt to get parsing info during refresh. "On-the-fly" syntax checking information may be incorrect. [C:\Users\srira\OneDrive\Documents\Resume\nvida asic\Team_17_FPGA_Imple\FINAL_TEST2\FINAL_TEST2.srcs\sources_1\new\OR_gate.v:]
WARNING: [filemgmt 56-199] Attempt to get parsing info during refresh. "On-the-fly" syntax checking information may be incorrect. [C:\Users\srira\OneDrive\Documents\Resume\nvida asic\Team_17_FPGA_Imple\FINAL_TEST2\FINAL_TEST2.srcs\sources_1\imports\sources_1\imports\new\mul_top.v:]
WARNING: [filemgmt 56-199] Attempt to get parsing info during refresh. "On-the-fly" syntax checking information may be incorrect. [C:\Users\srira\OneDrive\Documents\Resume\nvida asic\Team_17_FPGA_Imple\FINAL_TEST2\FINAL_TEST2.srcs\sources_1\imports\codes\load_extend.v:]
WARNING: [filemgmt 56-199] Attempt to get parsing info during refresh. "On-the-fly" syntax checking information may be incorrect. [C:\Users\srira\OneDrive\Documents\Resume\nvida asic\Team_17_FPGA_Imple\FINAL_TEST2\FINAL_TEST2.srcs\sources_1\imports\codes\alu_fixed_point_mux.v:]
WARNING: [filemgmt 56-199] Attempt to get parsing info during refresh. "On-the-fly" syntax checking information may be incorrect. [C:\Users\srira\OneDrive\Documents\Resume\nvida asic\Team_17_FPGA_Imple\FINAL_TEST2\FINAL_TEST2.srcs\sources_1\imports\codes\alu_muxes.v:]
WARNING: [filemgmt 56-199] Attempt to get parsing info during refresh. "On-the-fly" syntax checking information may be incorrect. [C:\Users\srira\OneDrive\Documents\Resume\nvida asic\Team_17_FPGA_Imple\FINAL_TEST2\FINAL_TEST2.srcs\sources_1\imports\new\top.v:]
WARNING: [filemgmt 56-199] Attempt to get parsing info during refresh. "On-the-fly" syntax checking information may be incorrect. [C:\Users\srira\OneDrive\Documents\Resume\nvida asic\Team_17_FPGA_Imple\FINAL_TEST2\FINAL_TEST2.srcs\sources_1\imports\COURSE PRPJECT\Decode\reg_file.v:]
WARNING: [filemgmt 56-199] Attempt to get parsing info during refresh. "On-the-fly" syntax checking information may be incorrect. [C:\Users\srira\OneDrive\Documents\Resume\nvida asic\Team_17_FPGA_Imple\FINAL_TEST2\FINAL_TEST2.srcs\sources_1\new\two_in32bitmix.v:]
WARNING: [filemgmt 56-199] Attempt to get parsing info during refresh. "On-the-fly" syntax checking information may be incorrect. [C:\Users\srira\OneDrive\Documents\Resume\nvida asic\Team_17_FPGA_Imple\FINAL_TEST2\FINAL_TEST2.srcs\sources_1\imports\new\apb_master.v:]
WARNING: [filemgmt 56-199] Attempt to get parsing info during refresh. "On-the-fly" syntax checking information may be incorrect. [C:\Users\srira\OneDrive\Documents\Resume\nvida asic\Team_17_FPGA_Imple\FINAL_TEST2\FINAL_TEST2.srcs\sources_1\imports\codes\branch_fsm.v:]
WARNING: [filemgmt 56-199] Attempt to get parsing info during refresh. "On-the-fly" syntax checking information may be incorrect. [C:\Users\srira\OneDrive\Documents\Resume\nvida asic\Team_17_FPGA_Imple\FINAL_TEST2\FINAL_TEST2.srcs\sources_1\imports\sources_1\imports\new\Dadda_Stage_1.v:]
WARNING: [filemgmt 56-199] Attempt to get parsing info during refresh. "On-the-fly" syntax checking information may be incorrect. [C:\Users\srira\OneDrive\Documents\Resume\nvida asic\Team_17_FPGA_Imple\FINAL_TEST2\FINAL_TEST2.srcs\sources_1\imports\codes\inst_retire_mux.v:]
WARNING: [filemgmt 56-199] Attempt to get parsing info during refresh. "On-the-fly" syntax checking information may be incorrect. [C:\Users\srira\OneDrive\Documents\Resume\nvida asic\Team_17_FPGA_Imple\FINAL_TEST2\FINAL_TEST2.srcs\sources_1\imports\codes\mul_fsm.v:]
WARNING: [filemgmt 56-199] Attempt to get parsing info during refresh. "On-the-fly" syntax checking information may be incorrect. [C:\Users\srira\OneDrive\Documents\Resume\nvida asic\Team_17_FPGA_Imple\FINAL_TEST2\FINAL_TEST2.srcs\sources_1\new\hazard_unit.v:]
WARNING: [filemgmt 56-199] Attempt to get parsing info during refresh. "On-the-fly" syntax checking information may be incorrect. [C:\Users\srira\OneDrive\Documents\Resume\nvida asic\Team_17_FPGA_Imple\FINAL_TEST2\FINAL_TEST2.srcs\sources_1\new\combinational.v:]
WARNING: [filemgmt 56-199] Attempt to get parsing info during refresh. "On-the-fly" syntax checking information may be incorrect. [C:\Users\srira\OneDrive\Documents\Resume\nvida asic\Team_17_FPGA_Imple\FINAL_TEST2\FINAL_TEST2.srcs\sources_1\imports\new\apb_slave_decoder.v:]
WARNING: [filemgmt 56-199] Attempt to get parsing info during refresh. "On-the-fly" syntax checking information may be incorrect. [C:\Users\srira\OneDrive\Documents\Resume\nvida asic\Team_17_FPGA_Imple\FINAL_TEST2\FINAL_TEST2.srcs\sources_1\imports\codes\controller.v:]
WARNING: [filemgmt 56-199] Attempt to get parsing info during refresh. "On-the-fly" syntax checking information may be incorrect. [C:\Users\srira\OneDrive\Documents\Resume\nvida asic\Team_17_FPGA_Imple\FINAL_TEST2\FINAL_TEST2.srcs\sources_1\imports\codes\min_csr.v:]
WARNING: [filemgmt 56-199] Attempt to get parsing info during refresh. "On-the-fly" syntax checking information may be incorrect. [C:\Users\srira\OneDrive\Documents\Resume\nvida asic\Team_17_FPGA_Imple\FINAL_TEST2\FINAL_TEST2.srcs\sources_1\new\OR_gate.v:]
WARNING: [filemgmt 56-199] Attempt to get parsing info during refresh. "On-the-fly" syntax checking information may be incorrect. [C:\Users\srira\OneDrive\Documents\Resume\nvida asic\Team_17_FPGA_Imple\FINAL_TEST2\FINAL_TEST2.srcs\sources_1\imports\sources_1\imports\new\mul_top.v:]
WARNING: [filemgmt 56-199] Attempt to get parsing info during refresh. "On-the-fly" syntax checking information may be incorrect. [C:\Users\srira\OneDrive\Documents\Resume\nvida asic\Team_17_FPGA_Imple\FINAL_TEST2\FINAL_TEST2.srcs\sources_1\imports\codes\load_extend.v:]
WARNING: [filemgmt 56-199] Attempt to get parsing info during refresh. "On-the-fly" syntax checking information may be incorrect. [C:\Users\srira\OneDrive\Documents\Resume\nvida asic\Team_17_FPGA_Imple\FINAL_TEST2\FINAL_TEST2.srcs\sources_1\imports\codes\alu_fixed_point_mux.v:]
WARNING: [filemgmt 56-199] Attempt to get parsing info during refresh. "On-the-fly" syntax checking information may be incorrect. [C:\Users\srira\OneDrive\Documents\Resume\nvida asic\Team_17_FPGA_Imple\FINAL_TEST2\FINAL_TEST2.srcs\sources_1\imports\codes\alu_muxes.v:]
WARNING: [filemgmt 56-199] Attempt to get parsing info during refresh. "On-the-fly" syntax checking information may be incorrect. [C:\Users\srira\OneDrive\Documents\Resume\nvida asic\Team_17_FPGA_Imple\FINAL_TEST2\FINAL_TEST2.srcs\sources_1\imports\new\top.v:]
WARNING: [filemgmt 56-199] Attempt to get parsing info during refresh. "On-the-fly" syntax checking information may be incorrect. [C:\Users\srira\OneDrive\Documents\Resume\nvida asic\Team_17_FPGA_Imple\FINAL_TEST2\FINAL_TEST2.srcs\sources_1\imports\COURSE PRPJECT\Decode\reg_file.v:]
WARNING: [filemgmt 56-199] Attempt to get parsing info during refresh. "On-the-fly" syntax checking information may be incorrect. [C:\Users\srira\OneDrive\Documents\Resume\nvida asic\Team_17_FPGA_Imple\FINAL_TEST2\FINAL_TEST2.srcs\sources_1\new\two_in32bitmix.v:]
WARNING: [filemgmt 56-199] Attempt to get parsing info during refresh. "On-the-fly" syntax checking information may be incorrect. [C:\Users\srira\OneDrive\Documents\Resume\nvida asic\Team_17_FPGA_Imple\FINAL_TEST2\FINAL_TEST2.srcs\sources_1\imports\new\apb_master.v:]
WARNING: [filemgmt 56-199] Attempt to get parsing info during refresh. "On-the-fly" syntax checking information may be incorrect. [C:\Users\srira\OneDrive\Documents\Resume\nvida asic\Team_17_FPGA_Imple\FINAL_TEST2\FINAL_TEST2.srcs\sources_1\imports\codes\branch_fsm.v:]
WARNING: [filemgmt 56-199] Attempt to get parsing info during refresh. "On-the-fly" syntax checking information may be incorrect. [C:\Users\srira\OneDrive\Documents\Resume\nvida asic\Team_17_FPGA_Imple\FINAL_TEST2\FINAL_TEST2.srcs\sources_1\imports\sources_1\imports\new\Dadda_Stage_1.v:]
WARNING: [filemgmt 56-199] Attempt to get parsing info during refresh. "On-the-fly" syntax checking information may be incorrect. [C:\Users\srira\OneDrive\Documents\Resume\nvida asic\Team_17_FPGA_Imple\FINAL_TEST2\FINAL_TEST2.srcs\sources_1\imports\codes\inst_retire_mux.v:]
WARNING: [filemgmt 56-199] Attempt to get parsing info during refresh. "On-the-fly" syntax checking information may be incorrect. [C:\Users\srira\OneDrive\Documents\Resume\nvida asic\Team_17_FPGA_Imple\FINAL_TEST2\FINAL_TEST2.srcs\sources_1\imports\codes\mul_fsm.v:]
WARNING: [filemgmt 56-199] Attempt to get parsing info during refresh. "On-the-fly" syntax checking information may be incorrect. [C:\Users\srira\OneDrive\Documents\Resume\nvida asic\Team_17_FPGA_Imple\FINAL_TEST2\FINAL_TEST2.srcs\sources_1\new\hazard_unit.v:]
WARNING: [filemgmt 56-199] Attempt to get parsing info during refresh. "On-the-fly" syntax checking information may be incorrect. [C:\Users\srira\OneDrive\Documents\Resume\nvida asic\Team_17_FPGA_Imple\FINAL_TEST2\FINAL_TEST2.srcs\sources_1\new\combinational.v:]
WARNING: [filemgmt 56-199] Attempt to get parsing info during refresh. "On-the-fly" syntax checking information may be incorrect. [C:\Users\srira\OneDrive\Documents\Resume\nvida asic\Team_17_FPGA_Imple\FINAL_TEST2\FINAL_TEST2.srcs\sources_1\imports\new\apb_slave_decoder.v:]
INFO: [Common 17-14] Message 'filemgmt 56-199' appears 100 times and further instances of the messages will be disabled. Use the Tcl command set_msg_config to change the current settings.
ERROR: [Common 17-180] Spawn failed: No error
ERROR: [Common 17-180] Spawn failed: No error
ERROR: [Common 17-180] Spawn failed: No error
ERROR: [Common 17-180] Spawn failed: No error
exit
INFO: [Common 17-206] Exiting Vivado at Thu Jun  4 00:37:38 2026...
