INFO: [VRFC 10-2263] Analyzing Verilog file "D:/IIT BOMBAY/SEM 2/DESIGN LAB/COURSE PRPJECT/FINAL_TEST2/syn_ready_with_ila/FINAL_TEST2/FINAL_TEST2.srcs/sources_1/imports/COURSE PRPJECT/Decode/reg_file.v" into library xil_defaultlib
INFO: [VRFC 10-311] analyzing module register_file
INFO: [VRFC 10-2263] Analyzing Verilog file "D:/IIT BOMBAY/SEM 2/DESIGN LAB/COURSE PRPJECT/FINAL_TEST2/syn_ready_with_ila/FINAL_TEST2/FINAL_TEST2.srcs/sources_1/imports/codes/min_csr.v" into library xil_defaultlib
INFO: [VRFC 10-311] analyzing module csr
INFO: [VRFC 10-2263] Analyzing Verilog file "D:/IIT BOMBAY/SEM 2/DESIGN LAB/COURSE PRPJECT/FINAL_TEST2/syn_ready_with_ila/FINAL_TEST2/FINAL_TEST2.srcs/sources_1/imports/codes/alu_fixed_point_mux.v" into library xil_defaultlib
INFO: [VRFC 10-311] analyzing module alu_fixed_point_mux
INFO: [VRFC 10-2263] Analyzing Verilog file "D:/IIT BOMBAY/SEM 2/DESIGN LAB/COURSE PRPJECT/FINAL_TEST2/syn_ready_with_ila/FINAL_TEST2/FINAL_TEST2.srcs/sources_1/imports/codes/csr_mux.v" into library xil_defaultlib
INFO: [VRFC 10-311] analyzing module csr_mux
INFO: [VRFC 10-2263] Analyzing Verilog file "D:/IIT BOMBAY/SEM 2/DESIGN LAB/COURSE PRPJECT/FINAL_TEST2/syn_ready_with_ila/FINAL_TEST2/FINAL_TEST2.srcs/sources_1/imports/codes/forwarding_mux.v" into library xil_defaultlib
INFO: [VRFC 10-311] analyzing module forwarding_mux
INFO: [VRFC 10-2263] Analyzing Verilog file "D:/IIT BOMBAY/SEM 2/DESIGN LAB/COURSE PRPJECT/FINAL_TEST2/syn_ready_with_ila/FINAL_TEST2/FINAL_TEST2.srcs/sources_1/imports/codes/load_extend.v" into library xil_defaultlib
INFO: [VRFC 10-311] analyzing module load_extend
INFO: [VRFC 10-2263] Analyzing Verilog file "D:/IIT BOMBAY/SEM 2/DESIGN LAB/COURSE PRPJECT/FINAL_TEST2/syn_ready_with_ila/FINAL_TEST2/FINAL_TEST2.srcs/sources_1/new/Write_back_Mux.v" into library xil_defaultlib
INFO: [VRFC 10-311] analyzing module Write_back_Mux
INFO: [VRFC 10-2263] Analyzing Verilog file "D:/IIT BOMBAY/SEM 2/DESIGN LAB/COURSE PRPJECT/FINAL_TEST2/syn_ready_with_ila/FINAL_TEST2/FINAL_TEST2.srcs/sources_1/new/combinational.v" into library xil_defaultlib
INFO: [VRFC 10-311] analyzing module combinational
INFO: [VRFC 10-2263] Analyzing Verilog file "D:/IIT BOMBAY/SEM 2/DESIGN LAB/COURSE PRPJECT/FINAL_TEST2/syn_ready_with_ila/FINAL_TEST2/FINAL_TEST2.srcs/sources_1/imports/codes/inst_retire_mux.v" into library xil_defaultlib
INFO: [VRFC 10-311] analyzing module instr_retire_mux
INFO: [VRFC 10-2263] Analyzing Verilog file "D:/IIT BOMBAY/SEM 2/DESIGN LAB/COURSE PRPJECT/FINAL_TEST2/syn_ready_with_ila/FINAL_TEST2/FINAL_TEST2.srcs/sources_1/new/concat_2to1.v" into library xil_defaultlib
INFO: [VRFC 10-311] analyzing module concat_2to1
INFO: [VRFC 10-2263] Analyzing Verilog file "D:/IIT BOMBAY/SEM 2/DESIGN LAB/COURSE PRPJECT/FINAL_TEST2/syn_ready_with_ila/FINAL_TEST2/FINAL_TEST2.srcs/sources_1/new/OR_gate.v" into library xil_defaultlib
INFO: [VRFC 10-311] analyzing module or_gate
INFO: [VRFC 10-2263] Analyzing Verilog file "D:/IIT BOMBAY/SEM 2/DESIGN LAB/COURSE PRPJECT/FINAL_TEST2/syn_ready_with_ila/FINAL_TEST2/FINAL_TEST2.srcs/sources_1/imports/codes/alu_muxes.v" into library xil_defaultlib
INFO: [VRFC 10-311] analyzing module alu_muxes
INFO: [VRFC 10-2263] Analyzing Verilog file "D:/IIT BOMBAY/SEM 2/DESIGN LAB/COURSE PRPJECT/FINAL_TEST2/syn_ready_with_ila/FINAL_TEST2/FINAL_TEST2.srcs/sources_1/imports/DESIGN LAB/pc.v" into library xil_defaultlib
INFO: [VRFC 10-311] analyzing module pc
INFO: [VRFC 10-2263] Analyzing Verilog file "D:/IIT BOMBAY/SEM 2/DESIGN LAB/COURSE PRPJECT/FINAL_TEST2/syn_ready_with_ila/FINAL_TEST2/FINAL_TEST2.srcs/sources_1/imports/codes/branch_fsm.v" into library xil_defaultlib
INFO: [VRFC 10-311] analyzing module branch_fsm
INFO: [VRFC 10-2263] Analyzing Verilog file "D:/IIT BOMBAY/SEM 2/DESIGN LAB/COURSE PRPJECT/FINAL_TEST2/syn_ready_with_ila/FINAL_TEST2/FINAL_TEST2.srcs/sources_1/imports/codes/mul_fsm.v" into library xil_defaultlib
INFO: [VRFC 10-311] analyzing module mul_fsm
INFO: [VRFC 10-2263] Analyzing Verilog file "D:/IIT BOMBAY/SEM 2/DESIGN LAB/COURSE PRPJECT/FINAL_TEST2/syn_ready_with_ila/FINAL_TEST2/FINAL_TEST2.srcs/sources_1/new/IF_ID_PR.v" into library xil_defaultlib
INFO: [VRFC 10-311] analyzing module IF_ID_PR
INFO: [VRFC 10-2263] Analyzing Verilog file "D:/IIT BOMBAY/SEM 2/DESIGN LAB/COURSE PRPJECT/FINAL_TEST2/syn_ready_with_ila/FINAL_TEST2/FINAL_TEST2.srcs/sources_1/new/MA_WB_PR.v" into library xil_defaultlib
INFO: [VRFC 10-311] analyzing module MA_WB_PR
INFO: [VRFC 10-2263] Analyzing Verilog file "D:/IIT BOMBAY/SEM 2/DESIGN LAB/COURSE PRPJECT/FINAL_TEST2/syn_ready_with_ila/FINAL_TEST2/FINAL_TEST2.srcs/sources_1/imports/codes/controller.v" into library xil_defaultlib
INFO: [VRFC 10-311] analyzing module controller
INFO: [VRFC 10-2263] Analyzing Verilog file "D:/IIT BOMBAY/SEM 2/DESIGN LAB/COURSE PRPJECT/FINAL_TEST2/syn_ready_with_ila/FINAL_TEST2/FINAL_TEST2.srcs/sources_1/imports/COURSE PRPJECT/Decode/imm_extend.v" into library xil_defaultlib
INFO: [VRFC 10-311] analyzing module imm_extend
INFO: [VRFC 10-2263] Analyzing Verilog file "D:/IIT BOMBAY/SEM 2/DESIGN LAB/COURSE PRPJECT/FINAL_TEST2/syn_ready_with_ila/FINAL_TEST2/FINAL_TEST2.srcs/sources_1/new/hazard_unit.v" into library xil_defaultlib
INFO: [VRFC 10-311] analyzing module hazard_unit
INFO: [VRFC 10-2263] Analyzing Verilog file "D:/IIT BOMBAY/SEM 2/DESIGN LAB/COURSE PRPJECT/FINAL_TEST2/syn_ready_with_ila/FINAL_TEST2/FINAL_TEST2.srcs/sources_1/new/two_in32bitmix.v" into library xil_defaultlib
INFO: [VRFC 10-311] analyzing module two_in32bitmix
INFO: [VRFC 10-2263] Analyzing Verilog file "D:/IIT BOMBAY/SEM 2/DESIGN LAB/COURSE PRPJECT/FINAL_TEST2/syn_ready_with_ila/FINAL_TEST2/FINAL_TEST2.srcs/sources_1/new/ID_EX_PR.v" into library xil_defaultlib
INFO: [VRFC 10-311] analyzing module ID_EX_PR
INFO: [VRFC 10-2263] Analyzing Verilog file "D:/IIT BOMBAY/SEM 2/DESIGN LAB/COURSE PRPJECT/FINAL_TEST2/syn_ready_with_ila/FINAL_TEST2/FINAL_TEST2.srcs/sources_1/new/EX_MA_PR.v" into library xil_defaultlib
INFO: [VRFC 10-311] analyzing module EX_MA_PR
INFO: [VRFC 10-2263] Analyzing Verilog file "D:/IIT BOMBAY/SEM 2/DESIGN LAB/COURSE PRPJECT/FINAL_TEST2/syn_ready_with_ila/FINAL_TEST2/FINAL_TEST2.srcs/sources_1/imports/new/apb_master.v" into library xil_defaultlib
INFO: [VRFC 10-311] analyzing module apb_master
INFO: [VRFC 10-2263] Analyzing Verilog file "D:/IIT BOMBAY/SEM 2/DESIGN LAB/COURSE PRPJECT/FINAL_TEST2/syn_ready_with_ila/FINAL_TEST2/FINAL_TEST2.srcs/sources_1/imports/new/apb_slave_decoder.v" into library xil_defaultlib
INFO: [VRFC 10-311] analyzing module apb_slave_decoder
INFO: [VRFC 10-2263] Analyzing Verilog file "D:/IIT BOMBAY/SEM 2/DESIGN LAB/COURSE PRPJECT/FINAL_TEST2/syn_ready_with_ila/FINAL_TEST2/FINAL_TEST2.srcs/sources_1/imports/new/gpio.v" into library xil_defaultlib
INFO: [VRFC 10-311] analyzing module gpio_updated
INFO: [VRFC 10-2263] Analyzing Verilog file "D:/IIT BOMBAY/SEM 2/DESIGN LAB/COURSE PRPJECT/FINAL_TEST2/syn_ready_with_ila/FINAL_TEST2/FINAL_TEST2.srcs/sources_1/imports/new/spi.v" into library xil_defaultlib
INFO: [VRFC 10-311] analyzing module spi_apb_master_tx
INFO: [VRFC 10-2263] Analyzing Verilog file "D:/IIT BOMBAY/SEM 2/DESIGN LAB/COURSE PRPJECT/FINAL_TEST2/syn_ready_with_ila/FINAL_TEST2/FINAL_TEST2.srcs/sources_1/imports/new/top.v" into library xil_defaultlib
INFO: [VRFC 10-311] analyzing module apb_soc_top
INFO: [VRFC 10-2263] Analyzing Verilog file "D:/IIT BOMBAY/SEM 2/DESIGN LAB/COURSE PRPJECT/FINAL_TEST2/syn_ready_with_ila/FINAL_TEST2/FINAL_TEST2.srcs/sources_1/imports/sources_1/imports/new/Booth_PP.v" into library xil_defaultlib
INFO: [VRFC 10-311] analyzing module Booth_PP_FM
INFO: [VRFC 10-2263] Analyzing Verilog file "D:/IIT BOMBAY/SEM 2/DESIGN LAB/COURSE PRPJECT/FINAL_TEST2/syn_ready_with_ila/FINAL_TEST2/FINAL_TEST2.srcs/sources_1/imports/new/Dadda_tree.v" into library xil_defaultlib
INFO: [VRFC 10-311] analyzing module Dadda_tree
INFO: [VRFC 10-2263] Analyzing Verilog file "D:/IIT BOMBAY/SEM 2/DESIGN LAB/COURSE PRPJECT/FINAL_TEST2/syn_ready_with_ila/FINAL_TEST2/FINAL_TEST2.srcs/sources_1/imports/new/Q16_16.v" into library xil_defaultlib
INFO: [VRFC 10-311] analyzing module Q16_16_Mult
INFO: [VRFC 10-2263] Analyzing Verilog file "D:/IIT BOMBAY/SEM 2/DESIGN LAB/COURSE PRPJECT/FINAL_TEST2/syn_ready_with_ila/FINAL_TEST2/FINAL_TEST2.srcs/sources_1/imports/new/Booth_PP.v" into library xil_defaultlib
INFO: [VRFC 10-311] analyzing module Booth_PP
INFO: [VRFC 10-2263] Analyzing Verilog file "D:/IIT BOMBAY/SEM 2/DESIGN LAB/COURSE PRPJECT/FINAL_TEST2/syn_ready_with_ila/FINAL_TEST2/FINAL_TEST2.srcs/sources_1/imports/sources_1/imports/new/Dadda_Stage_1.v" into library xil_defaultlib
INFO: [VRFC 10-311] analyzing module Dadda_stage1
INFO: [VRFC 10-2263] Analyzing Verilog file "D:/IIT BOMBAY/SEM 2/DESIGN LAB/COURSE PRPJECT/FINAL_TEST2/syn_ready_with_ila/FINAL_TEST2/FINAL_TEST2.srcs/sources_1/imports/sources_1/imports/new/Dadda_stage_2.v" into library xil_defaultlib
INFO: [VRFC 10-311] analyzing module Dadda_stage2
INFO: [VRFC 10-2263] Analyzing Verilog file "D:/IIT BOMBAY/SEM 2/DESIGN LAB/COURSE PRPJECT/FINAL_TEST2/syn_ready_with_ila/FINAL_TEST2/FINAL_TEST2.srcs/sources_1/imports/sources_1/imports/new/mul_top.v" into library xil_defaultlib
INFO: [VRFC 10-311] analyzing module mul_top
INFO: [VRFC 10-2263] Analyzing Verilog file "D:/IIT BOMBAY/SEM 2/DESIGN LAB/COURSE PRPJECT/FINAL_TEST2/syn_ready_with_ila/FINAL_TEST2/FINAL_TEST2.srcs/sources_1/imports/sources_1/new/ALU_OPER.v" into library xil_defaultlib
INFO: [VRFC 10-311] analyzing module ALU_OPER
INFO: [VRFC 10-2263] Analyzing Verilog file "D:/IIT BOMBAY/SEM 2/DESIGN LAB/COURSE PRPJECT/FINAL_TEST2/syn_ready_with_ila/FINAL_TEST2/FINAL_TEST2.ip_user_files/bd/RiscV_BD/ip/RiscV_BD_register_file_0_0/sim/RiscV_BD_register_file_0_0.v" into library xil_defaultlib
INFO: [VRFC 10-311] analyzing module RiscV_BD_register_file_0_0
INFO: [VRFC 10-2263] Analyzing Verilog file "D:/IIT BOMBAY/SEM 2/DESIGN LAB/COURSE PRPJECT/FINAL_TEST2/syn_ready_with_ila/FINAL_TEST2/FINAL_TEST2.ip_user_files/bd/RiscV_BD/ip/RiscV_BD_csr_0_0/sim/RiscV_BD_csr_0_0.v" into library xil_defaultlib
INFO: [VRFC 10-311] analyzing module RiscV_BD_csr_0_0
INFO: [VRFC 10-2263] Analyzing Verilog file "D:/IIT BOMBAY/SEM 2/DESIGN LAB/COURSE PRPJECT/FINAL_TEST2/syn_ready_with_ila/FINAL_TEST2/FINAL_TEST2.ip_user_files/bd/RiscV_BD/ip/RiscV_BD_alu_fixed_point_mux_0_0/sim/RiscV_BD_alu_fixed_point_mux_0_0.v" into library xil_defaultlib
INFO: [VRFC 10-311] analyzing module RiscV_BD_alu_fixed_point_mux_0_0
INFO: [VRFC 10-2263] Analyzing Verilog file "D:/IIT BOMBAY/SEM 2/DESIGN LAB/COURSE PRPJECT/FINAL_TEST2/syn_ready_with_ila/FINAL_TEST2/FINAL_TEST2.ip_user_files/bd/RiscV_BD/ip/RiscV_BD_csr_mux_0_0/sim/RiscV_BD_csr_mux_0_0.v" into library xil_defaultlib
INFO: [VRFC 10-311] analyzing module RiscV_BD_csr_mux_0_0
INFO: [VRFC 10-2263] Analyzing Verilog file "D:/IIT BOMBAY/SEM 2/DESIGN LAB/COURSE PRPJECT/FINAL_TEST2/syn_ready_with_ila/FINAL_TEST2/FINAL_TEST2.ip_user_files/bd/RiscV_BD/ip/RiscV_BD_forwarding_mux_0_0/sim/RiscV_BD_forwarding_mux_0_0.v" into library xil_defaultlib
INFO: [VRFC 10-311] analyzing module RiscV_BD_forwarding_mux_0_0
INFO: [VRFC 10-2263] Analyzing Verilog file "D:/IIT BOMBAY/SEM 2/DESIGN LAB/COURSE PRPJECT/FINAL_TEST2/syn_ready_with_ila/FINAL_TEST2/FINAL_TEST2.ip_user_files/bd/RiscV_BD/ip/RiscV_BD_load_extend_0_0/sim/RiscV_BD_load_extend_0_0.v" into library xil_defaultlib
INFO: [VRFC 10-311] analyzing module RiscV_BD_load_extend_0_0
INFO: [VRFC 10-2263] Analyzing Verilog file "D:/IIT BOMBAY/SEM 2/DESIGN LAB/COURSE PRPJECT/FINAL_TEST2/syn_ready_with_ila/FINAL_TEST2/FINAL_TEST2.ip_user_files/bd/RiscV_BD/ip/RiscV_BD_Write_back_Mux_0_0/sim/RiscV_BD_Write_back_Mux_0_0.v" into library xil_defaultlib
INFO: [VRFC 10-311] analyzing module RiscV_BD_Write_back_Mux_0_0
INFO: [VRFC 10-2263] Analyzing Verilog file "D:/IIT BOMBAY/SEM 2/DESIGN LAB/COURSE PRPJECT/FINAL_TEST2/syn_ready_with_ila/FINAL_TEST2/FINAL_TEST2.ip_user_files/bd/RiscV_BD/ip/RiscV_BD_combinational_0_0/sim/RiscV_BD_combinational_0_0.v" into library xil_defaultlib
INFO: [VRFC 10-311] analyzing module RiscV_BD_combinational_0_0
INFO: [VRFC 10-2263] Analyzing Verilog file "D:/IIT BOMBAY/SEM 2/DESIGN LAB/COURSE PRPJECT/FINAL_TEST2/syn_ready_with_ila/FINAL_TEST2/FINAL_TEST2.ip_user_files/bd/RiscV_BD/ip/RiscV_BD_instr_retire_mux_0_0/sim/RiscV_BD_instr_retire_mux_0_0.v" into library xil_defaultlib
INFO: [VRFC 10-311] analyzing module RiscV_BD_instr_retire_mux_0_0
INFO: [VRFC 10-2263] Analyzing Verilog file "D:/IIT BOMBAY/SEM 2/DESIGN LAB/COURSE PRPJECT/FINAL_TEST2/syn_ready_with_ila/FINAL_TEST2/FINAL_TEST2.ip_user_files/bd/RiscV_BD/ip/RiscV_BD_concat_2to1_0_0/sim/RiscV_BD_concat_2to1_0_0.v" into library xil_defaultlib
INFO: [VRFC 10-311] analyzing module RiscV_BD_concat_2to1_0_0
INFO: [VRFC 10-2263] Analyzing Verilog file "D:/IIT BOMBAY/SEM 2/DESIGN LAB/COURSE PRPJECT/FINAL_TEST2/syn_ready_with_ila/FINAL_TEST2/FINAL_TEST2.ip_user_files/bd/RiscV_BD/ip/RiscV_BD_concat_2to1_1_0/sim/RiscV_BD_concat_2to1_1_0.v" into library xil_defaultlib
INFO: [VRFC 10-311] analyzing module RiscV_BD_concat_2to1_1_0
INFO: [VRFC 10-2263] Analyzing Verilog file "D:/IIT BOMBAY/SEM 2/DESIGN LAB/COURSE PRPJECT/FINAL_TEST2/syn_ready_with_ila/FINAL_TEST2/FINAL_TEST2.ip_user_files/bd/RiscV_BD/ip/RiscV_BD_concat_2to1_2_0/sim/RiscV_BD_concat_2to1_2_0.v" into library xil_defaultlib
INFO: [VRFC 10-311] analyzing module RiscV_BD_concat_2to1_2_0
INFO: [VRFC 10-2263] Analyzing Verilog file "D:/IIT BOMBAY/SEM 2/DESIGN LAB/COURSE PRPJECT/FINAL_TEST2/syn_ready_with_ila/FINAL_TEST2/FINAL_TEST2.ip_user_files/bd/RiscV_BD/ip/RiscV_BD_or_gate_1_0/sim/RiscV_BD_or_gate_1_0.v" into library xil_defaultlib
INFO: [VRFC 10-311] analyzing module RiscV_BD_or_gate_1_0
INFO: [VRFC 10-2263] Analyzing Verilog file "D:/IIT BOMBAY/SEM 2/DESIGN LAB/COURSE PRPJECT/FINAL_TEST2/syn_ready_with_ila/FINAL_TEST2/FINAL_TEST2.ip_user_files/bd/RiscV_BD/ip/RiscV_BD_alu_muxes_0_2/sim/RiscV_BD_alu_muxes_0_2.v" into library xil_defaultlib
INFO: [VRFC 10-311] analyzing module RiscV_BD_alu_muxes_0_2
INFO: [VRFC 10-2263] Analyzing Verilog file "D:/IIT BOMBAY/SEM 2/DESIGN LAB/COURSE PRPJECT/FINAL_TEST2/syn_ready_with_ila/FINAL_TEST2/FINAL_TEST2.ip_user_files/bd/RiscV_BD/ip/RiscV_BD_pc_0_0/sim/RiscV_BD_pc_0_0.v" into library xil_defaultlib
INFO: [VRFC 10-311] analyzing module RiscV_BD_pc_0_0
INFO: [VRFC 10-2263] Analyzing Verilog file "D:/IIT BOMBAY/SEM 2/DESIGN LAB/COURSE PRPJECT/FINAL_TEST2/syn_ready_with_ila/FINAL_TEST2/FINAL_TEST2.ip_user_files/bd/RiscV_BD/ip/RiscV_BD_branch_fsm_0_0/sim/RiscV_BD_branch_fsm_0_0.v" into library xil_defaultlib
INFO: [VRFC 10-311] analyzing module RiscV_BD_branch_fsm_0_0
INFO: [VRFC 10-2263] Analyzing Verilog file "D:/IIT BOMBAY/SEM 2/DESIGN LAB/COURSE PRPJECT/FINAL_TEST2/syn_ready_with_ila/FINAL_TEST2/FINAL_TEST2.ip_user_files/bd/RiscV_BD/ip/RiscV_BD_mul_fsm_0_0/sim/RiscV_BD_mul_fsm_0_0.v" into library xil_defaultlib
INFO: [VRFC 10-311] analyzing module RiscV_BD_mul_fsm_0_0
INFO: [VRFC 10-2263] Analyzing Verilog file "D:/IIT BOMBAY/SEM 2/DESIGN LAB/COURSE PRPJECT/FINAL_TEST2/syn_ready_with_ila/FINAL_TEST2/FINAL_TEST2.ip_user_files/bd/RiscV_BD/ip/RiscV_BD_IF_ID_PR_0_0/sim/RiscV_BD_IF_ID_PR_0_0.v" into library xil_defaultlib
INFO: [VRFC 10-311] analyzing module RiscV_BD_IF_ID_PR_0_0
INFO: [VRFC 10-2263] Analyzing Verilog file "D:/IIT BOMBAY/SEM 2/DESIGN LAB/COURSE PRPJECT/FINAL_TEST2/syn_ready_with_ila/FINAL_TEST2/FINAL_TEST2.ip_user_files/bd/RiscV_BD/ip/RiscV_BD_MA_WB_PR_0_0/sim/RiscV_BD_MA_WB_PR_0_0.v" into library xil_defaultlib
INFO: [VRFC 10-311] analyzing module RiscV_BD_MA_WB_PR_0_0
INFO: [VRFC 10-2263] Analyzing Verilog file "D:/IIT BOMBAY/SEM 2/DESIGN LAB/COURSE PRPJECT/FINAL_TEST2/syn_ready_with_ila/FINAL_TEST2/FINAL_TEST2.ip_user_files/bd/RiscV_BD/ip/RiscV_BD_controller_0_0/sim/RiscV_BD_controller_0_0.v" into library xil_defaultlib
INFO: [VRFC 10-311] analyzing module RiscV_BD_controller_0_0
INFO: [VRFC 10-2263] Analyzing Verilog file "D:/IIT BOMBAY/SEM 2/DESIGN LAB/COURSE PRPJECT/FINAL_TEST2/syn_ready_with_ila/FINAL_TEST2/FINAL_TEST2.ip_user_files/bd/RiscV_BD/ip/RiscV_BD_imm_extend_0_0/sim/RiscV_BD_imm_extend_0_0.v" into library xil_defaultlib
INFO: [VRFC 10-311] analyzing module RiscV_BD_imm_extend_0_0
INFO: [VRFC 10-2263] Analyzing Verilog file "D:/IIT BOMBAY/SEM 2/DESIGN LAB/COURSE PRPJECT/FINAL_TEST2/syn_ready_with_ila/FINAL_TEST2/FINAL_TEST2.ip_user_files/bd/RiscV_BD/ip/RiscV_BD_data_mem_0_0/sim/RiscV_BD_data_mem_0_0.v" into library xil_defaultlib
INFO: [VRFC 10-311] analyzing module RiscV_BD_data_mem_0_0
INFO: [VRFC 10-2263] Analyzing Verilog file "D:/IIT BOMBAY/SEM 2/DESIGN LAB/COURSE PRPJECT/FINAL_TEST2/syn_ready_with_ila/FINAL_TEST2/FINAL_TEST2.ip_user_files/bd/RiscV_BD/ip/RiscV_BD_hazard_unit_0_0/sim/RiscV_BD_hazard_unit_0_0.v" into library xil_defaultlib
INFO: [VRFC 10-311] analyzing module RiscV_BD_hazard_unit_0_0
INFO: [VRFC 10-2263] Analyzing Verilog file "D:/IIT BOMBAY/SEM 2/DESIGN LAB/COURSE PRPJECT/FINAL_TEST2/syn_ready_with_ila/FINAL_TEST2/FINAL_TEST2.ip_user_files/bd/RiscV_BD/ip/RiscV_BD_two_in32bitmix_0_0/sim/RiscV_BD_two_in32bitmix_0_0.v" into library xil_defaultlib
INFO: [VRFC 10-311] analyzing module RiscV_BD_two_in32bitmix_0_0
INFO: [VRFC 10-2263] Analyzing Verilog file "D:/IIT BOMBAY/SEM 2/DESIGN LAB/COURSE PRPJECT/FINAL_TEST2/syn_ready_with_ila/FINAL_TEST2/FINAL_TEST2.ip_user_files/bd/RiscV_BD/ip/RiscV_BD_two_in32bitmix_1_0/sim/RiscV_BD_two_in32bitmix_1_0.v" into library xil_defaultlib
INFO: [VRFC 10-311] analyzing module RiscV_BD_two_in32bitmix_1_0
INFO: [VRFC 10-2263] Analyzing Verilog file "D:/IIT BOMBAY/SEM 2/DESIGN LAB/COURSE PRPJECT/FINAL_TEST2/syn_ready_with_ila/FINAL_TEST2/FINAL_TEST2.ip_user_files/bd/RiscV_BD/ip/RiscV_BD_ID_EX_PR_0_0/sim/RiscV_BD_ID_EX_PR_0_0.v" into library xil_defaultlib
INFO: [VRFC 10-311] analyzing module RiscV_BD_ID_EX_PR_0_0
INFO: [VRFC 10-2263] Analyzing Verilog file "D:/IIT BOMBAY/SEM 2/DESIGN LAB/COURSE PRPJECT/FINAL_TEST2/syn_ready_with_ila/FINAL_TEST2/FINAL_TEST2.ip_user_files/bd/RiscV_BD/ip/RiscV_BD_EX_MA_PR_0_0/sim/RiscV_BD_EX_MA_PR_0_0.v" into library xil_defaultlib
INFO: [VRFC 10-311] analyzing module RiscV_BD_EX_MA_PR_0_0
INFO: [VRFC 10-2263] Analyzing Verilog file "D:/IIT BOMBAY/SEM 2/DESIGN LAB/COURSE PRPJECT/FINAL_TEST2/syn_ready_with_ila/FINAL_TEST2/FINAL_TEST2.ip_user_files/bd/RiscV_BD/ip/RiscV_BD_instr_mem_0_0/sim/RiscV_BD_instr_mem_0_0.v" into library xil_defaultlib
INFO: [VRFC 10-311] analyzing module RiscV_BD_instr_mem_0_0
INFO: [VRFC 10-2263] Analyzing Verilog file "D:/IIT BOMBAY/SEM 2/DESIGN LAB/COURSE PRPJECT/FINAL_TEST2/syn_ready_with_ila/FINAL_TEST2/FINAL_TEST2.ip_user_files/bd/RiscV_BD/ip/RiscV_BD_ila_0_0/sim/RiscV_BD_ila_0_0.v" into library xil_defaultlib
INFO: [VRFC 10-311] analyzing module RiscV_BD_ila_0_0
INFO: [VRFC 10-2263] Analyzing Verilog file "D:/IIT BOMBAY/SEM 2/DESIGN LAB/COURSE PRPJECT/FINAL_TEST2/syn_ready_with_ila/FINAL_TEST2/FINAL_TEST2.ip_user_files/bd/RiscV_BD/ip/RiscV_BD_apb_soc_top_0_0/sim/RiscV_BD_apb_soc_top_0_0.v" into library xil_defaultlib
INFO: [VRFC 10-311] analyzing module RiscV_BD_apb_soc_top_0_0
INFO: [VRFC 10-2263] Analyzing Verilog file "D:/IIT BOMBAY/SEM 2/DESIGN LAB/COURSE PRPJECT/FINAL_TEST2/syn_ready_with_ila/FINAL_TEST2/FINAL_TEST2.ip_user_files/bd/RiscV_BD/ip/RiscV_BD_Q16_16_Mult_0_0/sim/RiscV_BD_Q16_16_Mult_0_0.v" into library xil_defaultlib
INFO: [VRFC 10-311] analyzing module RiscV_BD_Q16_16_Mult_0_0
INFO: [VRFC 10-2263] Analyzing Verilog file "D:/IIT BOMBAY/SEM 2/DESIGN LAB/COURSE PRPJECT/FINAL_TEST2/syn_ready_with_ila/FINAL_TEST2/FINAL_TEST2.ip_user_files/bd/RiscV_BD/ip/RiscV_BD_ALU_OPER_0_0/sim/RiscV_BD_ALU_OPER_0_0.v" into library xil_defaultlib
INFO: [VRFC 10-311] analyzing module RiscV_BD_ALU_OPER_0_0
INFO: [VRFC 10-2263] Analyzing Verilog file "D:/IIT BOMBAY/SEM 2/DESIGN LAB/COURSE PRPJECT/FINAL_TEST2/syn_ready_with_ila/FINAL_TEST2/FINAL_TEST2.ip_user_files/bd/RiscV_BD/sim/RiscV_BD.v" into library xil_defaultlib
INFO: [VRFC 10-311] analyzing module RiscV_BD
INFO: [VRFC 10-2263] Analyzing Verilog file "D:/IIT BOMBAY/SEM 2/DESIGN LAB/COURSE PRPJECT/FINAL_TEST2/syn_ready_with_ila/FINAL_TEST2/FINAL_TEST2.gen/sources_1/bd/RiscV_BD/hdl/RiscV_BD_wrapper.v" into library xil_defaultlib
INFO: [VRFC 10-311] analyzing module RiscV_BD_wrapper
INFO: [VRFC 10-2263] Analyzing Verilog file "D:/IIT BOMBAY/SEM 2/DESIGN LAB/COURSE PRPJECT/FINAL_TEST2/syn_ready_with_ila/FINAL_TEST2/FINAL_TEST2.srcs/sim_1/new/RiscV_BD_wrapper_tb.v" into library xil_defaultlib
INFO: [VRFC 10-311] analyzing module RiscV_BD_wrapper_tb
INFO: [VRFC 10-163] Analyzing VHDL file "D:/IIT BOMBAY/SEM 2/DESIGN LAB/COURSE PRPJECT/FINAL_TEST2/syn_ready_with_ila/FINAL_TEST2/FINAL_TEST2.srcs/sources_1/new/data_mem.vhd" into library xil_defaultlib
INFO: [VRFC 10-3107] analyzing entity 'data_mem'
INFO: [VRFC 10-163] Analyzing VHDL file "D:/IIT BOMBAY/SEM 2/DESIGN LAB/COURSE PRPJECT/FINAL_TEST2/syn_ready_with_ila/FINAL_TEST2/FINAL_TEST2.srcs/sources_1/new/instr_mem.vhd" into library xil_defaultlib
INFO: [VRFC 10-3107] analyzing entity 'instr_mem'
