#
# A fatal error has been detected by the Java Runtime Environment:
#
#  EXCEPTION_ACCESS_VIOLATION (0xc0000005) at pc=0x00007ffcbbd598b8, pid=19040, tid=3520
#
# JRE version: OpenJDK Runtime Environment (11.0.2+9) (build 11.0.2+9)
# Java VM: OpenJDK 64-Bit Server VM (11.0.2+9, mixed mode, tiered, compressed oops, g1 gc, windows-amd64)
# Problematic frame:
# C  0x00007ffcbbd598b8
#
# No core dump will be written. Minidumps are not enabled by default on client versions of Windows
#
# If you would like to submit a bug report, please visit:
#   http://bugreport.java.com/bugreport/crash.jsp
# The crash happened outside the Java Virtual Machine in native code.
# See problematic frame for where to report the bug.
#

---------------  S U M M A R Y ------------

Command Line: -Dsun.java2d.pmoffscreen=false -Dhttps.protocols=TLSv1,TLSv1.1,TLSv1.2 -Dsun.java2d.xrender=false -Dsun.java2d.d3d=false -Dsun.awt.nopixfmt=true -Dsun.java2d.dpiaware=true -Dsun.java2d.uiScale.enabled=false -Xverify:none -Dswing.aatext=true -XX:-UsePerfData -Djdk.map.althashing.threshold=512 -XX:StringTableSize=4072 --add-opens=java.base/java.nio=ALL-UNNAMED --add-opens=java.desktop/sun.swing=ALL-UNNAMED --add-opens=java.desktop/javax.swing=ALL-UNNAMED --add-opens=java.desktop/javax.swing.tree=ALL-UNNAMED --add-opens=java.desktop/javax.swing.plaf.basic=ALL-UNNAMED --add-opens=java.desktop/javax.swing.plaf.synth=ALL-UNNAMED --add-opens=java.desktop/com.sun.awt=ALL-UNNAMED -XX:NewSize=60m -XX:MaxNewSize=60m -Xms128m -Xmx3072m -Xss5m 

Host: AMD Ryzen 5 7235HS                             , 8 cores, 23G,  Windows 10 , 64 bit Build 26100 (10.0.26100.8246)
Time: Fri Apr 17 05:37:32 2026 India Standard Time elapsed time: 680 seconds (0d 0h 11m 20s)

---------------  T H R E A D  ---------------

Current thread (0x000001f6d04b8000):  JavaThread "AWT-EventQueue-0" [_thread_in_native, id=3520, stack(0x0000008a2d600000,0x0000008a2db00000)]

Stack: [0x0000008a2d600000,0x0000008a2db00000],  sp=0x0000008a2dafb6c8,  free space=5101k
Native frames: (J=compiled Java code, j=interpreted, Vv=VM code, C=native code)
C  0x00007ffcbbd598b8

Java frames: (J=compiled Java code, j=interpreted, Vv=VM code)
J 22963  ui.views.waveform.waveformi.WVExecutive_getNameDataSize(J)J (0 bytes) @ 0x000001f6ca239c91 [0x000001f6ca239c40+0x0000000000000051]
J 20806 c1 ui.views.waveform.executive.a.klQ()Lui/views/waveform/executive/protobuf/WVNameValue$WVNameTreeMessage; (70 bytes) @ 0x000001f6c2a564a4 [0x000001f6c2a56420+0x0000000000000084]
J 20805 c1 ui.views.waveform.f.a.Ix(Z)Ljavax/swing/tree/TreeModel; (151 bytes) @ 0x000001f6c29a385c [0x000001f6c29a37c0+0x000000000000009c]
J 22950 c1 ui.views.waveform.f.a.Ii(Z)V (55 bytes) @ 0x000001f6c46824fc [0x000001f6c4682480+0x000000000000007c]
J 20800 c1 ui.views.waveform.f.m.Ii(Z)V (36 bytes) @ 0x000001f6c23dd484 [0x000001f6c23dd180+0x0000000000000304]
J 22073 c1 ui.views.waveform.w.aH(ZZ)V (48 bytes) @ 0x000001f6c2af5eec [0x000001f6c2af58e0+0x000000000000060c]
J 20651 c1 ui.views.waveform.c.b.j(Lui/frmwork/a/l;)V (605 bytes) @ 0x000001f6c32377dc [0x000001f6c322fc40+0x0000000000007b9c]
J 20650 c1 ui.views.waveform.w.handleTclEvent(Lui/frmwork/a/l;)V (17 bytes) @ 0x000001f6c1cdcebc [0x000001f6c1cdcde0+0x00000000000000dc]
J 17545 c2 ui.frmwork.E.i(JZ)V (471 bytes) @ 0x000001f6c9bd3d10 [0x000001f6c9bd3200+0x0000000000000b10]
J 20188 c1 ui.frmwork.E.fireTclEvent(J)I (113 bytes) @ 0x000001f6c423b744 [0x000001f6c423afa0+0x00000000000007a4]
v  ~StubRoutines::call_stub
j  ui.views.waveform.waveformi.WVExecutive_setViewportSize(JII)V+0
j  ui.views.waveform.executive.a.fO(II)V+62
j  ui.views.waveform.c.b.klo()V+131
j  ui.views.waveform.c.b$$Lambda$305.run()V+4
J 13748 c2 java.awt.event.InvocationEvent.dispatch()V java.desktop@11.0.2 (69 bytes) @ 0x000001f6c95792bc [0x000001f6c9579260+0x000000000000005c]
J 13589 c2 java.awt.EventQueue$4.run()Ljava/lang/Object; java.desktop@11.0.2 (5 bytes) @ 0x000001f6c952769c [0x000001f6c95275e0+0x00000000000000bc]
v  ~StubRoutines::call_stub
J 3734  java.security.AccessController.doPrivileged(Ljava/security/PrivilegedAction;Ljava/security/AccessControlContext;)Ljava/lang/Object; java.base@11.0.2 (0 bytes) @ 0x000001f6c8da12b6 [0x000001f6c8da1240+0x0000000000000076]
J 13579 c2 java.awt.EventQueue.dispatchEvent(Ljava/awt/AWTEvent;)V java.desktop@11.0.2 (80 bytes) @ 0x000001f6c9520d4c [0x000001f6c95207c0+0x000000000000058c]
J 21865 c2 ui.frmwork.a.d.dispatchEvent(Ljava/awt/AWTEvent;)V (42 bytes) @ 0x000001f6c8f1a294 [0x000001f6c8f1a220+0x0000000000000074]
J 16732 c2 java.awt.EventDispatchThread.pumpOneEventForFilters(I)V java.desktop@11.0.2 (113 bytes) @ 0x000001f6c8f67a24 [0x000001f6c8f678c0+0x0000000000000164]
J 22057% c1 java.awt.EventDispatchThread.pumpEventsForFilter(ILjava/awt/Conditional;Ljava/awt/EventFilter;)V java.desktop@11.0.2 (47 bytes) @ 0x000001f6c24f8a74 [0x000001f6c24f8720+0x0000000000000354]
j  java.awt.EventDispatchThread.pumpEventsForHierarchy(ILjava/awt/Conditional;Ljava/awt/Component;)V+11 java.desktop@11.0.2
j  java.awt.EventDispatchThread.pumpEvents(ILjava/awt/Conditional;)V+4 java.desktop@11.0.2
j  java.awt.EventDispatchThread.pumpEvents(Ljava/awt/Conditional;)V+3 java.desktop@11.0.2
j  java.awt.EventDispatchThread.run()V+9 java.desktop@11.0.2
v  ~StubRoutines::call_stub

siginfo: EXCEPTION_ACCESS_VIOLATION (0xc0000005), data execution prevention violation at address 0x00007ffcbbd598b8


Register to memory mapping:

RIP=0x00007ffcbbd598b8 points into unknown readable memory: 01 00 00 00 00 00 00 00
RAX=0x000001f6d8ffcad0 points into unknown readable memory: 30 07 d0 bb fc 7f 00 00
RBX=0x000001f6d8ffcad0 points into unknown readable memory: 30 07 d0 bb fc 7f 00 00
RCX=0x000001f6d8ffcad0 points into unknown readable memory: 30 07 d0 bb fc 7f 00 00
RDX=0x00007ffcbbd00730 points into unknown readable memory: d0 88 96 bb fc 7f 00 00
RSP=0x0000008a2dafb6c8 is pointing into the stack for thread: 0x000001f6d04b8000
RBP=0x0000008a2dafb749 is pointing into the stack for thread: 0x000001f6d04b8000
RSI=0x0 is NULL
RDI=0x0000008a2dafb7f0 is pointing into the stack for thread: 0x000001f6d04b8000
R8 =0x0 is NULL
R9 =0x0 is NULL
R10=0xfefefefefefefeff is an unknown value
R11=0x0000008a2dafb6a0 is pointing into the stack for thread: 0x000001f6d04b8000
R12=0x00007ffcbbcfb2e8 points into unknown readable memory: 00 00 00 00 00 00 00 00
R13=0x0000008a2dafb900 is pointing into the stack for thread: 0x000001f6d04b8000
R14=0x000001f68325ee80 points into unknown readable memory: 60 23 d3 bb fc 7f 00 00
R15=0x0 is NULL


Registers:
RAX=0x000001f6d8ffcad0, RBX=0x000001f6d8ffcad0, RCX=0x000001f6d8ffcad0, RDX=0x00007ffcbbd00730
RSP=0x0000008a2dafb6c8, RBP=0x0000008a2dafb749, RSI=0x0000000000000000, RDI=0x0000008a2dafb7f0
R8 =0x0000000000000000, R9 =0x0000000000000000, R10=0xfefefefefefefeff, R11=0x0000008a2dafb6a0
R12=0x00007ffcbbcfb2e8, R13=0x0000008a2dafb900, R14=0x000001f68325ee80, R15=0x0000000000000000
RIP=0x00007ffcbbd598b8, EFLAGS=0x0000000000010202

Top of Stack: (sp=0x0000008a2dafb6c8)
0x0000008a2dafb6c8:   00007ffcbbb7541e 00007ffdd7e08800
0x0000008a2dafb6d8:   000001f68325eea0 0000000000000000
0x0000008a2dafb6e8:   0000000000000000 0000008a00000000
0x0000008a2dafb6f8:   0000008a2dafbaf0 fffffffffffffffe
0x0000008a2dafb708:   00007ffdd7ce0100 68537463656a624f
0x0000008a2dafb718:   0000000000000000 000000000000000f
0x0000008a2dafb728:   0000000000000000 0000008a2dafb7f0
0x0000008a2dafb738:   0000000000000000 000000000000000f
0x0000008a2dafb748:   61007375422d7677 31335b7274730072
0x0000008a2dafb758:   0000000000000006 000000000000000f
0x0000008a2dafb768:   00004105ae52da59 0000000000000000
0x0000008a2dafb778:   0000000000000000 0000008a2dafb900
0x0000008a2dafb788:   0000008a2dafbaf0 0000008a2dafbb40
0x0000008a2dafb798:   000001f68325ee80 000001f6f7c287d0
0x0000008a2dafb7a8:   00007ffcbbb74d46 0000008a2dafbb40
0x0000008a2dafb7b8:   00007ffcf1807383 0000008a2dafbb40 

Instructions: (pc=0x00007ffcbbd598b8)
0x00007ffcbbd59898:   00 00 00 00 ff ff ff ff 00 00 00 00 40 00 00 00
0x00007ffcbbd598a8:   58 98 43 00 00 00 00 00 00 00 00 00 00 00 00 00
0x00007ffcbbd598b8:   01 00 00 00 00 00 00 00 00 00 00 00 f0 17 57 00
0x00007ffcbbd598c8:   e0 98 43 00 b8 98 43 00 00 00 00 00 00 00 00 00 


Stack slot to memory mapping:
stack at sp + 0 slots: 0x00007ffcbbb7541e points into unknown readable memory: 48 8b
stack at sp + 1 slots: 0x00007ffdd7e08800 ucrtbase.dll
stack at sp + 2 slots: 0x000001f68325eea0 points into unknown readable memory: a8 24 d3 bb fc 7f 00 00
stack at sp + 3 slots: 0x0 is NULL
stack at sp + 4 slots: 0x0 is NULL
stack at sp + 5 slots: 0x0000008a00000000 is an unknown value
stack at sp + 6 slots: 0x0000008a2dafbaf0 is pointing into the stack for thread: 0x000001f6d04b8000
stack at sp + 7 slots: 0xfffffffffffffffe is an unknown value


---------------  P R O C E S S  ---------------

Threads class SMR info:
_java_thread_list=0x000001f6ed7ad860, length=36, elements={
0x000001f6a3a1c800, 0x000001f6aa34a000, 0x000001f6c03f4800, 0x000001f6a82a7800,
0x000001f6a82a8000, 0x000001f6a82aa000, 0x000001f6a7ecb800, 0x000001f6a7ecd000,
0x000001f6aa4d7800, 0x000001f6aa4dc800, 0x000001f6aa686000, 0x000001f6aacb4800,
0x000001f6aacb5000, 0x000001f6d0241800, 0x000001f6d04b8000, 0x000001f6d10ae800,
0x000001f6d04b9800, 0x000001f6d0485800, 0x000001f6d0898000, 0x000001f6d0897000,
0x000001f6d0898800, 0x000001f6d089b000, 0x000001f6d089d000, 0x000001f6d089d800,
0x000001f6ed152800, 0x000001f6ed154800, 0x000001f6ed157000, 0x000001f6ed157800,
0x000001f6ed156000, 0x000001f6ed152000, 0x000001f6ed150800, 0x000001f6ed15a000,
0x000001f6837de000, 0x000001f6837de800, 0x000001f6837e2000, 0x000001f6837df800
}

Java Threads: ( => current thread )
  0x000001f6a3a1c800 JavaThread "main" [_thread_blocked, id=19452, stack(0x0000008a28e00000,0x0000008a28f00000)]
  0x000001f6aa34a000 JavaThread "Reference Handler" daemon [_thread_blocked, id=8984, stack(0x0000008a29500000,0x0000008a29a00000)]
  0x000001f6c03f4800 JavaThread "Finalizer" daemon [_thread_blocked, id=14684, stack(0x0000008a29a00000,0x0000008a29f00000)]
  0x000001f6a82a7800 JavaThread "Signal Dispatcher" daemon [_thread_blocked, id=20016, stack(0x0000008a29f00000,0x0000008a2a400000)]
  0x000001f6a82a8000 JavaThread "Attach Listener" daemon [_thread_blocked, id=18948, stack(0x0000008a2a400000,0x0000008a2a900000)]
  0x000001f6a82aa000 JavaThread "C2 CompilerThread0" daemon [_thread_blocked, id=5568, stack(0x0000008a2a900000,0x0000008a2aa00000)]
  0x000001f6a7ecb800 JavaThread "C1 CompilerThread0" daemon [_thread_blocked, id=6300, stack(0x0000008a2aa00000,0x0000008a2ab00000)]
  0x000001f6a7ecd000 JavaThread "Sweeper thread" daemon [_thread_blocked, id=3168, stack(0x0000008a2ab00000,0x0000008a2b000000)]
  0x000001f6aa4d7800 JavaThread "Common-Cleaner" daemon [_thread_blocked, id=868, stack(0x0000008a2b000000,0x0000008a2b500000)]
  0x000001f6aa4dc800 JavaThread "Service Thread" daemon [_thread_blocked, id=3852, stack(0x0000008a2b500000,0x0000008a2ba00000)]
  0x000001f6aa686000 JavaThread "Java2D Disposer" daemon [_thread_blocked, id=3744, stack(0x0000008a2bb00000,0x0000008a2c000000)]
  0x000001f6aacb4800 JavaThread "AWT-Shutdown" [_thread_blocked, id=1660, stack(0x0000008a2c000000,0x0000008a2c500000)]
  0x000001f6aacb5000 JavaThread "AWT-Windows" daemon [_thread_in_native, id=8668, stack(0x0000008a2c500000,0x0000008a2ca00000)]
  0x000001f6d0241800 JavaThread "TimerQueue" daemon [_thread_blocked, id=10616, stack(0x0000008a2ca00000,0x0000008a2cf00000)]
=>0x000001f6d04b8000 JavaThread "AWT-EventQueue-0" [_thread_in_native, id=3520, stack(0x0000008a2d600000,0x0000008a2db00000)]
  0x000001f6d10ae800 JavaThread "Thread-1" [_thread_in_native, id=13144, stack(0x0000008a27800000,0x0000008a28c00000)]
  0x000001f6d04b9800 JavaThread "Process Messages Thread" [_thread_blocked, id=23488, stack(0x0000008a2e000000,0x0000008a2e500000)]
  0x000001f6d0485800 JavaThread "Batik CleanerThread" daemon [_thread_blocked, id=9932, stack(0x0000008a2ed00000,0x0000008a2f200000)]
  0x000001f6d0898000 JavaThread "SyntheticaCleanerThread" daemon [_thread_blocked, id=1920, stack(0x0000008a2fa00000,0x0000008a2ff00000)]
  0x000001f6d0897000 JavaThread "Monitor HEventQueue Thread" [_thread_blocked, id=14484, stack(0x0000008a2ff00000,0x0000008a30400000)]
  0x000001f6d0898800 JavaThread "SyntheticaAnimation 50" daemon [_thread_blocked, id=17100, stack(0x0000008a30400000,0x0000008a30900000)]
  0x000001f6d089b000 JavaThread "SyntheticaAnimation 25" daemon [_thread_blocked, id=22572, stack(0x0000008a30a00000,0x0000008a30f00000)]
  0x000001f6d089d000 JavaThread "SyntheticaAnimation 70" daemon [_thread_blocked, id=11988, stack(0x0000008a31400000,0x0000008a31900000)]
  0x000001f6d089d800 JavaThread "Refresh Filesets Swing Worker Thread" [_thread_blocked, id=15684, stack(0x0000008a2f200000,0x0000008a2f700000)]
  0x000001f6ed152800 JavaThread "hw_ila_monitor" [_thread_blocked, id=9824, stack(0x0000008a31900000,0x0000008a31e00000)]
  0x000001f6ed154800 JavaThread "pool-1-thread-1" [_thread_blocked, id=7160, stack(0x0000008a2cf00000,0x0000008a2d400000)]
  0x000001f6ed157000 JavaThread "pool-2-thread-1" [_thread_blocked, id=5428, stack(0x0000008a32800000,0x0000008a32d00000)]
  0x000001f6ed157800 JavaThread "pool-3-thread-1" [_thread_blocked, id=7068, stack(0x0000008a32d00000,0x0000008a33200000)]
  0x000001f6ed156000 JavaThread "Update Runs Swing Worker Thread" [_thread_blocked, id=17196, stack(0x0000008a33200000,0x0000008a33700000)]
  0x000001f6ed152000 JavaThread "Thread-44" [_thread_in_native, id=6728, stack(0x0000008a33700000,0x0000008a33800000)]
  0x000001f6ed150800 JavaThread "Thread-57" [_thread_in_native, id=10756, stack(0x0000008a33800000,0x0000008a33900000)]
  0x000001f6ed15a000 JavaThread "SyntheticaAnimation 50" daemon [_thread_blocked, id=2900, stack(0x0000008a31e00000,0x0000008a32300000)]
  0x000001f6837de000 JavaThread "Timer-0" [_thread_blocked, id=8972, stack(0x0000008a33e00000,0x0000008a34300000)]
  0x000001f6837de800 JavaThread "Monitor File Timestamp Swing Worker Thread" [_thread_blocked, id=10428, stack(0x0000008a34300000,0x0000008a34800000)]
  0x000001f6837e2000 JavaThread "Image Fetcher 0" daemon [_thread_blocked, id=14044, stack(0x0000008a32300000,0x0000008a32800000)]
  0x000001f6837df800 JavaThread "Relaunch Simulation Thread" [_thread_blocked, id=13104, stack(0x0000008a33700000,0x0000008a33c00000)]

Other Threads:
  0x000001f6a81c2000 VMThread "VM Thread" [stack: 0x0000008a29400000,0x0000008a29500000] [id=4388]
  0x000001f6dfa91000 WatcherThread [stack: 0x0000008a2ba00000,0x0000008a2bb00000] [id=12616]
  0x000001f6dfe0e800 GCTaskThread "GC Thread#0" [stack: 0x0000008a28f00000,0x0000008a29000000] [id=5856]
  0x000001f6d0430800 GCTaskThread "GC Thread#1" [stack: 0x0000008a2e500000,0x0000008a2e600000] [id=18760]
  0x000001f6d0602800 GCTaskThread "GC Thread#2" [stack: 0x0000008a2e600000,0x0000008a2e700000] [id=20112]
  0x000001f6d0911000 GCTaskThread "GC Thread#3" [stack: 0x0000008a2e700000,0x0000008a2e800000] [id=2664]
  0x000001f6d0912000 GCTaskThread "GC Thread#4" [stack: 0x0000008a2e800000,0x0000008a2e900000] [id=23068]
  0x000001f6d060c800 GCTaskThread "GC Thread#5" [stack: 0x0000008a2e900000,0x0000008a2ea00000] [id=16780]
  0x000001f6d060d800 GCTaskThread "GC Thread#6" [stack: 0x0000008a2ea00000,0x0000008a2eb00000] [id=23188]
  0x000001f6d0996800 GCTaskThread "GC Thread#7" [stack: 0x0000008a2eb00000,0x0000008a2ec00000] [id=21772]
  0x000001f6ace8d800 ConcurrentGCThread "G1 Main Marker" [stack: 0x0000008a29000000,0x0000008a29100000] [id=20188]
  0x000001f6a8556800 ConcurrentGCThread "G1 Conc#0" [stack: 0x0000008a29100000,0x0000008a29200000] [id=10000]
  0x000001f6d0675800 ConcurrentGCThread "G1 Conc#1" [stack: 0x0000008a2db00000,0x0000008a2dc00000] [id=18824]
  0x000001f6a8a9e800 ConcurrentGCThread "G1 Refine#0" [stack: 0x0000008a29200000,0x0000008a29300000] [id=5472]
  0x000001f6d0b9b800 ConcurrentGCThread "G1 Refine#1" [stack: 0x0000008a2ec00000,0x0000008a2ed00000] [id=19868]
  0x000001f6d19e4000 ConcurrentGCThread "G1 Refine#2" [stack: 0x0000008a2f900000,0x0000008a2fa00000] [id=14672]
  0x000001f6d0680000 ConcurrentGCThread "G1 Refine#3" [stack: 0x0000008a30900000,0x0000008a30a00000] [id=20312]
  0x000001f6a3b43800 ConcurrentGCThread "G1 Young RemSet Sampling" [stack: 0x0000008a29300000,0x0000008a29400000] [id=15636]

Threads with active compile tasks:

VM state:not at safepoint (normal execution)

VM Mutex/Monitor currently owned by a thread: None

Heap address: 0x0000000740000000, size: 3072 MB, Compressed Oops mode: Zero based, Oop shift amount: 3
Narrow klass base: 0x0000000800000000, Narrow klass shift: 0
Compressed class space size: 1073741824 Address: 0x0000000800000000

Heap:
 garbage-first heap   total 309248K, used 106560K [0x0000000740000000, 0x0000000800000000)
  region size 1024K, 9 young (9216K), 1 survivors (1024K)
 Metaspace       used 98943K, capacity 101735K, committed 101788K, reserved 1136640K
  class space    used 13630K, capacity 14904K, committed 14924K, reserved 1048576K
Heap Regions: E=young(eden), S=young(survivor), O=old, HS=humongous(starts), HC=humongous(continues), CS=collection set, F=free, A=archive, TAMS=top-at-mark-start (previous, next)
|   0|0x0000000740000000, 0x0000000740100000, 0x0000000740100000|100%|HS|  |TAMS 0x0000000740000000, 0x0000000740000000| Untracked 
|   1|0x0000000740100000, 0x0000000740200000, 0x0000000740200000|100%|HC|  |TAMS 0x0000000740100000, 0x0000000740100000| Untracked 
|   2|0x0000000740200000, 0x0000000740300000, 0x0000000740300000|100%|HS|  |TAMS 0x0000000740200000, 0x0000000740200000| Untracked 
|   3|0x0000000740300000, 0x00000007403ffff8, 0x0000000740400000| 99%| O|  |TAMS 0x0000000740300000, 0x0000000740300000| Untracked 
|   4|0x0000000740400000, 0x00000007404ffff8, 0x0000000740500000| 99%| O|  |TAMS 0x0000000740400000, 0x0000000740400000| Untracked 
|   5|0x0000000740500000, 0x00000007405ffff8, 0x0000000740600000| 99%| O|  |TAMS 0x0000000740500000, 0x0000000740500000| Untracked 
|   6|0x0000000740600000, 0x00000007406ffff8, 0x0000000740700000| 99%| O|  |TAMS 0x0000000740600000, 0x0000000740600000| Untracked 
|   7|0x0000000740700000, 0x0000000740800000, 0x0000000740800000|100%| O|  |TAMS 0x0000000740700000, 0x0000000740700000| Untracked 
|   8|0x0000000740800000, 0x0000000740900000, 0x0000000740900000|100%| O|  |TAMS 0x0000000740800000, 0x0000000740800000| Untracked 
|   9|0x0000000740900000, 0x00000007409ffff8, 0x0000000740a00000| 99%| O|  |TAMS 0x0000000740900000, 0x0000000740900000| Untracked 
|  10|0x0000000740a00000, 0x0000000740b00000, 0x0000000740b00000|100%| O|  |TAMS 0x0000000740a00000, 0x0000000740a00000| Untracked 
|  11|0x0000000740b00000, 0x0000000740c00000, 0x0000000740c00000|100%| O|  |TAMS 0x0000000740b00000, 0x0000000740b00000| Untracked 
|  12|0x0000000740c00000, 0x0000000740cffff0, 0x0000000740d00000| 99%| O|  |TAMS 0x0000000740c00000, 0x0000000740c00000| Untracked 
|  13|0x0000000740d00000, 0x0000000740dfffe8, 0x0000000740e00000| 99%| O|  |TAMS 0x0000000740d00000, 0x0000000740d00000| Untracked 
|  14|0x0000000740e00000, 0x0000000740effe58, 0x0000000740f00000| 99%| O|  |TAMS 0x0000000740e00000, 0x0000000740e00000| Untracked 
|  15|0x0000000740f00000, 0x0000000741000000, 0x0000000741000000|100%| O|  |TAMS 0x0000000740f00000, 0x0000000740f00000| Untracked 
|  16|0x0000000741000000, 0x00000007410fca10, 0x0000000741100000| 98%| O|  |TAMS 0x0000000741000000, 0x0000000741000000| Untracked 
|  17|0x0000000741100000, 0x0000000741200000, 0x0000000741200000|100%| O|  |TAMS 0x0000000741100000, 0x0000000741100000| Untracked 
|  18|0x0000000741200000, 0x00000007412fffe8, 0x0000000741300000| 99%| O|  |TAMS 0x0000000741200000, 0x0000000741200000| Untracked 
|  19|0x0000000741300000, 0x00000007413ffff8, 0x0000000741400000| 99%| O|  |TAMS 0x0000000741300000, 0x0000000741300000| Untracked 
|  20|0x0000000741400000, 0x0000000741500000, 0x0000000741500000|100%| O|  |TAMS 0x0000000741400000, 0x0000000741400000| Untracked 
|  21|0x0000000741500000, 0x0000000741600000, 0x0000000741600000|100%|HS|  |TAMS 0x0000000741500000, 0x0000000741500000| Untracked 
|  22|0x0000000741600000, 0x00000007416ffff8, 0x0000000741700000| 99%| O|  |TAMS 0x0000000741600000, 0x0000000741600000| Untracked 
|  23|0x0000000741700000, 0x00000007417ffff0, 0x0000000741800000| 99%| O|  |TAMS 0x0000000741700000, 0x0000000741700000| Untracked 
|  24|0x0000000741800000, 0x0000000741900000, 0x0000000741900000|100%| O|  |TAMS 0x0000000741800000, 0x0000000741800000| Untracked 
|  25|0x0000000741900000, 0x00000007419ffff0, 0x0000000741a00000| 99%| O|  |TAMS 0x0000000741900000, 0x0000000741900000| Untracked 
|  26|0x0000000741a00000, 0x0000000741affff0, 0x0000000741b00000| 99%| O|  |TAMS 0x0000000741a00000, 0x0000000741a00000| Untracked 
|  27|0x0000000741b00000, 0x0000000741bffff8, 0x0000000741c00000| 99%| O|  |TAMS 0x0000000741b00000, 0x0000000741b00000| Untracked 
|  28|0x0000000741c00000, 0x0000000741cffff0, 0x0000000741d00000| 99%| O|  |TAMS 0x0000000741c00000, 0x0000000741c00000| Untracked 
|  29|0x0000000741d00000, 0x0000000741dffff8, 0x0000000741e00000| 99%| O|  |TAMS 0x0000000741d00000, 0x0000000741d00000| Untracked 
|  30|0x0000000741e00000, 0x0000000741f00000, 0x0000000741f00000|100%| O|  |TAMS 0x0000000741e00000, 0x0000000741e00000| Untracked 
|  31|0x0000000741f00000, 0x0000000741fffff8, 0x0000000742000000| 99%| O|  |TAMS 0x0000000741f00000, 0x0000000741f00000| Untracked 
|  32|0x0000000742000000, 0x0000000742100000, 0x0000000742100000|100%| O|  |TAMS 0x0000000742000000, 0x0000000742000000| Untracked 
|  33|0x0000000742100000, 0x00000007421ffff8, 0x0000000742200000| 99%| O|  |TAMS 0x0000000742100000, 0x0000000742100000| Untracked 
|  34|0x0000000742200000, 0x0000000742300000, 0x0000000742300000|100%| O|  |TAMS 0x0000000742200000, 0x0000000742200000| Untracked 
|  35|0x0000000742300000, 0x0000000742400000, 0x0000000742400000|100%| O|  |TAMS 0x0000000742300000, 0x0000000742300000| Untracked 
|  36|0x0000000742400000, 0x00000007424ffff0, 0x0000000742500000| 99%| O|  |TAMS 0x0000000742400000, 0x0000000742400000| Untracked 
|  37|0x0000000742500000, 0x0000000742600000, 0x0000000742600000|100%| O|  |TAMS 0x0000000742500000, 0x0000000742500000| Untracked 
|  38|0x0000000742600000, 0x0000000742700000, 0x0000000742700000|100%| O|  |TAMS 0x0000000742600000, 0x0000000742600000| Untracked 
|  39|0x0000000742700000, 0x00000007427ffff0, 0x0000000742800000| 99%| O|  |TAMS 0x0000000742700000, 0x0000000742700000| Untracked 
|  40|0x0000000742800000, 0x00000007428ffff8, 0x0000000742900000| 99%| O|  |TAMS 0x0000000742800000, 0x0000000742800000| Untracked 
|  41|0x0000000742900000, 0x0000000742a00000, 0x0000000742a00000|100%| O|  |TAMS 0x0000000742900000, 0x0000000742900000| Untracked 
|  42|0x0000000742a00000, 0x0000000742b00000, 0x0000000742b00000|100%|HS|  |TAMS 0x0000000742a00000, 0x0000000742a00000| Untracked 
|  43|0x0000000742b00000, 0x0000000742c00000, 0x0000000742c00000|100%|HC|  |TAMS 0x0000000742b00000, 0x0000000742b00000| Untracked 
|  44|0x0000000742c00000, 0x0000000742d00000, 0x0000000742d00000|100%|HC|  |TAMS 0x0000000742c00000, 0x0000000742c00000| Untracked 
|  45|0x0000000742d00000, 0x0000000742e00000, 0x0000000742e00000|100%|HC|  |TAMS 0x0000000742d00000, 0x0000000742d00000| Untracked 
|  46|0x0000000742e00000, 0x0000000742f00000, 0x0000000742f00000|100%|HC|  |TAMS 0x0000000742e00000, 0x0000000742e00000| Untracked 
|  47|0x0000000742f00000, 0x0000000743000000, 0x0000000743000000|100%|HC|  |TAMS 0x0000000742f00000, 0x0000000742f00000| Untracked 
|  48|0x0000000743000000, 0x0000000743100000, 0x0000000743100000|100%|HC|  |TAMS 0x0000000743000000, 0x0000000743000000| Untracked 
|  49|0x0000000743100000, 0x0000000743200000, 0x0000000743200000|100%|HC|  |TAMS 0x0000000743100000, 0x0000000743100000| Untracked 
|  50|0x0000000743200000, 0x0000000743300000, 0x0000000743300000|100%| O|  |TAMS 0x0000000743200000, 0x0000000743200000| Untracked 
|  51|0x0000000743300000, 0x00000007433ffec0, 0x0000000743400000| 99%| O|  |TAMS 0x0000000743300000, 0x0000000743300000| Untracked 
|  52|0x0000000743400000, 0x00000007434fff30, 0x0000000743500000| 99%| O|  |TAMS 0x0000000743400000, 0x0000000743400000| Untracked 
|  53|0x0000000743500000, 0x00000007435ffff0, 0x0000000743600000| 99%| O|  |TAMS 0x0000000743500000, 0x0000000743500000| Untracked 
|  54|0x0000000743600000, 0x00000007436fffe0, 0x0000000743700000| 99%| O|  |TAMS 0x0000000743600000, 0x0000000743600000| Untracked 
|  55|0x0000000743700000, 0x00000007437fffd0, 0x0000000743800000| 99%| O|  |TAMS 0x0000000743700000, 0x0000000743700000| Untracked 
|  56|0x0000000743800000, 0x00000007438fffe8, 0x0000000743900000| 99%| O|  |TAMS 0x0000000743800000, 0x0000000743800000| Untracked 
|  57|0x0000000743900000, 0x00000007439fff98, 0x0000000743a00000| 99%| O|  |TAMS 0x0000000743900000, 0x0000000743900000| Untracked 
|  58|0x0000000743a00000, 0x0000000743b00000, 0x0000000743b00000|100%|HS|  |TAMS 0x0000000743a00000, 0x0000000743a00000| Untracked 
|  59|0x0000000743b00000, 0x0000000743c00000, 0x0000000743c00000|100%|HC|  |TAMS 0x0000000743b00000, 0x0000000743b00000| Untracked 
|  60|0x0000000743c00000, 0x0000000743d00000, 0x0000000743d00000|100%|HC|  |TAMS 0x0000000743c00000, 0x0000000743c00000| Untracked 
|  61|0x0000000743d00000, 0x0000000743e00000, 0x0000000743e00000|100%| O|  |TAMS 0x0000000743d00000, 0x0000000743d00000| Untracked 
|  62|0x0000000743e00000, 0x0000000743f00000, 0x0000000743f00000|100%| O|  |TAMS 0x0000000743e00000, 0x0000000743e00000| Untracked 
|  63|0x0000000743f00000, 0x0000000744000000, 0x0000000744000000|100%| O|  |TAMS 0x0000000743f00000, 0x0000000743f00000| Untracked 
|  64|0x0000000744000000, 0x00000007440ffff8, 0x0000000744100000| 99%| O|  |TAMS 0x0000000744000000, 0x0000000744000000| Untracked 
|  65|0x0000000744100000, 0x00000007441fffe0, 0x0000000744200000| 99%| O|  |TAMS 0x0000000744100000, 0x0000000744100000| Untracked 
|  66|0x0000000744200000, 0x0000000744300000, 0x0000000744300000|100%| O|  |TAMS 0x0000000744200000, 0x0000000744200000| Untracked 
|  67|0x0000000744300000, 0x00000007443ffff8, 0x0000000744400000| 99%| O|  |TAMS 0x0000000744300000, 0x0000000744300000| Untracked 
|  68|0x0000000744400000, 0x0000000744500000, 0x0000000744500000|100%| O|  |TAMS 0x0000000744400000, 0x0000000744400000| Untracked 
|  69|0x0000000744500000, 0x0000000744600000, 0x0000000744600000|100%| O|  |TAMS 0x0000000744500000, 0x0000000744500000| Untracked 
|  70|0x0000000744600000, 0x0000000744700000, 0x0000000744700000|100%| O|  |TAMS 0x0000000744600000, 0x0000000744600000| Untracked 
|  71|0x0000000744700000, 0x00000007447fffd0, 0x0000000744800000| 99%| O|  |TAMS 0x0000000744700000, 0x0000000744700000| Untracked 
|  72|0x0000000744800000, 0x00000007448fffe8, 0x0000000744900000| 99%| O|  |TAMS 0x0000000744800000, 0x0000000744800000| Untracked 
|  73|0x0000000744900000, 0x0000000744a00000, 0x0000000744a00000|100%| O|  |TAMS 0x0000000744900000, 0x0000000744900000| Untracked 
|  74|0x0000000744a00000, 0x0000000744affff0, 0x0000000744b00000| 99%| O|  |TAMS 0x0000000744a00000, 0x0000000744a00000| Untracked 
|  75|0x0000000744b00000, 0x0000000744c00000, 0x0000000744c00000|100%| O|  |TAMS 0x0000000744b00000, 0x0000000744b00000| Untracked 
|  76|0x0000000744c00000, 0x0000000744cffff0, 0x0000000744d00000| 99%| O|  |TAMS 0x0000000744c00000, 0x0000000744c00000| Untracked 
|  77|0x0000000744d00000, 0x0000000744dfffc0, 0x0000000744e00000| 99%| O|  |TAMS 0x0000000744d00000, 0x0000000744d00000| Untracked 
|  78|0x0000000744e00000, 0x0000000744effff0, 0x0000000744f00000| 99%| O|  |TAMS 0x0000000744e00000, 0x0000000744e00000| Untracked 
|  79|0x0000000744f00000, 0x0000000745000000, 0x0000000745000000|100%| O|  |TAMS 0x0000000744f00000, 0x0000000744f00000| Untracked 
|  80|0x0000000745000000, 0x00000007450fffe8, 0x0000000745100000| 99%| O|  |TAMS 0x0000000745000000, 0x0000000745000000| Untracked 
|  81|0x0000000745100000, 0x00000007451ffff8, 0x0000000745200000| 99%| O|  |TAMS 0x0000000745100000, 0x0000000745100000| Untracked 
|  82|0x0000000745200000, 0x00000007452fffd0, 0x0000000745300000| 99%| O|  |TAMS 0x0000000745200000, 0x0000000745200000| Untracked 
|  83|0x0000000745300000, 0x00000007453ffff0, 0x0000000745400000| 99%| O|  |TAMS 0x0000000745300000, 0x0000000745300000| Untracked 
|  84|0x0000000745400000, 0x00000007454ffff0, 0x0000000745500000| 99%| O|  |TAMS 0x0000000745400000, 0x0000000745400000| Untracked 
|  85|0x0000000745500000, 0x00000007455fffd0, 0x0000000745600000| 99%| O|  |TAMS 0x0000000745500000, 0x0000000745500000| Untracked 
|  86|0x0000000745600000, 0x00000007456ffff0, 0x0000000745700000| 99%| O|  |TAMS 0x0000000745600000, 0x0000000745600000| Untracked 
|  87|0x0000000745700000, 0x0000000745800000, 0x0000000745800000|100%| O|  |TAMS 0x0000000745700000, 0x0000000745700000| Untracked 
|  88|0x0000000745800000, 0x00000007458e0330, 0x0000000745900000| 87%| O|  |TAMS 0x0000000745800000, 0x0000000745800000| Untracked 
|  89|0x0000000745900000, 0x00000007459b62e8, 0x0000000745a00000| 71%| O|  |TAMS 0x0000000745900000, 0x0000000745900000| Untracked 
|  90|0x0000000745a00000, 0x0000000745aaab00, 0x0000000745b00000| 66%| O|  |TAMS 0x0000000745a00000, 0x0000000745a00000| Untracked 
|  91|0x0000000745b00000, 0x0000000745baacb8, 0x0000000745c00000| 66%| O|  |TAMS 0x0000000745b00000, 0x0000000745b00000| Untracked 
|  92|0x0000000745c00000, 0x0000000745c3f0f8, 0x0000000745d00000| 24%| O|  |TAMS 0x0000000745c00000, 0x0000000745c00000| Untracked 
|  93|0x0000000745d00000, 0x0000000745e00000, 0x0000000745e00000|100%|HS|  |TAMS 0x0000000745d00000, 0x0000000745d00000| Complete 
|  94|0x0000000745e00000, 0x0000000745f00000, 0x0000000745f00000|100%|HC|  |TAMS 0x0000000745e00000, 0x0000000745e00000| Complete 
|  95|0x0000000745f00000, 0x0000000746000000, 0x0000000746000000|100%|HC|  |TAMS 0x0000000745f00000, 0x0000000745f00000| Complete 
|  96|0x0000000746000000, 0x0000000746100000, 0x0000000746100000|100%|HS|  |TAMS 0x0000000746000000, 0x0000000746000000| Untracked 
|  97|0x0000000746100000, 0x0000000746200000, 0x0000000746200000|100%|HC|  |TAMS 0x0000000746100000, 0x0000000746100000| Untracked 
|  98|0x0000000746200000, 0x0000000746200000, 0x0000000746300000|  0%| F|  |TAMS 0x0000000746200000, 0x0000000746200000| Untracked 
|  99|0x0000000746300000, 0x0000000746300000, 0x0000000746400000|  0%| F|  |TAMS 0x0000000746300000, 0x0000000746300000| Untracked 
| 100|0x0000000746400000, 0x0000000746400000, 0x0000000746500000|  0%| F|  |TAMS 0x0000000746400000, 0x0000000746400000| Untracked 
| 101|0x0000000746500000, 0x0000000746500000, 0x0000000746600000|  0%| F|  |TAMS 0x0000000746500000, 0x0000000746500000| Untracked 
| 102|0x0000000746600000, 0x0000000746600000, 0x0000000746700000|  0%| F|  |TAMS 0x0000000746600000, 0x0000000746600000| Untracked 
| 103|0x0000000746700000, 0x0000000746700000, 0x0000000746800000|  0%| F|  |TAMS 0x0000000746700000, 0x0000000746700000| Untracked 
| 104|0x0000000746800000, 0x0000000746800000, 0x0000000746900000|  0%| F|  |TAMS 0x0000000746800000, 0x0000000746800000| Untracked 
| 105|0x0000000746900000, 0x0000000746900000, 0x0000000746a00000|  0%| F|  |TAMS 0x0000000746900000, 0x0000000746900000| Untracked 
| 106|0x0000000746a00000, 0x0000000746a00000, 0x0000000746b00000|  0%| F|  |TAMS 0x0000000746a00000, 0x0000000746a00000| Untracked 
| 107|0x0000000746b00000, 0x0000000746b00000, 0x0000000746c00000|  0%| F|  |TAMS 0x0000000746b00000, 0x0000000746b00000| Untracked 
| 108|0x0000000746c00000, 0x0000000746c00000, 0x0000000746d00000|  0%| F|  |TAMS 0x0000000746c00000, 0x0000000746c00000| Untracked 
| 109|0x0000000746d00000, 0x0000000746d00000, 0x0000000746e00000|  0%| F|  |TAMS 0x0000000746d00000, 0x0000000746d00000| Untracked 
| 110|0x0000000746e00000, 0x0000000746e00000, 0x0000000746f00000|  0%| F|  |TAMS 0x0000000746e00000, 0x0000000746e00000| Untracked 
| 111|0x0000000746f00000, 0x0000000746f00000, 0x0000000747000000|  0%| F|  |TAMS 0x0000000746f00000, 0x0000000746f00000| Untracked 
| 112|0x0000000747000000, 0x0000000747000000, 0x0000000747100000|  0%| F|  |TAMS 0x0000000747000000, 0x0000000747000000| Untracked 
| 113|0x0000000747100000, 0x0000000747100000, 0x0000000747200000|  0%| F|  |TAMS 0x0000000747100000, 0x0000000747100000| Untracked 
| 114|0x0000000747200000, 0x0000000747200000, 0x0000000747300000|  0%| F|  |TAMS 0x0000000747200000, 0x0000000747200000| Untracked 
| 115|0x0000000747300000, 0x0000000747300000, 0x0000000747400000|  0%| F|  |TAMS 0x0000000747300000, 0x0000000747300000| Untracked 
| 116|0x0000000747400000, 0x0000000747400000, 0x0000000747500000|  0%| F|  |TAMS 0x0000000747400000, 0x0000000747400000| Untracked 
| 117|0x0000000747500000, 0x0000000747500000, 0x0000000747600000|  0%| F|  |TAMS 0x0000000747500000, 0x0000000747500000| Untracked 
| 118|0x0000000747600000, 0x0000000747600000, 0x0000000747700000|  0%| F|  |TAMS 0x0000000747600000, 0x0000000747600000| Untracked 
| 119|0x0000000747700000, 0x0000000747700000, 0x0000000747800000|  0%| F|  |TAMS 0x0000000747700000, 0x0000000747700000| Untracked 
| 120|0x0000000747800000, 0x0000000747800000, 0x0000000747900000|  0%| F|  |TAMS 0x0000000747800000, 0x0000000747800000| Untracked 
| 121|0x0000000747900000, 0x0000000747900000, 0x0000000747a00000|  0%| F|  |TAMS 0x0000000747900000, 0x0000000747900000| Untracked 
| 122|0x0000000747a00000, 0x0000000747a00000, 0x0000000747b00000|  0%| F|  |TAMS 0x0000000747a00000, 0x0000000747a00000| Untracked 
| 123|0x0000000747b00000, 0x0000000747b00000, 0x0000000747c00000|  0%| F|  |TAMS 0x0000000747b00000, 0x0000000747b00000| Untracked 
| 124|0x0000000747c00000, 0x0000000747c00000, 0x0000000747d00000|  0%| F|  |TAMS 0x0000000747c00000, 0x0000000747c00000| Untracked 
| 125|0x0000000747d00000, 0x0000000747d00000, 0x0000000747e00000|  0%| F|  |TAMS 0x0000000747d00000, 0x0000000747d00000| Untracked 
| 126|0x0000000747e00000, 0x0000000747e00000, 0x0000000747f00000|  0%| F|  |TAMS 0x0000000747e00000, 0x0000000747e00000| Untracked 
| 127|0x0000000747f00000, 0x0000000747f00000, 0x0000000748000000|  0%| F|  |TAMS 0x0000000747f00000, 0x0000000747f00000| Untracked 
| 128|0x0000000748000000, 0x0000000748000000, 0x0000000748100000|  0%| F|  |TAMS 0x0000000748000000, 0x0000000748000000| Untracked 
| 129|0x0000000748100000, 0x0000000748100000, 0x0000000748200000|  0%| F|  |TAMS 0x0000000748100000, 0x0000000748100000| Untracked 
| 130|0x0000000748200000, 0x0000000748200000, 0x0000000748300000|  0%| F|  |TAMS 0x0000000748200000, 0x0000000748200000| Untracked 
| 131|0x0000000748300000, 0x0000000748300000, 0x0000000748400000|  0%| F|  |TAMS 0x0000000748300000, 0x0000000748300000| Untracked 
| 132|0x0000000748400000, 0x0000000748400000, 0x0000000748500000|  0%| F|  |TAMS 0x0000000748400000, 0x0000000748400000| Untracked 
| 133|0x0000000748500000, 0x0000000748500000, 0x0000000748600000|  0%| F|  |TAMS 0x0000000748500000, 0x0000000748500000| Untracked 
| 134|0x0000000748600000, 0x0000000748600000, 0x0000000748700000|  0%| F|  |TAMS 0x0000000748600000, 0x0000000748600000| Untracked 
| 135|0x0000000748700000, 0x0000000748700000, 0x0000000748800000|  0%| F|  |TAMS 0x0000000748700000, 0x0000000748700000| Untracked 
| 136|0x0000000748800000, 0x0000000748800000, 0x0000000748900000|  0%| F|  |TAMS 0x0000000748800000, 0x0000000748800000| Untracked 
| 137|0x0000000748900000, 0x0000000748900000, 0x0000000748a00000|  0%| F|  |TAMS 0x0000000748900000, 0x0000000748900000| Untracked 
| 138|0x0000000748a00000, 0x0000000748a00000, 0x0000000748b00000|  0%| F|  |TAMS 0x0000000748a00000, 0x0000000748a00000| Untracked 
| 139|0x0000000748b00000, 0x0000000748b00000, 0x0000000748c00000|  0%| F|  |TAMS 0x0000000748b00000, 0x0000000748b00000| Untracked 
| 140|0x0000000748c00000, 0x0000000748c00000, 0x0000000748d00000|  0%| F|  |TAMS 0x0000000748c00000, 0x0000000748c00000| Untracked 
| 141|0x0000000748d00000, 0x0000000748d00000, 0x0000000748e00000|  0%| F|  |TAMS 0x0000000748d00000, 0x0000000748d00000| Untracked 
| 142|0x0000000748e00000, 0x0000000748e00000, 0x0000000748f00000|  0%| F|  |TAMS 0x0000000748e00000, 0x0000000748e00000| Untracked 
| 143|0x0000000748f00000, 0x0000000748f00000, 0x0000000749000000|  0%| F|  |TAMS 0x0000000748f00000, 0x0000000748f00000| Untracked 
| 144|0x0000000749000000, 0x0000000749000000, 0x0000000749100000|  0%| F|  |TAMS 0x0000000749000000, 0x0000000749000000| Untracked 
| 145|0x0000000749100000, 0x0000000749100000, 0x0000000749200000|  0%| F|  |TAMS 0x0000000749100000, 0x0000000749100000| Untracked 
| 146|0x0000000749200000, 0x0000000749200000, 0x0000000749300000|  0%| F|  |TAMS 0x0000000749200000, 0x0000000749200000| Untracked 
| 147|0x0000000749300000, 0x0000000749300000, 0x0000000749400000|  0%| F|  |TAMS 0x0000000749300000, 0x0000000749300000| Untracked 
| 148|0x0000000749400000, 0x0000000749413268, 0x0000000749500000|  7%| O|  |TAMS 0x0000000749400000, 0x0000000749400000| Untracked 
| 149|0x0000000749500000, 0x0000000749500000, 0x0000000749600000|  0%| F|  |TAMS 0x0000000749500000, 0x0000000749500000| Untracked 
| 150|0x0000000749600000, 0x0000000749600000, 0x0000000749700000|  0%| F|  |TAMS 0x0000000749600000, 0x0000000749600000| Untracked 
| 151|0x0000000749700000, 0x0000000749700000, 0x0000000749800000|  0%| F|  |TAMS 0x0000000749700000, 0x0000000749700000| Untracked 
| 152|0x0000000749800000, 0x0000000749800000, 0x0000000749900000|  0%| F|  |TAMS 0x0000000749800000, 0x0000000749800000| Untracked 
| 153|0x0000000749900000, 0x0000000749900000, 0x0000000749a00000|  0%| F|  |TAMS 0x0000000749900000, 0x0000000749900000| Untracked 
| 154|0x0000000749a00000, 0x0000000749a00000, 0x0000000749b00000|  0%| F|  |TAMS 0x0000000749a00000, 0x0000000749a00000| Untracked 
| 155|0x0000000749b00000, 0x0000000749b00000, 0x0000000749c00000|  0%| F|  |TAMS 0x0000000749b00000, 0x0000000749b00000| Untracked 
| 156|0x0000000749c00000, 0x0000000749c00000, 0x0000000749d00000|  0%| F|  |TAMS 0x0000000749c00000, 0x0000000749c00000| Untracked 
| 157|0x0000000749d00000, 0x0000000749d00000, 0x0000000749e00000|  0%| F|  |TAMS 0x0000000749d00000, 0x0000000749d00000| Untracked 
| 158|0x0000000749e00000, 0x0000000749e00000, 0x0000000749f00000|  0%| F|  |TAMS 0x0000000749e00000, 0x0000000749e00000| Untracked 
| 159|0x0000000749f00000, 0x0000000749f00000, 0x000000074a000000|  0%| F|  |TAMS 0x0000000749f00000, 0x0000000749f00000| Untracked 
| 160|0x000000074a000000, 0x000000074a000000, 0x000000074a100000|  0%| F|  |TAMS 0x000000074a000000, 0x000000074a000000| Untracked 
| 161|0x000000074a100000, 0x000000074a100000, 0x000000074a200000|  0%| F|  |TAMS 0x000000074a100000, 0x000000074a100000| Untracked 
| 162|0x000000074a200000, 0x000000074a200000, 0x000000074a300000|  0%| F|  |TAMS 0x000000074a200000, 0x000000074a200000| Untracked 
| 163|0x000000074a300000, 0x000000074a300000, 0x000000074a400000|  0%| F|  |TAMS 0x000000074a300000, 0x000000074a300000| Untracked 
| 164|0x000000074a400000, 0x000000074a400000, 0x000000074a500000|  0%| F|  |TAMS 0x000000074a400000, 0x000000074a400000| Untracked 
| 165|0x000000074a500000, 0x000000074a500000, 0x000000074a600000|  0%| F|  |TAMS 0x000000074a500000, 0x000000074a500000| Untracked 
| 166|0x000000074a600000, 0x000000074a600000, 0x000000074a700000|  0%| F|  |TAMS 0x000000074a600000, 0x000000074a600000| Untracked 
| 167|0x000000074a700000, 0x000000074a700000, 0x000000074a800000|  0%| F|  |TAMS 0x000000074a700000, 0x000000074a700000| Untracked 
| 168|0x000000074a800000, 0x000000074a800000, 0x000000074a900000|  0%| F|  |TAMS 0x000000074a800000, 0x000000074a800000| Untracked 
| 169|0x000000074a900000, 0x000000074a900000, 0x000000074aa00000|  0%| F|  |TAMS 0x000000074a900000, 0x000000074a900000| Untracked 
| 170|0x000000074aa00000, 0x000000074aa00000, 0x000000074ab00000|  0%| F|  |TAMS 0x000000074aa00000, 0x000000074aa00000| Untracked 
| 171|0x000000074ab00000, 0x000000074ab00000, 0x000000074ac00000|  0%| F|  |TAMS 0x000000074ab00000, 0x000000074ab00000| Untracked 
| 172|0x000000074ac00000, 0x000000074ac00000, 0x000000074ad00000|  0%| F|  |TAMS 0x000000074ac00000, 0x000000074ac00000| Untracked 
| 173|0x000000074ad00000, 0x000000074ad00000, 0x000000074ae00000|  0%| F|  |TAMS 0x000000074ad00000, 0x000000074ad00000| Untracked 
| 174|0x000000074ae00000, 0x000000074ae00000, 0x000000074af00000|  0%| F|  |TAMS 0x000000074ae00000, 0x000000074ae00000| Untracked 
| 175|0x000000074af00000, 0x000000074af00000, 0x000000074b000000|  0%| F|  |TAMS 0x000000074af00000, 0x000000074af00000| Untracked 
| 176|0x000000074b000000, 0x000000074b000000, 0x000000074b100000|  0%| F|  |TAMS 0x000000074b000000, 0x000000074b000000| Untracked 
| 177|0x000000074b100000, 0x000000074b100000, 0x000000074b200000|  0%| F|  |TAMS 0x000000074b100000, 0x000000074b100000| Untracked 
| 178|0x000000074b200000, 0x000000074b200000, 0x000000074b300000|  0%| F|  |TAMS 0x000000074b200000, 0x000000074b200000| Untracked 
| 179|0x000000074b300000, 0x000000074b300000, 0x000000074b400000|  0%| F|  |TAMS 0x000000074b300000, 0x000000074b300000| Untracked 
| 180|0x000000074b400000, 0x000000074b400000, 0x000000074b500000|  0%| F|  |TAMS 0x000000074b400000, 0x000000074b400000| Untracked 
| 181|0x000000074b500000, 0x000000074b500000, 0x000000074b600000|  0%| F|  |TAMS 0x000000074b500000, 0x000000074b500000| Untracked 
| 182|0x000000074b600000, 0x000000074b600000, 0x000000074b700000|  0%| F|  |TAMS 0x000000074b600000, 0x000000074b600000| Untracked 
| 183|0x000000074b700000, 0x000000074b700000, 0x000000074b800000|  0%| F|  |TAMS 0x000000074b700000, 0x000000074b700000| Untracked 
| 184|0x000000074b800000, 0x000000074b800000, 0x000000074b900000|  0%| F|  |TAMS 0x000000074b800000, 0x000000074b800000| Untracked 
| 185|0x000000074b900000, 0x000000074b900000, 0x000000074ba00000|  0%| F|  |TAMS 0x000000074b900000, 0x000000074b900000| Untracked 
| 186|0x000000074ba00000, 0x000000074ba00000, 0x000000074bb00000|  0%| F|  |TAMS 0x000000074ba00000, 0x000000074ba00000| Untracked 
| 187|0x000000074bb00000, 0x000000074bb00000, 0x000000074bc00000|  0%| F|  |TAMS 0x000000074bb00000, 0x000000074bb00000| Untracked 
| 188|0x000000074bc00000, 0x000000074bc00000, 0x000000074bd00000|  0%| F|  |TAMS 0x000000074bc00000, 0x000000074bc00000| Untracked 
| 189|0x000000074bd00000, 0x000000074bd00000, 0x000000074be00000|  0%| F|  |TAMS 0x000000074bd00000, 0x000000074bd00000| Untracked 
| 190|0x000000074be00000, 0x000000074be00000, 0x000000074bf00000|  0%| F|  |TAMS 0x000000074be00000, 0x000000074be00000| Untracked 
| 191|0x000000074bf00000, 0x000000074bf00000, 0x000000074c000000|  0%| F|  |TAMS 0x000000074bf00000, 0x000000074bf00000| Untracked 
| 192|0x000000074c000000, 0x000000074c000000, 0x000000074c100000|  0%| F|  |TAMS 0x000000074c000000, 0x000000074c000000| Untracked 
| 193|0x000000074c100000, 0x000000074c100000, 0x000000074c200000|  0%| F|  |TAMS 0x000000074c100000, 0x000000074c100000| Untracked 
| 194|0x000000074c200000, 0x000000074c200000, 0x000000074c300000|  0%| F|  |TAMS 0x000000074c200000, 0x000000074c200000| Untracked 
| 195|0x000000074c300000, 0x000000074c300000, 0x000000074c400000|  0%| F|  |TAMS 0x000000074c300000, 0x000000074c300000| Untracked 
| 196|0x000000074c400000, 0x000000074c400000, 0x000000074c500000|  0%| F|  |TAMS 0x000000074c400000, 0x000000074c400000| Untracked 
| 197|0x000000074c500000, 0x000000074c500000, 0x000000074c600000|  0%| F|  |TAMS 0x000000074c500000, 0x000000074c500000| Untracked 
| 198|0x000000074c600000, 0x000000074c600000, 0x000000074c700000|  0%| F|  |TAMS 0x000000074c600000, 0x000000074c600000| Untracked 
| 199|0x000000074c700000, 0x000000074c700000, 0x000000074c800000|  0%| F|  |TAMS 0x000000074c700000, 0x000000074c700000| Untracked 
| 200|0x000000074c800000, 0x000000074c800000, 0x000000074c900000|  0%| F|  |TAMS 0x000000074c800000, 0x000000074c800000| Untracked 
| 201|0x000000074c900000, 0x000000074c900000, 0x000000074ca00000|  0%| F|  |TAMS 0x000000074c900000, 0x000000074c900000| Untracked 
| 202|0x000000074ca00000, 0x000000074ca00000, 0x000000074cb00000|  0%| F|  |TAMS 0x000000074ca00000, 0x000000074ca00000| Untracked 
| 203|0x000000074cb00000, 0x000000074cb00000, 0x000000074cc00000|  0%| F|  |TAMS 0x000000074cb00000, 0x000000074cb00000| Untracked 
| 204|0x000000074cc00000, 0x000000074cc00000, 0x000000074cd00000|  0%| F|  |TAMS 0x000000074cc00000, 0x000000074cc00000| Untracked 
| 205|0x000000074cd00000, 0x000000074cd00000, 0x000000074ce00000|  0%| F|  |TAMS 0x000000074cd00000, 0x000000074cd00000| Untracked 
| 206|0x000000074ce00000, 0x000000074ce00000, 0x000000074cf00000|  0%| F|  |TAMS 0x000000074ce00000, 0x000000074ce00000| Untracked 
| 207|0x000000074cf00000, 0x000000074cf00000, 0x000000074d000000|  0%| F|  |TAMS 0x000000074cf00000, 0x000000074cf00000| Untracked 
| 208|0x000000074d000000, 0x000000074d000000, 0x000000074d100000|  0%| F|  |TAMS 0x000000074d000000, 0x000000074d000000| Untracked 
| 209|0x000000074d100000, 0x000000074d100000, 0x000000074d200000|  0%| F|  |TAMS 0x000000074d100000, 0x000000074d100000| Untracked 
| 210|0x000000074d200000, 0x000000074d200000, 0x000000074d300000|  0%| F|  |TAMS 0x000000074d200000, 0x000000074d200000| Untracked 
| 211|0x000000074d300000, 0x000000074d300000, 0x000000074d400000|  0%| F|  |TAMS 0x000000074d300000, 0x000000074d300000| Untracked 
| 212|0x000000074d400000, 0x000000074d400000, 0x000000074d500000|  0%| F|  |TAMS 0x000000074d400000, 0x000000074d400000| Untracked 
| 213|0x000000074d500000, 0x000000074d500000, 0x000000074d600000|  0%| F|  |TAMS 0x000000074d500000, 0x000000074d500000| Untracked 
| 214|0x000000074d600000, 0x000000074d600000, 0x000000074d700000|  0%| F|  |TAMS 0x000000074d600000, 0x000000074d600000| Untracked 
| 215|0x000000074d700000, 0x000000074d700000, 0x000000074d800000|  0%| F|  |TAMS 0x000000074d700000, 0x000000074d700000| Untracked 
| 216|0x000000074d800000, 0x000000074d800000, 0x000000074d900000|  0%| F|  |TAMS 0x000000074d800000, 0x000000074d800000| Untracked 
| 217|0x000000074d900000, 0x000000074d900000, 0x000000074da00000|  0%| F|  |TAMS 0x000000074d900000, 0x000000074d900000| Untracked 
| 218|0x000000074da00000, 0x000000074da00000, 0x000000074db00000|  0%| F|  |TAMS 0x000000074da00000, 0x000000074da00000| Untracked 
| 219|0x000000074db00000, 0x000000074db00000, 0x000000074dc00000|  0%| F|  |TAMS 0x000000074db00000, 0x000000074db00000| Untracked 
| 220|0x000000074dc00000, 0x000000074dc00000, 0x000000074dd00000|  0%| F|  |TAMS 0x000000074dc00000, 0x000000074dc00000| Untracked 
| 221|0x000000074dd00000, 0x000000074dd00000, 0x000000074de00000|  0%| F|  |TAMS 0x000000074dd00000, 0x000000074dd00000| Untracked 
| 222|0x000000074de00000, 0x000000074de00000, 0x000000074df00000|  0%| F|  |TAMS 0x000000074de00000, 0x000000074de00000| Untracked 
| 223|0x000000074df00000, 0x000000074df00000, 0x000000074e000000|  0%| F|  |TAMS 0x000000074df00000, 0x000000074df00000| Untracked 
| 224|0x000000074e000000, 0x000000074e000000, 0x000000074e100000|  0%| F|  |TAMS 0x000000074e000000, 0x000000074e000000| Untracked 
| 225|0x000000074e100000, 0x000000074e100000, 0x000000074e200000|  0%| F|  |TAMS 0x000000074e100000, 0x000000074e100000| Untracked 
| 226|0x000000074e200000, 0x000000074e200000, 0x000000074e300000|  0%| F|  |TAMS 0x000000074e200000, 0x000000074e200000| Untracked 
| 227|0x000000074e300000, 0x000000074e300000, 0x000000074e400000|  0%| F|  |TAMS 0x000000074e300000, 0x000000074e300000| Untracked 
| 228|0x000000074e400000, 0x000000074e400000, 0x000000074e500000|  0%| F|  |TAMS 0x000000074e400000, 0x000000074e400000| Untracked 
| 229|0x000000074e500000, 0x000000074e500000, 0x000000074e600000|  0%| F|  |TAMS 0x000000074e500000, 0x000000074e500000| Untracked 
| 230|0x000000074e600000, 0x000000074e600000, 0x000000074e700000|  0%| F|  |TAMS 0x000000074e600000, 0x000000074e600000| Untracked 
| 231|0x000000074e700000, 0x000000074e700000, 0x000000074e800000|  0%| F|  |TAMS 0x000000074e700000, 0x000000074e700000| Untracked 
| 232|0x000000074e800000, 0x000000074e800000, 0x000000074e900000|  0%| F|  |TAMS 0x000000074e800000, 0x000000074e800000| Untracked 
| 233|0x000000074e900000, 0x000000074e900000, 0x000000074ea00000|  0%| F|  |TAMS 0x000000074e900000, 0x000000074e900000| Untracked 
| 234|0x000000074ea00000, 0x000000074ea00000, 0x000000074eb00000|  0%| F|  |TAMS 0x000000074ea00000, 0x000000074ea00000| Untracked 
| 235|0x000000074eb00000, 0x000000074eb00000, 0x000000074ec00000|  0%| F|  |TAMS 0x000000074eb00000, 0x000000074eb00000| Untracked 
| 236|0x000000074ec00000, 0x000000074ec00000, 0x000000074ed00000|  0%| F|  |TAMS 0x000000074ec00000, 0x000000074ec00000| Untracked 
| 237|0x000000074ed00000, 0x000000074ed00000, 0x000000074ee00000|  0%| F|  |TAMS 0x000000074ed00000, 0x000000074ed00000| Untracked 
| 238|0x000000074ee00000, 0x000000074ee00000, 0x000000074ef00000|  0%| F|  |TAMS 0x000000074ee00000, 0x000000074ee00000| Untracked 
| 239|0x000000074ef00000, 0x000000074ef00000, 0x000000074f000000|  0%| F|  |TAMS 0x000000074ef00000, 0x000000074ef00000| Untracked 
| 240|0x000000074f000000, 0x000000074f0c85b0, 0x000000074f100000| 78%| S|CS|TAMS 0x000000074f000000, 0x000000074f000000| Complete 
| 241|0x000000074f100000, 0x000000074f100000, 0x000000074f200000|  0%| F|  |TAMS 0x000000074f100000, 0x000000074f100000| Untracked 
| 242|0x000000074f200000, 0x000000074f200000, 0x000000074f300000|  0%| F|  |TAMS 0x000000074f200000, 0x000000074f200000| Untracked 
| 243|0x000000074f300000, 0x000000074f300000, 0x000000074f400000|  0%| F|  |TAMS 0x000000074f300000, 0x000000074f300000| Untracked 
| 244|0x000000074f400000, 0x000000074f400000, 0x000000074f500000|  0%| F|  |TAMS 0x000000074f400000, 0x000000074f400000| Untracked 
| 245|0x000000074f500000, 0x000000074f500000, 0x000000074f600000|  0%| F|  |TAMS 0x000000074f500000, 0x000000074f500000| Untracked 
| 246|0x000000074f600000, 0x000000074f600000, 0x000000074f700000|  0%| F|  |TAMS 0x000000074f600000, 0x000000074f600000| Untracked 
| 247|0x000000074f700000, 0x000000074f700000, 0x000000074f800000|  0%| F|  |TAMS 0x000000074f700000, 0x000000074f700000| Untracked 
| 248|0x000000074f800000, 0x000000074f800000, 0x000000074f900000|  0%| F|  |TAMS 0x000000074f800000, 0x000000074f800000| Untracked 
| 249|0x000000074f900000, 0x000000074f900000, 0x000000074fa00000|  0%| F|  |TAMS 0x000000074f900000, 0x000000074f900000| Untracked 
| 250|0x000000074fa00000, 0x000000074fa00000, 0x000000074fb00000|  0%| F|  |TAMS 0x000000074fa00000, 0x000000074fa00000| Untracked 
| 251|0x000000074fb00000, 0x000000074fb00000, 0x000000074fc00000|  0%| F|  |TAMS 0x000000074fb00000, 0x000000074fb00000| Untracked 
| 252|0x000000074fc00000, 0x000000074fc00000, 0x000000074fd00000|  0%| F|  |TAMS 0x000000074fc00000, 0x000000074fc00000| Untracked 
| 253|0x000000074fd00000, 0x000000074fd00000, 0x000000074fe00000|  0%| F|  |TAMS 0x000000074fd00000, 0x000000074fd00000| Untracked 
| 254|0x000000074fe00000, 0x000000074fe00000, 0x000000074ff00000|  0%| F|  |TAMS 0x000000074fe00000, 0x000000074fe00000| Untracked 
| 255|0x000000074ff00000, 0x000000074ff00000, 0x0000000750000000|  0%| F|  |TAMS 0x000000074ff00000, 0x000000074ff00000| Untracked 
| 256|0x0000000750000000, 0x0000000750000000, 0x0000000750100000|  0%| F|  |TAMS 0x0000000750000000, 0x0000000750000000| Untracked 
| 257|0x0000000750100000, 0x0000000750100000, 0x0000000750200000|  0%| F|  |TAMS 0x0000000750100000, 0x0000000750100000| Untracked 
| 258|0x0000000750200000, 0x0000000750200000, 0x0000000750300000|  0%| F|  |TAMS 0x0000000750200000, 0x0000000750200000| Untracked 
| 259|0x0000000750300000, 0x0000000750300000, 0x0000000750400000|  0%| F|  |TAMS 0x0000000750300000, 0x0000000750300000| Untracked 
| 260|0x0000000750400000, 0x0000000750400000, 0x0000000750500000|  0%| F|  |TAMS 0x0000000750400000, 0x0000000750400000| Untracked 
| 261|0x0000000750500000, 0x0000000750500000, 0x0000000750600000|  0%| F|  |TAMS 0x0000000750500000, 0x0000000750500000| Untracked 
| 262|0x0000000750600000, 0x0000000750600000, 0x0000000750700000|  0%| F|  |TAMS 0x0000000750600000, 0x0000000750600000| Untracked 
| 263|0x0000000750700000, 0x0000000750700000, 0x0000000750800000|  0%| F|  |TAMS 0x0000000750700000, 0x0000000750700000| Untracked 
| 264|0x0000000750800000, 0x0000000750800000, 0x0000000750900000|  0%| F|  |TAMS 0x0000000750800000, 0x0000000750800000| Untracked 
| 265|0x0000000750900000, 0x0000000750900000, 0x0000000750a00000|  0%| F|  |TAMS 0x0000000750900000, 0x0000000750900000| Untracked 
| 266|0x0000000750a00000, 0x0000000750a00000, 0x0000000750b00000|  0%| F|  |TAMS 0x0000000750a00000, 0x0000000750a00000| Untracked 
| 267|0x0000000750b00000, 0x0000000750b00000, 0x0000000750c00000|  0%| F|  |TAMS 0x0000000750b00000, 0x0000000750b00000| Untracked 
| 268|0x0000000750c00000, 0x0000000750c00000, 0x0000000750d00000|  0%| F|  |TAMS 0x0000000750c00000, 0x0000000750c00000| Untracked 
| 269|0x0000000750d00000, 0x0000000750d00000, 0x0000000750e00000|  0%| F|  |TAMS 0x0000000750d00000, 0x0000000750d00000| Untracked 
| 270|0x0000000750e00000, 0x0000000750e00000, 0x0000000750f00000|  0%| F|  |TAMS 0x0000000750e00000, 0x0000000750e00000| Untracked 
| 271|0x0000000750f00000, 0x0000000750f00000, 0x0000000751000000|  0%| F|  |TAMS 0x0000000750f00000, 0x0000000750f00000| Untracked 
| 272|0x0000000751000000, 0x0000000751000000, 0x0000000751100000|  0%| F|  |TAMS 0x0000000751000000, 0x0000000751000000| Untracked 
| 273|0x0000000751100000, 0x0000000751100000, 0x0000000751200000|  0%| F|  |TAMS 0x0000000751100000, 0x0000000751100000| Untracked 
| 274|0x0000000751200000, 0x0000000751200000, 0x0000000751300000|  0%| F|  |TAMS 0x0000000751200000, 0x0000000751200000| Untracked 
| 275|0x0000000751300000, 0x0000000751300000, 0x0000000751400000|  0%| F|  |TAMS 0x0000000751300000, 0x0000000751300000| Untracked 
| 276|0x0000000751400000, 0x0000000751400000, 0x0000000751500000|  0%| F|  |TAMS 0x0000000751400000, 0x0000000751400000| Untracked 
| 277|0x0000000751500000, 0x0000000751500000, 0x0000000751600000|  0%| F|  |TAMS 0x0000000751500000, 0x0000000751500000| Untracked 
| 278|0x0000000751600000, 0x0000000751600000, 0x0000000751700000|  0%| F|  |TAMS 0x0000000751600000, 0x0000000751600000| Untracked 
| 279|0x0000000751700000, 0x0000000751700000, 0x0000000751800000|  0%| F|  |TAMS 0x0000000751700000, 0x0000000751700000| Untracked 
| 280|0x0000000751800000, 0x0000000751800000, 0x0000000751900000|  0%| F|  |TAMS 0x0000000751800000, 0x0000000751800000| Untracked 
| 281|0x0000000751900000, 0x0000000751900000, 0x0000000751a00000|  0%| F|  |TAMS 0x0000000751900000, 0x0000000751900000| Untracked 
| 282|0x0000000751a00000, 0x0000000751a00000, 0x0000000751b00000|  0%| F|  |TAMS 0x0000000751a00000, 0x0000000751a00000| Untracked 
| 283|0x0000000751b00000, 0x0000000751b00000, 0x0000000751c00000|  0%| F|  |TAMS 0x0000000751b00000, 0x0000000751b00000| Untracked 
| 284|0x0000000751c00000, 0x0000000751c00000, 0x0000000751d00000|  0%| F|  |TAMS 0x0000000751c00000, 0x0000000751c00000| Untracked 
| 285|0x0000000751d00000, 0x0000000751d00000, 0x0000000751e00000|  0%| F|  |TAMS 0x0000000751d00000, 0x0000000751d00000| Untracked 
| 286|0x0000000751e00000, 0x0000000751e00000, 0x0000000751f00000|  0%| F|  |TAMS 0x0000000751e00000, 0x0000000751e00000| Untracked 
| 287|0x0000000751f00000, 0x0000000751f00000, 0x0000000752000000|  0%| F|  |TAMS 0x0000000751f00000, 0x0000000751f00000| Untracked 
| 288|0x0000000752000000, 0x0000000752000000, 0x0000000752100000|  0%| F|  |TAMS 0x0000000752000000, 0x0000000752000000| Untracked 
| 289|0x0000000752100000, 0x0000000752100000, 0x0000000752200000|  0%| F|  |TAMS 0x0000000752100000, 0x0000000752100000| Untracked 
| 290|0x0000000752200000, 0x0000000752200000, 0x0000000752300000|  0%| F|  |TAMS 0x0000000752200000, 0x0000000752200000| Untracked 
| 291|0x0000000752300000, 0x0000000752300000, 0x0000000752400000|  0%| F|  |TAMS 0x0000000752300000, 0x0000000752300000| Untracked 
| 292|0x0000000752400000, 0x0000000752400000, 0x0000000752500000|  0%| F|  |TAMS 0x0000000752400000, 0x0000000752400000| Untracked 
| 293|0x0000000752500000, 0x0000000752519a50, 0x0000000752600000| 10%| E|  |TAMS 0x0000000752500000, 0x0000000752500000| Complete 
| 294|0x0000000752600000, 0x0000000752700000, 0x0000000752700000|100%| E|CS|TAMS 0x0000000752600000, 0x0000000752600000| Complete 
| 295|0x0000000752700000, 0x0000000752800000, 0x0000000752800000|100%| E|CS|TAMS 0x0000000752700000, 0x0000000752700000| Complete 
| 296|0x0000000752800000, 0x0000000752900000, 0x0000000752900000|100%| E|CS|TAMS 0x0000000752800000, 0x0000000752800000| Complete 
| 297|0x0000000752900000, 0x0000000752a00000, 0x0000000752a00000|100%| E|CS|TAMS 0x0000000752900000, 0x0000000752900000| Complete 
| 298|0x0000000752a00000, 0x0000000752b00000, 0x0000000752b00000|100%| E|CS|TAMS 0x0000000752a00000, 0x0000000752a00000| Complete 
| 299|0x0000000752b00000, 0x0000000752b0d870, 0x0000000752c00000|  5%| O|  |TAMS 0x0000000752b00000, 0x0000000752b00000| Untracked 
| 300|0x0000000752c00000, 0x0000000752d00000, 0x0000000752d00000|100%| E|CS|TAMS 0x0000000752c00000, 0x0000000752c00000| Complete 
| 301|0x0000000752d00000, 0x0000000752e00000, 0x0000000752e00000|100%| E|CS|TAMS 0x0000000752d00000, 0x0000000752d00000| Complete 

Card table byte_map: [0x000001f6ab840000,0x000001f6abe40000] _byte_map_base: 0x000001f6a7e40000

Marking Bits (Prev, Next): (CMBitMap*) 0x000001f6e31b2490, (CMBitMap*) 0x000001f6e31b2458
 Prev Bits: [0x000001f6b87c0000, 0x000001f6bb7c0000)
 Next Bits: [0x000001f6b57c0000, 0x000001f6b87c0000)

Polling page: 0x000001f6a0d00000

Metaspace:

Usage:
  Non-class:     84.80 MB capacity,    83.31 MB ( 98%) used,     1.11 MB (  1%) free+waste,   379.50 KB ( <1%) overhead. 
      Class:     14.55 MB capacity,    13.31 MB ( 91%) used,     1.06 MB (  7%) free+waste,   184.06 KB (  1%) overhead. 
       Both:     99.35 MB capacity,    96.62 MB ( 97%) used,     2.18 MB (  2%) free+waste,   563.56 KB ( <1%) overhead. 

Virtual space:
  Non-class space:       86.00 MB reserved,      84.83 MB ( 99%) committed 
      Class space:        1.00 GB reserved,      14.57 MB (  1%) committed 
             Both:        1.08 GB reserved,      99.40 MB (  9%) committed 

Chunk freelists:
   Non-Class:  4.13 KB
       Class:  1.00 KB
        Both:  5.13 KB

CodeHeap 'non-profiled nmethods': size=120000Kb used=23507Kb max_used=23507Kb free=96492Kb
 bounds [0x000001f6c8bb0000, 0x000001f6ca2b0000, 0x000001f6d00e0000]
CodeHeap 'profiled nmethods': size=120000Kb used=48989Kb max_used=49170Kb free=71010Kb
 bounds [0x000001f6c1680000, 0x000001f6c46f0000, 0x000001f6c8bb0000]
CodeHeap 'non-nmethods': size=5760Kb used=1695Kb max_used=1746Kb free=4065Kb
 bounds [0x000001f6c10e0000, 0x000001f6c1350000, 0x000001f6c1680000]
 total_blobs=34337 nmethods=18830 adapters=1170
 compilation: enabled
              stopped_count=0, restarted_count=0
 full_count=0

Compilation events (10 events):
Event: 680.751 Thread 0x000001f6a82aa000 23538       4       com.jidesoft.swing.JideSwingUtilities::drawStringUnderlineCharAt (84 bytes)
Event: 680.751 Thread 0x000001f6a82aa000 nmethod 23538 0x000001f6ca2a5690 code [0x000001f6ca2a5820, 0x000001f6ca2a58a8]
Event: 680.754 Thread 0x000001f6a7ecb800 23539       3       com.jidesoft.docking.DockingUtils::a (85 bytes)
Event: 680.755 Thread 0x000001f6a7ecb800 nmethod 23539 0x000001f6c3bc9f10 code [0x000001f6c3bca1c0, 0x000001f6c3bcb520]
Event: 680.755 Thread 0x000001f6a82aa000 23540       4       javax.swing.DefaultComboBoxModel::getElementAt (26 bytes)
Event: 680.757 Thread 0x000001f6a82aa000 nmethod 23540 0x000001f6ca2a5990 code [0x000001f6ca2a5b40, 0x000001f6ca2a6018]
Event: 680.792 Thread 0x000001f6a82aa000 23542       4       java.awt.geom.RoundRectangle2D$Double::setRoundRect (35 bytes)
Event: 680.792 Thread 0x000001f6a82aa000 nmethod 23542 0x000001f6c93f6990 code [0x000001f6c93f6b20, 0x000001f6c93f6b98]
Event: 680.806 Thread 0x000001f6a82aa000 23543       4       de.javasoft.plaf.synthetica.SyntheticaMenuItemUI::resetRects (75 bytes)
Event: 680.807 Thread 0x000001f6a82aa000 nmethod 23543 0x000001f6ca2a6610 code [0x000001f6ca2a67a0, 0x000001f6ca2a6978]

GC Heap History (10 events):
Event: 665.896 GC heap before
{Heap before GC invocations=268 (full 59):
 garbage-first heap   total 309248K, used 99953K [0x0000000740000000, 0x0000000800000000)
  region size 1024K, 5 young (5120K), 0 survivors (0K)
 Metaspace       used 98855K, capacity 101727K, committed 101788K, reserved 1136640K
  class space    used 13622K, capacity 14904K, committed 14924K, reserved 1048576K
}
Event: 665.897 GC heap after
{Heap after GC invocations=269 (full 59):
 garbage-first heap   total 309248K, used 96034K [0x0000000740000000, 0x0000000800000000)
  region size 1024K, 1 young (1024K), 1 survivors (1024K)
 Metaspace       used 98855K, capacity 101727K, committed 101788K, reserved 1136640K
  class space    used 13622K, capacity 14904K, committed 14924K, reserved 1048576K
}
Event: 669.002 GC heap before
{Heap before GC invocations=269 (full 59):
 garbage-first heap   total 309248K, used 113442K [0x0000000740000000, 0x0000000800000000)
  region size 1024K, 19 young (19456K), 1 survivors (1024K)
 Metaspace       used 98858K, capacity 101727K, committed 101788K, reserved 1136640K
  class space    used 13622K, capacity 14904K, committed 14924K, reserved 1048576K
}
Event: 669.071 GC heap after
{Heap after GC invocations=270 (full 60):
 garbage-first heap   total 309248K, used 95519K [0x0000000740000000, 0x0000000800000000)
  region size 1024K, 0 young (0K), 0 survivors (0K)
 Metaspace       used 98858K, capacity 101727K, committed 101788K, reserved 1136640K
  class space    used 13622K, capacity 14904K, committed 14924K, reserved 1048576K
}
Event: 675.362 GC heap before
{Heap before GC invocations=270 (full 60):
 garbage-first heap   total 309248K, used 156959K [0x0000000740000000, 0x0000000800000000)
  region size 1024K, 60 young (61440K), 0 survivors (0K)
 Metaspace       used 98911K, capacity 101735K, committed 101788K, reserved 1136640K
  class space    used 13622K, capacity 14904K, committed 14924K, reserved 1048576K
}
Event: 675.364 GC heap after
{Heap after GC invocations=271 (full 60):
 garbage-first heap   total 309248K, used 95979K [0x0000000740000000, 0x0000000800000000)
  region size 1024K, 1 young (1024K), 1 survivors (1024K)
 Metaspace       used 98911K, capacity 101735K, committed 101788K, reserved 1136640K
  class space    used 13622K, capacity 14904K, committed 14924K, reserved 1048576K
}
Event: 679.735 GC heap before
{Heap before GC invocations=271 (full 60):
 garbage-first heap   total 309248K, used 156395K [0x0000000740000000, 0x0000000800000000)
  region size 1024K, 60 young (61440K), 1 survivors (1024K)
 Metaspace       used 98931K, capacity 101735K, committed 101788K, reserved 1136640K
  class space    used 13630K, capacity 14904K, committed 14924K, reserved 1048576K
}
Event: 679.738 GC heap after
{Heap after GC invocations=272 (full 60):
 garbage-first heap   total 309248K, used 96469K [0x0000000740000000, 0x0000000800000000)
  region size 1024K, 1 young (1024K), 1 survivors (1024K)
 Metaspace       used 98931K, capacity 101735K, committed 101788K, reserved 1136640K
  class space    used 13630K, capacity 14904K, committed 14924K, reserved 1048576K
}
Event: 680.770 GC heap before
{Heap before GC invocations=272 (full 60):
 garbage-first heap   total 309248K, used 159957K [0x0000000740000000, 0x0000000800000000)
  region size 1024K, 60 young (61440K), 1 survivors (1024K)
 Metaspace       used 98943K, capacity 101735K, committed 101788K, reserved 1136640K
  class space    used 13630K, capacity 14904K, committed 14924K, reserved 1048576K
}
Event: 680.772 GC heap after
{Heap after GC invocations=273 (full 60):
 garbage-first heap   total 309248K, used 99392K [0x0000000740000000, 0x0000000800000000)
  region size 1024K, 1 young (1024K), 1 survivors (1024K)
 Metaspace       used 98943K, capacity 101735K, committed 101788K, reserved 1136640K
  class space    used 13630K, capacity 14904K, committed 14924K, reserved 1048576K
}

Deoptimization events (10 events):
Event: 585.171 Thread 0x000001f6d04b8000 Uncommon trap: reason=class_check action=maybe_recompile pc=0x000001f6ca00d314 method=javax.swing.SwingUtilities.convertPointFromScreen(Ljava/awt/Point;Ljava/awt/Component;)V @ 29 c2
Event: 585.171 Thread 0x000001f6d04b8000 Uncommon trap: reason=class_check action=maybe_recompile pc=0x000001f6ca00d314 method=javax.swing.SwingUtilities.convertPointFromScreen(Ljava/awt/Point;Ljava/awt/Component;)V @ 29 c2
Event: 585.172 Thread 0x000001f6d04b8000 Uncommon trap: reason=bimorphic_or_optimized_type_check action=maybe_recompile pc=0x000001f6c95a5600 method=java.awt.LightweightDispatcher.eventDispatched(Ljava/awt/AWTEvent;)V @ 269 c2
Event: 665.835 Thread 0x000001f6d04b8000 Uncommon trap: reason=null_check action=make_not_entrant pc=0x000001f6ca243b18 method=ui.views.waveform.f.a.apV(Ljava/lang/String;)Ljavax/swing/Icon; @ 18 c2
Event: 676.763 Thread 0x000001f6ed15a000 Uncommon trap: reason=unstable_if action=reinterpret pc=0x000001f6c91dd194 method=ui.utils.lnf.b.run()V @ 274 c2
Event: 677.688 Thread 0x000001f6d0241800 Uncommon trap: reason=unstable_if action=reinterpret pc=0x000001f6c9c01ef4 method=java.util.concurrent.locks.AbstractQueuedSynchronizer.acquireInterruptibly(I)V @ 19 c2
Event: 678.386 Thread 0x000001f6d04b8000 Uncommon trap: reason=speculate_class_check action=maybe_recompile pc=0x000001f6c9fb59a8 method=javax.swing.plaf.basic.BasicLabelUI.paint(Ljava/awt/Graphics;Ljavax/swing/JComponent;)V @ 168 c2
Event: 678.392 Thread 0x000001f6d04b8000 Uncommon trap: reason=class_check action=maybe_recompile pc=0x000001f6c922abb4 method=javax.swing.AbstractButton.setEnabled(Z)V @ 21 c2
Event: 679.661 Thread 0x000001f6d04b8000 Uncommon trap: reason=bimorphic_or_optimized_type_check action=maybe_recompile pc=0x000001f6c95a5600 method=java.awt.LightweightDispatcher.eventDispatched(Ljava/awt/AWTEvent;)V @ 269 c2
Event: 680.734 Thread 0x000001f6d04b8000 Uncommon trap: reason=unstable_if action=reinterpret pc=0x000001f6c8f67040 method=java.awt.Container.clearCurrentFocusCycleRootOnHide()V @ 19 c2

Classes redefined (0 events):
No events

Internal exceptions (10 events):
Event: 660.004 Thread 0x000001f6d04b8000 Exception <a 'java/io/FileNotFoundException'{0x000000074f338808}> (0x000000074f338808) thrown at [t:/workspace/open/src/hotspot/share/prims/jni.cpp, line 615]
Event: 665.005 Thread 0x000001f6d04b8000 Exception <a 'java/io/FileNotFoundException'{0x000000074fcacf28}> (0x000000074fcacf28) thrown at [t:/workspace/open/src/hotspot/share/prims/jni.cpp, line 615]
Event: 665.005 Thread 0x000001f6d04b8000 Exception <a 'java/io/FileNotFoundException'{0x000000074fcad6d8}> (0x000000074fcad6d8) thrown at [t:/workspace/open/src/hotspot/share/prims/jni.cpp, line 615]
Event: 665.835 Thread 0x000001f6d04b8000 Implicit null exception at 0x000001f6ca23fe10 to 0x000001f6ca243af2
Event: 670.005 Thread 0x000001f6d04b8000 Exception <a 'java/io/FileNotFoundException'{0x0000000751b4a040}> (0x0000000751b4a040) thrown at [t:/workspace/open/src/hotspot/share/prims/jni.cpp, line 615]
Event: 670.005 Thread 0x000001f6d04b8000 Exception <a 'java/io/FileNotFoundException'{0x0000000751b4a7f0}> (0x0000000751b4a7f0) thrown at [t:/workspace/open/src/hotspot/share/prims/jni.cpp, line 615]
Event: 675.006 Thread 0x000001f6d04b8000 Exception <a 'java/io/FileNotFoundException'{0x00000007518578e8}> (0x00000007518578e8) thrown at [t:/workspace/open/src/hotspot/share/prims/jni.cpp, line 615]
Event: 675.006 Thread 0x000001f6d04b8000 Exception <a 'java/io/FileNotFoundException'{0x0000000751858098}> (0x0000000751858098) thrown at [t:/workspace/open/src/hotspot/share/prims/jni.cpp, line 615]
Event: 680.006 Thread 0x000001f6d04b8000 Exception <a 'java/io/FileNotFoundException'{0x0000000751497110}> (0x0000000751497110) thrown at [t:/workspace/open/src/hotspot/share/prims/jni.cpp, line 615]
Event: 680.007 Thread 0x000001f6d04b8000 Exception <a 'java/io/FileNotFoundException'{0x00000007514978c0}> (0x00000007514978c0) thrown at [t:/workspace/open/src/hotspot/share/prims/jni.cpp, line 615]

Events (10 events):
Event: 679.661 Thread 0x000001f6d04b8000 DEOPT UNPACKING pc=0x000001f6c11091af sp=0x0000008a2daf5738 mode 2
Event: 679.735 Executing VM operation: G1CollectForAllocation
Event: 679.738 Executing VM operation: G1CollectForAllocation done
Event: 680.274 Thread 0x000001f6837e1000 Thread added: 0x000001f6837e1000
Event: 680.278 Thread 0x000001f6837e1000 Thread exited: 0x000001f6837e1000
Event: 680.734 Thread 0x000001f6d04b8000 Uncommon trap: trap_request=0xffffff4d fr.pc=0x000001f6c8f67040 relative=0x0000000000000620
Event: 680.734 Thread 0x000001f6d04b8000 DEOPT PACKING pc=0x000001f6c8f67040 sp=0x0000008a2dafcdb0
Event: 680.734 Thread 0x000001f6d04b8000 DEOPT UNPACKING pc=0x000001f6c11091af sp=0x0000008a2dafcd68 mode 2
Event: 680.770 Executing VM operation: G1CollectForAllocation
Event: 680.772 Executing VM operation: G1CollectForAllocation done


Dynamic libraries:
0x00007ff6b4f30000 - 0x00007ff6b4f5f000 	C:\Xilinx\Vivado\2020.2\bin\unwrapped\win64.o\vivado.exe
0x00007ffddb400000 - 0x00007ffddb667000 	C:\Windows\SYSTEM32\ntdll.dll
0x00007ffdda100000 - 0x00007ffdda1c9000 	C:\Windows\System32\KERNEL32.DLL
0x00007ffdd80f0000 - 0x00007ffdd84e4000 	C:\Windows\System32\KERNELBASE.dll
0x00007ffdd7cd0000 - 0x00007ffdd7e1b000 	C:\Windows\System32\ucrtbase.dll
0x00007ffdad970000 - 0x00007ffdad9f9000 	C:\Windows\SYSTEM32\MSVCP140.dll
0x00007ffdabad0000 - 0x00007ffdabae3000 	C:\Xilinx\Vivado\2020.2\lib\win64.o\libboost_signals.dll
0x00007ffdad950000 - 0x00007ffdad96e000 	C:\Windows\SYSTEM32\VCRUNTIME140.dll
0x00007ffdaec60000 - 0x00007ffdaec6c000 	C:\Windows\SYSTEM32\VCRUNTIME140_1.dll
0x00007ffcf0f50000 - 0x00007ffcf20c7000 	C:\Xilinx\Vivado\2020.2\lib\win64.o\librdi_common.dll
0x00007ffdda980000 - 0x00007ffddab45000 	C:\Windows\System32\USER32.dll
0x00007ffdd2f10000 - 0x00007ffdd2f20000 	C:\Xilinx\Vivado\2020.2\lib\win64.o\libboost_date_time.dll
0x00007ffcf2ca0000 - 0x00007ffcf300e000 	C:\Xilinx\Vivado\2020.2\lib\win64.o\libCOIN-all.dll
0x00007ffdd7f50000 - 0x00007ffdd7f77000 	C:\Windows\System32\win32u.dll
0x00007ffdd9630000 - 0x00007ffdd965b000 	C:\Windows\System32\GDI32.dll
0x00007ffda7f20000 - 0x00007ffda7f42000 	C:\Xilinx\Vivado\2020.2\lib\win64.o\libboost_filesystem.dll
0x00007ffdd7e20000 - 0x00007ffdd7f4b000 	C:\Windows\System32\gdi32full.dll
0x00007ffcfc990000 - 0x00007ffcfca03000 	C:\Xilinx\Vivado\2020.2\lib\win64.o\libboost_program_options.dll
0x00007ffddab50000 - 0x00007ffddac06000 	C:\Windows\System32\ADVAPI32.dll
0x00007ffdd9580000 - 0x00007ffdd9629000 	C:\Windows\System32\msvcrt.dll
0x00007ffdd8ed0000 - 0x00007ffdd8f73000 	C:\Windows\System32\msvcp_win.dll
0x00007ffdd9190000 - 0x00007ffdd9237000 	C:\Windows\System32\sechost.dll
0x00007ffddac10000 - 0x00007ffddb377000 	C:\Windows\System32\SHELL32.dll
0x00007ffdd98d0000 - 0x00007ffdd99e8000 	C:\Windows\System32\RPCRT4.dll
0x00007ffdd8d60000 - 0x00007ffdd8eca000 	C:\Windows\System32\wintypes.dll
0x00007ffcf8f90000 - 0x00007ffcf90a1000 	C:\Xilinx\Vivado\2020.2\lib\win64.o\libboost_regex.dll
0x00007ffdda5f0000 - 0x00007ffdda972000 	C:\Windows\System32\combase.dll
0x00007ffdda070000 - 0x00007ffdda0f0000 	C:\Windows\System32\WS2_32.dll
0x00007ffdcffb0000 - 0x00007ffdcffb9000 	C:\Xilinx\Vivado\2020.2\lib\win64.o\libboost_system.dll
0x00007ffda8940000 - 0x00007ffda895e000 	C:\Xilinx\Vivado\2020.2\lib\win64.o\libboost_thread.dll
0x00007ffdcfbd0000 - 0x00007ffdcfbdc000 	C:\Xilinx\Vivado\2020.2\lib\win64.o\libboost_xilinx.dll
0x00007ffcf8b20000 - 0x00007ffcf8bc5000 	C:\Xilinx\Vivado\2020.2\lib\win64.o\libhdxml.dll
0x00007ffcf8f00000 - 0x00007ffcf8f82000 	C:\Xilinx\Vivado\2020.2\lib\win64.o\libhdlpsolve.dll
0x00007ffcf9440000 - 0x00007ffcf94a5000 	C:\Xilinx\Vivado\2020.2\lib\win64.o\liblmx6.0.dll
0x00007ffda3830000 - 0x00007ffda3858000 	C:\Xilinx\Vivado\2020.2\lib\win64.o\libisl_sysinfo.dll
0x00007ffda8900000 - 0x00007ffda891a000 	C:\Xilinx\Vivado\2020.2\lib\win64.o\pthreadVC2.dll
0x00007ffcf4400000 - 0x00007ffcf4599000 	C:\Xilinx\Vivado\2020.2\lib\win64.o\librdi_commonxillic.dll
0x00007ffd89ad0000 - 0x00007ffd89aec000 	C:\Xilinx\Vivado\2020.2\lib\win64.o\librdiconfig.dll
0x00007ffd85cb0000 - 0x00007ffd85cd1000 	C:\Xilinx\Vivado\2020.2\lib\win64.o\librdizlib.dll
0x00007ffdd93e0000 - 0x00007ffdd9446000 	C:\Windows\System32\SHLWAPI.dll
0x00007ffdd84f0000 - 0x00007ffdd8d58000 	C:\Windows\System32\Windows.Storage.dll
0x00000000726f0000 - 0x000000007281b000 	C:\Xilinx\Vivado\2020.2\lib\win64.o\tcl85t.dll
0x0000000012000000 - 0x0000000012270000 	C:\Xilinx\Vivado\2020.2\lib\win64.o\xerces-c_3_1.dll
0x00007ffdb29e0000 - 0x00007ffdb29fa000 	C:\Windows\SYSTEM32\NETAPI32.dll
0x00007ffdb7ed0000 - 0x00007ffdb8165000 	C:\Windows\SYSTEM32\WININET.dll
0x00007ffdd1960000 - 0x00007ffdd1a8d000 	C:\Windows\SYSTEM32\WINHTTP.dll
0x00007ffdbb5e0000 - 0x00007ffdbb7bf000 	C:\Windows\SYSTEM32\urlmon.dll
0x00007ffdb4730000 - 0x00007ffdb473a000 	C:\Windows\SYSTEM32\WSOCK32.dll
0x00007ffcf0150000 - 0x00007ffcf0f42600 	C:\Xilinx\Vivado\2020.2\lib\win64.o\libisl_iostreams.dll
0x00007ffd847f0000 - 0x00007ffd84820000 	C:\Windows\SYSTEM32\VCOMP140.DLL
0x00007ffcee230000 - 0x00007ffcf0147000 	C:\Xilinx\Vivado\2020.2\lib\win64.o\gurobi90.dll
0x00007ffdd8f80000 - 0x00007ffdd90f7000 	C:\Windows\System32\CRYPT32.dll
0x00007ffdd7bc0000 - 0x00007ffdd7bea000 	C:\Windows\SYSTEM32\bcrypt.dll
0x00007ffdda3e0000 - 0x00007ffdda452000 	C:\Windows\System32\WLDAP32.dll
0x00007ffdda3d0000 - 0x00007ffdda3d8000 	C:\Windows\System32\Normaliz.dll
0x00007ffdb0720000 - 0x00007ffdb072c000 	C:\Xilinx\Vivado\2020.2\lib\win64.o\libboost_chrono.dll
0x00007ffcf29c0000 - 0x00007ffcf2c9b000 	C:\Xilinx\Vivado\2020.2\lib\win64.o\libXil_lmgr11.dll
0x00007ffdd9660000 - 0x00007ffdd974f000 	C:\Windows\System32\COMDLG32.dll
0x00007ffdda4e0000 - 0x00007ffdda5d8000 	C:\Windows\System32\shcore.dll
0x00007ffdbb310000 - 0x00007ffdbb5d4000 	C:\Windows\SYSTEM32\iertutil.dll
0x00007ffdd9450000 - 0x00007ffdd9528000 	C:\Windows\System32\OLEAUT32.dll
0x00007ffd89ab0000 - 0x00007ffd89ac6000 	C:\Xilinx\Vivado\2020.2\lib\win64.o\libboost_iostreams.dll
0x00007ffdd9240000 - 0x00007ffdd93d7000 	C:\Windows\System32\ole32.dll
0x00007ffd7de90000 - 0x00007ffd7deb3000 	C:\Xilinx\Vivado\2020.2\lib\win64.o\libisl_iosutils.dll
0x00007ffdd9100000 - 0x00007ffdd9182000 	C:\Windows\System32\WINTRUST.dll
0x00007ffdbcab0000 - 0x00007ffdbcad9000 	C:\Windows\SYSTEM32\srvcli.dll
0x00007ffdd63c0000 - 0x00007ffdd63cd000 	C:\Windows\SYSTEM32\netutils.dll
0x00007ffdcfb00000 - 0x00007ffdcfbb5000 	C:\Windows\WinSxS\amd64_microsoft.windows.common-controls_6595b64144ccf1df_5.82.26100.8115_none_87ecef177a2e8a19\COMCTL32.dll
0x00007ffdd2040000 - 0x00007ffdd2065000 	C:\Windows\SYSTEM32\dhcpcsvc.DLL
0x00007ffdd6fd0000 - 0x00007ffdd703c000 	C:\Windows\SYSTEM32\MSWSOCK.DLL
0x00007ffd7de70000 - 0x00007ffd7de88000 	C:\Xilinx\Vivado\2020.2\lib\win64.o\librdi_commonmain.dll
0x00007ffdae950000 - 0x00007ffdae959000 	C:\Xilinx\Vivado\2020.2\lib\win64.o\librdi_commonversion.dll
0x00007ffddb380000 - 0x00007ffddb3b2000 	C:\Windows\System32\IMM32.DLL
0x00007ffdd7320000 - 0x00007ffdd7333000 	C:\Windows\SYSTEM32\MSASN1.dll
0x00007ffdd6a60000 - 0x00007ffdd6a7b000 	C:\Windows\SYSTEM32\kernel.appcore.dll
0x00007ffcedd00000 - 0x00007ffcee222000 	C:\Xilinx\Vivado\2020.2\lib\win64.o\librdi_commontasks.dll
0x00007ffdd0860000 - 0x00007ffdd086b000 	C:\Windows\SYSTEM32\VERSION.dll
0x00007ffcf2650000 - 0x00007ffcf2925000 	C:\Xilinx\Vivado\2020.2\lib\win64.o\librdi_sio.dll
0x00007ffdd6470000 - 0x00007ffdd64a2000 	C:\Windows\SYSTEM32\IPHLPAPI.DLL
0x00007ffced1d0000 - 0x00007ffcedcf3000 	C:\Xilinx\Vivado\2020.2\tps\win64\jre11.0.2\bin\server\jvm.dll
0x00007ffdda5e0000 - 0x00007ffdda5e8000 	C:\Windows\System32\PSAPI.DLL
0x00007ffdcea20000 - 0x00007ffdcea56000 	C:\Windows\SYSTEM32\WINMM.dll
0x00007ffcea710000 - 0x00007ffced1ce000 	C:\Xilinx\Vivado\2020.2\lib\win64.o\librdi_tcltasks.dll
0x00007ffcf3a70000 - 0x00007ffcf3aee000 	C:\Xilinx\Vivado\2020.2\lib\win64.o\librdi_boarddep.dll
0x00007ffcea260000 - 0x00007ffcea706000 	C:\Xilinx\Vivado\2020.2\lib\win64.o\librdi_bitstream.dll
0x00007ffcf3970000 - 0x00007ffcf3a66000 	C:\Xilinx\Vivado\2020.2\lib\win64.o\librdi_chipscope.dll
0x00007ffcea0a0000 - 0x00007ffcea253000 	C:\Xilinx\Vivado\2020.2\lib\win64.o\librdi_board.dll
0x00007ffce9eb0000 - 0x00007ffcea09a000 	C:\Xilinx\Vivado\2020.2\lib\win64.o\librdi_chipscopeimpl.dll
0x00007ffcf24e0000 - 0x00007ffcf2641000 	C:\Xilinx\Vivado\2020.2\lib\win64.o\librdi_containers.dll
0x00007ffce8140000 - 0x00007ffce9ea1000 	C:\Xilinx\Vivado\2020.2\lib\win64.o\librdi_designutils.dll
0x00007ffce6310000 - 0x00007ffce813c000 	C:\Xilinx\Vivado\2020.2\lib\win64.o\librdi_constraints.dll
0x00007ffce5fa0000 - 0x00007ffce6308000 	C:\Xilinx\Vivado\2020.2\lib\win64.o\librdi_dlyest.dll
0x00007ffce3be0000 - 0x00007ffce5f9d000 	C:\Xilinx\Vivado\2020.2\lib\win64.o\librdi_coregen.dll
0x00007ffce3580000 - 0x00007ffce3bdd000 	C:\Xilinx\Vivado\2020.2\lib\win64.o\librdi_drc.dll
0x00007ffcf3760000 - 0x00007ffcf3813000 	C:\Xilinx\Vivado\2020.2\lib\win64.o\librdi_dsp.dll
0x00007ffce2e60000 - 0x00007ffce3578000 	C:\Xilinx\Vivado\2020.2\lib\win64.o\librdi_coregenipxact.dll
0x00007ffcf36f0000 - 0x00007ffcf375b000 	C:\Xilinx\Vivado\2020.2\lib\win64.o\librdi_hdf.dll
0x00007ffce2b40000 - 0x00007ffce2e5d000 	C:\Xilinx\Vivado\2020.2\lib\win64.o\librdi_guitools.dll
0x00007ffce28c0000 - 0x00007ffce2b37000 	C:\Xilinx\Vivado\2020.2\lib\win64.o\librdi_hip_devdesign.dll
0x00007ffce2770000 - 0x00007ffce28b7000 	C:\Xilinx\Vivado\2020.2\lib\win64.o\librdi_hip_perf_analysis.dll
0x00007ffce20a0000 - 0x00007ffce2762000 	C:\Xilinx\Vivado\2020.2\lib\win64.o\librdi_filemgmt.dll
0x00007ffce1a50000 - 0x00007ffce209c000 	C:\Xilinx\Vivado\2020.2\lib\win64.o\librdi_memdata.dll
0x00007ffcf23e0000 - 0x00007ffcf2452000 	C:\Xilinx\Vivado\2020.2\lib\win64.o\librdi_memoryarray.dll
0x00007ffcdfe70000 - 0x00007ffce1a44000 	C:\Xilinx\Vivado\2020.2\lib\win64.o\librdi_implflow.dll
0x00007ffcc7890000 - 0x00007ffcdfe6f000 	C:\Xilinx\Vivado\2020.2\lib\win64.o\librdi_device.dll
0x00007ffcc5440000 - 0x00007ffcc7884000 	C:\Xilinx\Vivado\2020.2\lib\win64.o\librdi_mig.dll
0x00007ffd4c890000 - 0x00007ffd4c8e4000 	C:\Xilinx\Vivado\2020.2\lib\win64.o\librdi_pfi.dll
0x00007ffcc4c20000 - 0x00007ffcc5437000 	C:\Xilinx\Vivado\2020.2\lib\win64.o\librdi_power.dll
0x00007ffcc44f0000 - 0x00007ffcc4c1c000 	C:\Xilinx\Vivado\2020.2\lib\win64.o\librdi_netlist.dll
0x00007ffcc4150000 - 0x00007ffcc44ee000 	C:\Xilinx\Vivado\2020.2\lib\win64.o\librdi_platform.dll
0x00007ffcc3a20000 - 0x00007ffcc4142000 	C:\Xilinx\Vivado\2020.2\lib\win64.o\librdi_psta.dll
0x00007ffcc3210000 - 0x00007ffcc3a1c000 	C:\Xilinx\Vivado\2020.2\lib\win64.o\librdi_rsb.dll
0x00007ffcc2ce0000 - 0x00007ffcc320b000 	C:\Xilinx\Vivado\2020.2\lib\win64.o\librdi_runs.dll
0x00007ffcc2660000 - 0x00007ffcc2cd4000 	C:\Xilinx\Vivado\2020.2\lib\win64.o\librdi_project.dll
0x00007ffcc2550000 - 0x00007ffcc2659000 	C:\Xilinx\Vivado\2020.2\lib\win64.o\librdi_runsbase.dll
0x00007ffcbf340000 - 0x00007ffcc2547000 	C:\Xilinx\Vivado\2020.2\lib\win64.o\librdi_place.dll
0x00007ffcbf0c0000 - 0x00007ffcbf334000 	C:\Xilinx\Vivado\2020.2\lib\win64.o\librdi_simdata.dll
0x00007ffcbefa0000 - 0x00007ffcbf0b6000 	C:\Xilinx\Vivado\2020.2\lib\win64.o\librdi_xhub.dll
0x00007ffcbe010000 - 0x00007ffcbef91000 	C:\Xilinx\Vivado\2020.2\lib\win64.o\librdi_timing.dll
0x00007ffd64e10000 - 0x00007ffd64e57000 	C:\Xilinx\Vivado\2020.2\lib\win64.o\libboost_serialization.dll
0x00007ffcbdf60000 - 0x00007ffcbe007000 	C:\Xilinx\Vivado\2020.2\lib\win64.o\librdi_xhubtasks.dll
0x00007ffcbdd70000 - 0x00007ffcbdf5b000 	C:\Xilinx\Vivado\2020.2\lib\win64.o\librdi_advchipscopeimpl.dll
0x00007ffcbdd00000 - 0x00007ffcbdd6a000 	C:\Xilinx\Vivado\2020.2\lib\win64.o\librdi_noc_frameworks.dll
0x00007ffcbd0b0000 - 0x00007ffcbd19b000 	C:\Xilinx\Vivado\2020.2\lib\win64.o\librdi_ipconfig_readwrite.dll
0x00007ffcbd1a0000 - 0x00007ffcbdcf6000 	C:\Xilinx\Vivado\2020.2\lib\win64.o\libverific.dll
0x00007ffcbcdb0000 - 0x00007ffcbd0ab000 	C:\Xilinx\Vivado\2020.2\lib\win64.o\librdi_hip_config.dll
0x00007ffcbcd10000 - 0x00007ffcbcdae000 	C:\Xilinx\Vivado\2020.2\lib\win64.o\libise.dll
0x00007ffcbc7c0000 - 0x00007ffcbcd0e000 	C:\Xilinx\Vivado\2020.2\lib\win64.o\librdi_xdm.dll

dbghelp: loaded successfully - version: 4.0.5 - missing functions: none
symbol engine: initialized successfully - sym options: 0x614 - pdb path: .;C:\Xilinx\Vivado\2020.2\bin\unwrapped\win64.o;C:\Windows\SYSTEM32;C:\Xilinx\Vivado\2020.2\lib\win64.o;C:\Windows\WinSxS\amd64_microsoft.windows.common-controls_6595b64144ccf1df_5.82.26100.8115_none_87ecef177a2e8a19;C:\Xilinx\Vivado\2020.2\tps\win64\jre11.0.2\bin\server;C:\Xilinx\Vivado\2020.2\tps\win64\python-3.8.3;C:\Xilinx\Vivado\2020.2\tps\win64\jre11.0.2\bin;C:\ProgramData\A-Volute\A-Volute.Nahimic\Modules\Scheduled\x64;C:\Windows\WinSxS\amd64_microsoft.windows.common-controls_6595b64144ccf1df_6.0.26100.8115_none_3e075c82e3354f9c

VM Arguments:
jvm_args: -Dsun.java2d.pmoffscreen=false -Dhttps.protocols=TLSv1,TLSv1.1,TLSv1.2 -Dsun.java2d.xrender=false -Dsun.java2d.d3d=false -Dsun.awt.nopixfmt=true -Dsun.java2d.dpiaware=true -Dsun.java2d.uiScale.enabled=false -Xverify:none -Dswing.aatext=true -XX:-UsePerfData -Djdk.map.althashing.threshold=512 -XX:StringTableSize=4072 --add-opens=java.base/java.nio=ALL-UNNAMED --add-opens=java.desktop/sun.swing=ALL-UNNAMED --add-opens=java.desktop/javax.swing=ALL-UNNAMED --add-opens=java.desktop/javax.swing.tree=ALL-UNNAMED --add-opens=java.desktop/javax.swing.plaf.basic=ALL-UNNAMED --add-opens=java.desktop/javax.swing.plaf.synth=ALL-UNNAMED --add-opens=java.desktop/com.sun.awt=ALL-UNNAMED -XX:NewSize=60m -XX:MaxNewSize=60m -Xms128m -Xmx3072m -Xss5m 
java_command: <unknown>
java_class_path (initial): C:/Xilinx/Vivado/2020.2\lib\classes\alloy.jar;C:/Xilinx/Vivado/2020.2\lib\classes\ArchiveSummary.jar;C:/Xilinx/Vivado/2020.2\lib\classes\autoesl-models.jar;C:/Xilinx/Vivado/2020.2\lib\classes\autopilot.scelaborator.jar;C:/Xilinx/Vivado/2020.2\lib\classes\autopilot.sourceprocessor.jar;C:/Xilinx/Vivado/2020.2\lib\classes\autopilot.tbprocessor.jar;C:/Xilinx/Vivado/2020.2\lib\classes\batik-anim.jar;C:/Xilinx/Vivado/2020.2\lib\classes\batik-awt-util.jar;C:/Xilinx/Vivado/2020.2\lib\classes\batik-bridge.jar;C:/Xilinx/Vivado/2020.2\lib\classes\batik-codec.jar;C:/Xilinx/Vivado/2020.2\lib\classes\batik-css.jar;C:/Xilinx/Vivado/2020.2\lib\classes\batik-dom.jar;C:/Xilinx/Vivado/2020.2\lib\classes\batik-ext.jar;C:/Xilinx/Vivado/2020.2\lib\classes\batik-gui-util.jar;C:/Xilinx/Vivado/2020.2\lib\classes\batik-gvt.jar;C:/Xilinx/Vivado/2020.2\lib\classes\batik-parser.jar;C:/Xilinx/Vivado/2020.2\lib\classes\batik-script.jar;C:/Xilinx/Vivado/2020.2\lib\classes\batik-svg-dom.jar;C:/Xilinx/Vivado/2020.2\lib\classes\batik-swing.jar;C:/Xilinx/Vivado/2020.2\lib\classes\batik-transcoder.jar;C:/Xilinx/Vivado/2020.2\lib\classes\batik-util.jar;C:/Xilinx/Vivado/2020.2\lib\classes\batik-xml.jar;C:/Xilinx/Vivado/2020.2\lib\classes\com.google.gson_2.8.2.v20180104-1110.jar;C:/Xilinx/Vivado/2020.2\lib\classes\com.google.guava_27.1.0.v20190517-1946.jar;C:/Xilinx/Vivado/2020.2\lib\classes\com.ibm.icu_4.4.2.v20110208.jar;C:/Xilinx/Vivado/2020.2\lib\classes\com.sigasi.hdt.connection_4.9.0.202009050929.jar;C:/Xilinx/Vivado/2020.2\lib\classes\com.sigasi.hdt.epl_4.9.0.202009050929.jar;C:/Xilinx/Vivado/2020.2\lib\classes\com.sigasi.hdt.project_4.9.0.202009050929.jar;C:/Xilinx/Vivado/2020.2\lib\classes\com.sigasi.hdt.readonlyfilesystem_4.9.0.202009050929.jar;C:/Xilinx/Vivado/2020.2\lib\classes\com.sigasi.lcm_4.9.0.202009050929.jar;C:/Xilinx/Vivado/2020.2\lib\classes\com.sigasi.sdk.client_4.9.0.202009050929.jar;C:/Xilinx/Vivado/2020.2\lib\classes\com.xilinx.hls.services.jar;C:/Xili
Launcher Type: generic

[Global flags]
     bool BytecodeVerificationLocal                = false                                     {product} {command line}
     bool BytecodeVerificationRemote               = false                                     {product} {command line}
     intx CICompilerCount                          = 4                                         {product} {ergonomic}
     uint ConcGCThreads                            = 2                                         {product} {ergonomic}
     uint G1ConcRefinementThreads                  = 8                                         {product} {ergonomic}
   size_t G1HeapRegionSize                         = 1048576                                   {product} {ergonomic}
    uintx GCDrainStackTargetSize                   = 64                                        {product} {ergonomic}
   size_t InitialHeapSize                          = 134217728                                 {product} {command line}
   size_t MarkStackSize                            = 4194304                                   {product} {ergonomic}
   size_t MaxHeapSize                              = 3221225472                                {product} {command line}
   size_t MaxNewSize                               = 62914560                                  {product} {command line}
   size_t MinHeapDeltaBytes                        = 1048576                                   {product} {ergonomic}
   size_t NewSize                                  = 62914560                                  {product} {command line}
    uintx NonNMethodCodeHeapSize                   = 5835340                                {pd product} {ergonomic}
    uintx NonProfiledCodeHeapSize                  = 122911450                              {pd product} {ergonomic}
    uintx ProfiledCodeHeapSize                     = 122911450                              {pd product} {ergonomic}
    uintx ReservedCodeCacheSize                    = 251658240                              {pd product} {ergonomic}
     bool SegmentedCodeCache                       = true                                      {product} {ergonomic}
    uintx StringTableSize                          = 4072                                      {product} {command line}
     intx ThreadStackSize                          = 5120                                   {pd product} {command line}
     bool UseCompressedClassPointers               = true                                 {lp64_product} {ergonomic}
     bool UseCompressedOops                        = true                                 {lp64_product} {ergonomic}
     bool UseG1GC                                  = true                                      {product} {ergonomic}
     bool UseLargePagesIndividualAllocation        = false                                  {pd product} {ergonomic}
     bool UsePerfData                              = false                                     {product} {command line}

Logging:
Log output configuration:
 #0: stdout all=warning uptime,level,tags
 #1: stderr all=off uptime,level,tags

Environment Variables:
JAVA_HOME=C:\Program Files\Java\jdk1.8.0_202
PATH=C:/Xilinx/Vivado/2020.2\gnuwin\bin;C:/Xilinx/Vivado/2020.2\gnu\microblaze\nt\bin;C:/Xilinx/Vivado/2020.2/bin;C:/Xilinx/Vivado/2020.2/tps/win64/javafx-sdk-11.0.2/lib;C:/Xilinx/Vivado/2020.2/tps/win64/javafx-sdk-11.0.2/bin;C:/Xilinx/Vivado/2020.2/lib/win64.o;C:/Xilinx/Vivado/2020.2/tps/win64/jre11.0.2/bin/server;C:/Xilinx/Vivado/2020.2/tps/win64/jre11.0.2/bin;C:/Xilinx/Vitis/2020.2/bin;C:/Xilinx/Vivado/2020.2/ids_lite/ISE/bin/nt64;C:/Xilinx/Vivado/2020.2/ids_lite/ISE/lib/nt64;C:/Xilinx/Vitis_HLS/2020.2/bin;C:\Program Files (x86)\Common Files\Oracle\Java\javapath;C:\Windows\system32;C:\Windows;C:\Windows\System32\Wbem;C:\Windows\System32\WindowsPowerShell\v1.0\;C:\Windows\System32\OpenSSH\;C:\Program Files (x86)\NVIDIA Corporation\PhysX\Common;C:\Program Files\NVIDIA Corporation\NVIDIA App\NvDLISR;C:\Program Files\Java\jdk1.8.0_202;C:\Users\jaswa\AppData\Local\Microsoft\WindowsApps;;C:/Xilinx/Vivado/2020.2\tps\mingw\6.2.0\win64.o\nt\bin;C:/Xilinx/Vivado/2020.2\tps\mingw\6.2.0\win64.o\nt\libexec\gcc\x86_64-w64-mingw32\6.2.0;C:/Xilinx/Vivado/2020.2\tps\win64\python-3.8.3;C:/Xilinx/Vivado/2020.2\tps\win64\python-3.8.3\bin;C:/Xilinx/Vivado/2020.2\tps\win64\python-3.8.3\lib;C:/Xilinx/Vivado/2020.2\tps\win64\python-3.8.3\lib\site-packages
USERNAME=jaswa
OS=Windows_NT
PROCESSOR_IDENTIFIER=AMD64 Family 25 Model 68 Stepping 1, AuthenticAMD



---------------  S Y S T E M  ---------------

OS: Windows 10 , 64 bit Build 26100 (10.0.26100.8246)

CPU:total 8 (initial active 8) (8 cores per cpu, 2 threads per core) family 25 model 68 stepping 1, cmov, cx8, fxsr, mmx, sse, sse2, sse3, ssse3, sse4.1, sse4.2, popcnt, avx, avx2, aes, clmul, erms, mmxext, 3dnowpref, lzcnt, sse4a, ht, tsc, tscinvbit, tscinv, bmi1, bmi2, adx, sha, fma

Memory: 4k page, system-wide physical 24260M (14387M free)
TotalPageFile size 25796M (AvailPageFile size 13044M)
current process WorkingSet (physical memory assigned to process): 1470M, peak: 1531M
current process commit charge ("private bytes"): 1521M, peak: 1609M

vm_info: OpenJDK 64-Bit Server VM (11.0.2+9) for windows-amd64 JRE (11.0.2+9), built on Jan 18 2019 05:23:22 by "mach5one" with MS VC++ 15.5 (VS2017)

END.
